Archive member included to satisfy reference by file (symbol)

d:/program files/stm32cubeide_1.11.2/stm32cubeide/plugins/com.st.stm32cube.ide.mcu.externaltools.gnu-tools-for-stm32.10.3-2021.10.win32_1.0.200.202301161003/tools/bin/../lib/gcc/arm-none-eabi/10.3.1/../../../../arm-none-eabi/lib/thumb/v7e-m+fp/hard\libc_nano.a(lib_a-errno.o)
                              ./Core/Src/syscalls.o (__errno)
d:/program files/stm32cubeide_1.11.2/stm32cubeide/plugins/com.st.stm32cube.ide.mcu.externaltools.gnu-tools-for-stm32.10.3-2021.10.win32_1.0.200.202301161003/tools/bin/../lib/gcc/arm-none-eabi/10.3.1/../../../../arm-none-eabi/lib/thumb/v7e-m+fp/hard\libc_nano.a(lib_a-exit.o)
                              d:/program files/stm32cubeide_1.11.2/stm32cubeide/plugins/com.st.stm32cube.ide.mcu.externaltools.gnu-tools-for-stm32.10.3-2021.10.win32_1.0.200.202301161003/tools/bin/../lib/gcc/arm-none-eabi/10.3.1/../../../../arm-none-eabi/lib/thumb/v7e-m+fp/hard/crt0.o (exit)
d:/program files/stm32cubeide_1.11.2/stm32cubeide/plugins/com.st.stm32cube.ide.mcu.externaltools.gnu-tools-for-stm32.10.3-2021.10.win32_1.0.200.202301161003/tools/bin/../lib/gcc/arm-none-eabi/10.3.1/../../../../arm-none-eabi/lib/thumb/v7e-m+fp/hard\libc_nano.a(lib_a-impure.o)
                              d:/program files/stm32cubeide_1.11.2/stm32cubeide/plugins/com.st.stm32cube.ide.mcu.externaltools.gnu-tools-for-stm32.10.3-2021.10.win32_1.0.200.202301161003/tools/bin/../lib/gcc/arm-none-eabi/10.3.1/../../../../arm-none-eabi/lib/thumb/v7e-m+fp/hard\libc_nano.a(lib_a-exit.o) (_global_impure_ptr)
d:/program files/stm32cubeide_1.11.2/stm32cubeide/plugins/com.st.stm32cube.ide.mcu.externaltools.gnu-tools-for-stm32.10.3-2021.10.win32_1.0.200.202301161003/tools/bin/../lib/gcc/arm-none-eabi/10.3.1/../../../../arm-none-eabi/lib/thumb/v7e-m+fp/hard\libc_nano.a(lib_a-init.o)
                              d:/program files/stm32cubeide_1.11.2/stm32cubeide/plugins/com.st.stm32cube.ide.mcu.externaltools.gnu-tools-for-stm32.10.3-2021.10.win32_1.0.200.202301161003/tools/bin/../lib/gcc/arm-none-eabi/10.3.1/../../../../arm-none-eabi/lib/thumb/v7e-m+fp/hard/crt0.o (__libc_init_array)
d:/program files/stm32cubeide_1.11.2/stm32cubeide/plugins/com.st.stm32cube.ide.mcu.externaltools.gnu-tools-for-stm32.10.3-2021.10.win32_1.0.200.202301161003/tools/bin/../lib/gcc/arm-none-eabi/10.3.1/../../../../arm-none-eabi/lib/thumb/v7e-m+fp/hard\libc_nano.a(lib_a-itoa.o)
                              ./Core/Src/sd.o (itoa)
d:/program files/stm32cubeide_1.11.2/stm32cubeide/plugins/com.st.stm32cube.ide.mcu.externaltools.gnu-tools-for-stm32.10.3-2021.10.win32_1.0.200.202301161003/tools/bin/../lib/gcc/arm-none-eabi/10.3.1/../../../../arm-none-eabi/lib/thumb/v7e-m+fp/hard\libc_nano.a(lib_a-malloc.o)
                              ./Core/Src/st7735.o (malloc)
d:/program files/stm32cubeide_1.11.2/stm32cubeide/plugins/com.st.stm32cube.ide.mcu.externaltools.gnu-tools-for-stm32.10.3-2021.10.win32_1.0.200.202301161003/tools/bin/../lib/gcc/arm-none-eabi/10.3.1/../../../../arm-none-eabi/lib/thumb/v7e-m+fp/hard\libc_nano.a(lib_a-memset.o)
                              d:/program files/stm32cubeide_1.11.2/stm32cubeide/plugins/com.st.stm32cube.ide.mcu.externaltools.gnu-tools-for-stm32.10.3-2021.10.win32_1.0.200.202301161003/tools/bin/../lib/gcc/arm-none-eabi/10.3.1/../../../../arm-none-eabi/lib/thumb/v7e-m+fp/hard/crt0.o (memset)
d:/program files/stm32cubeide_1.11.2/stm32cubeide/plugins/com.st.stm32cube.ide.mcu.externaltools.gnu-tools-for-stm32.10.3-2021.10.win32_1.0.200.202301161003/tools/bin/../lib/gcc/arm-none-eabi/10.3.1/../../../../arm-none-eabi/lib/thumb/v7e-m+fp/hard\libc_nano.a(lib_a-nano-freer.o)
                              d:/program files/stm32cubeide_1.11.2/stm32cubeide/plugins/com.st.stm32cube.ide.mcu.externaltools.gnu-tools-for-stm32.10.3-2021.10.win32_1.0.200.202301161003/tools/bin/../lib/gcc/arm-none-eabi/10.3.1/../../../../arm-none-eabi/lib/thumb/v7e-m+fp/hard\libc_nano.a(lib_a-malloc.o) (_free_r)
d:/program files/stm32cubeide_1.11.2/stm32cubeide/plugins/com.st.stm32cube.ide.mcu.externaltools.gnu-tools-for-stm32.10.3-2021.10.win32_1.0.200.202301161003/tools/bin/../lib/gcc/arm-none-eabi/10.3.1/../../../../arm-none-eabi/lib/thumb/v7e-m+fp/hard\libc_nano.a(lib_a-nano-mallocr.o)
                              d:/program files/stm32cubeide_1.11.2/stm32cubeide/plugins/com.st.stm32cube.ide.mcu.externaltools.gnu-tools-for-stm32.10.3-2021.10.win32_1.0.200.202301161003/tools/bin/../lib/gcc/arm-none-eabi/10.3.1/../../../../arm-none-eabi/lib/thumb/v7e-m+fp/hard\libc_nano.a(lib_a-malloc.o) (_malloc_r)
d:/program files/stm32cubeide_1.11.2/stm32cubeide/plugins/com.st.stm32cube.ide.mcu.externaltools.gnu-tools-for-stm32.10.3-2021.10.win32_1.0.200.202301161003/tools/bin/../lib/gcc/arm-none-eabi/10.3.1/../../../../arm-none-eabi/lib/thumb/v7e-m+fp/hard\libc_nano.a(lib_a-sbrkr.o)
[...]
Memory Configuration

Name             Origin             Length             Attributes
RAM              0x0000000020000000 0x0000000000010000 xrw
FLASH            0x0000000008000000 0x0000000000040000 xr
*default*        0x0000000000000000 0xffffffffffffffff

Linker script and memory map

LOAD d:/program files/stm32cubeide_1.11.2/stm32cubeide/plugins/com.st.stm32cube.ide.mcu.externaltools.gnu-tools-for-stm32.10.3-2021.10.win32_1.0.200.202301161003/tools/bin/../lib/gcc/arm-none-eabi/10.3.1/thumb/v7e-m+fp/hard/crti.o
LOAD d:/program files/stm32cubeide_1.11.2/stm32cubeide/plugins/com.st.stm32cube.ide.mcu.externaltools.gnu-tools-for-stm32.10.3-2021.10.win32_1.0.200.202301161003/tools/bin/../lib/gcc/arm-none-eabi/10.3.1/thumb/v7e-m+fp/hard/crtbegin.o
LOAD d:/program files/stm32cubeide_1.11.2/stm32cubeide/plugins/com.st.stm32cube.ide.mcu.externaltools.gnu-tools-for-stm32.10.3-2021.10.win32_1.0.200.202301161003/tools/bin/../lib/gcc/arm-none-eabi/10.3.1/../../../../arm-none-eabi/lib/thumb/v7e-m+fp/hard/crt0.o
LOAD ./Core/Src/adc.o
LOAD ./Core/Src/display.o
LOAD ./Core/Src/fonts.o
LOAD ./Core/Src/game.o
LOAD ./Core/Src/gpio.o
LOAD ./Core/Src/main.o
LOAD ./Core/Src/sd.o
LOAD ./Core/Src/spi.o
LOAD ./Core/Src/st7735.o
LOAD ./Core/Src/stm32f4xx_hal_msp.o
LOAD ./Core/Src/stm32f4xx_it.o
LOAD ./Core/Src/syscalls.o
LOAD ./Core/Src/sysmem.o
LOAD ./Core/Src/system_stm32f4xx.o
LOAD ./Core/Src/tim.o
LOAD ./Core/Src/user_diskio_spi.o
LOAD ./Core/Startup/startup_stm32f401ccux.o
LOAD ./Drivers/STM32F4xx_HAL_Driver/Src/stm32f4xx_hal.o
LOAD ./Drivers/STM32F4xx_HAL_Driver/Src/stm32f4xx_hal_adc.o
LOAD ./Drivers/STM32F4xx_HAL_Driver/Src/stm32f4xx_hal_adc_ex.o
LOAD ./Drivers/STM32F4xx_HAL_Driver/Src/stm32f4xx_hal_cortex.o
LOAD ./Drivers/STM32F4xx_HAL_Driver/Src/stm32f4xx_hal_dma.o
LOAD ./Drivers/STM32F4xx_HAL_Driver/Src/stm32f4xx_hal_dma_ex.o
LOAD ./Drivers/STM32F4xx_HAL_Driver/Src/stm32f4xx_hal_exti.o
LOAD ./Drivers/STM32F4xx_HAL_Driver/Src/stm32f4xx_hal_flash.o
LOAD ./Drivers/STM32F4xx_HAL_Driver/Src/stm32f4xx_hal_flash_ex.o
LOAD ./Drivers/STM32F4xx_HAL_Driver/Src/stm32f4xx_hal_flash_ramfunc.o
LOAD ./Drivers/STM32F4xx_HAL_Driver/Src/stm32f4xx_hal_gpio.o
LOAD ./Drivers/STM32F4xx_HAL_Driver/Src/stm32f4xx_hal_pwr.o
LOAD ./Drivers/STM32F4xx_HAL_Driver/Src/stm32f4xx_hal_pwr_ex.o
LOAD ./Drivers/STM32F4xx_HAL_Driver/Src/stm32f4xx_hal_rcc.o
LOAD ./Drivers/STM32F4xx_HAL_Driver/Src/stm32f4xx_hal_rcc_ex.o
LOAD ./Drivers/STM32F4xx_HAL_Driver/Src/stm32f4xx_hal_spi.o
LOAD ./Drivers/STM32F4xx_HAL_Driver/Src/stm32f4xx_hal_tim.o
LOAD ./Drivers/STM32F4xx_HAL_Driver/Src/stm32f4xx_hal_tim_ex.o
LOAD ./Drivers/STM32F4xx_HAL_Driver/Src/stm32f4xx_ll_adc.o
LOAD ./FATFS/App/fatfs.o
LOAD ./FATFS/Target/user_diskio.o
LOAD ./Middlewares/Third_Party/FatFs/src/diskio.o
LOAD ./Middlewares/Third_Party/FatFs/src/ff.o
LOAD ./Middlewares/Third_Party/FatFs/src/ff_gen_drv.o
LOAD ./Middlewares/Third_Party/FatFs/src/option/syscall.o
START GROUP
LOAD d:/program files/stm32cubeide_1.11.2/stm32cubeide/plugins/com.st.stm32cube.ide.mcu.externaltools.gnu-tools-for-stm32.10.3-2021.10.win32_1.0.200.202301161003/tools/bin/../lib/gcc/arm-none-eabi/10.3.1/../../../../arm-none-eabi/lib/thumb/v7e-m+fp/hard\libc_nano.a
LOAD d:/program files/stm32cubeide_1.11.2/stm32cubeide/plugins/com.st.stm32cube.ide.mcu.externaltools.gnu-tools-for-stm32.10.3-2021.10.win32_1.0.200.202301161003/tools/bin/../lib/gcc/arm-none-eabi/10.3.1/../../../../arm-none-eabi/lib/thumb/v7e-m+fp/hard\libm.a
END GROUP
START GROUP
LOAD d:/program files/stm32cubeide_1.11.2/stm32cubeide/plugins/com.st.stm32cube.ide.mcu.externaltools.gnu-tools-for-stm32.10.3-2021.10.win32_1.0.200.202301161003/tools/bin/../lib/gcc/arm-none-eabi/10.3.1/thumb/v7e-m+fp/hard\libgcc.a
LOAD d:/program files/stm32cubeide_1.11.2/stm32cubeide/plugins/com.st.stm32cube.ide.mcu.externaltools.gnu-tools-for-stm32.10.3-2021.10.win32_1.0.200.202301161003/tools/bin/../lib/gcc/arm-none-eabi/10.3.1/../../../../arm-none-eabi/lib/thumb/v7e-m+fp/hard\libc_nano.a
END GROUP
START GROUP
LOAD d:/program files/stm32cubeide_1.11.2/stm32cubeide/plugins/com.st.stm32cube.ide.mcu.externaltools.gnu-tools-for-stm32.10.3-2021.10.win32_1.0.200.202301161003/tools/bin/../lib/gcc/arm-none-eabi/10.3.1/thumb/v7e-m+fp/hard\libgcc.a
LOAD d:/program files/stm32cubeide_1.11.2/stm32cubeide/plugins/com.st.stm32cube.ide.mcu.externaltools.gnu-tools-for-stm32.10.3-2021.10.win32_1.0.200.202301161003/tools/bin/../lib/gcc/arm-none-eabi/10.3.1/../../../../arm-none-eabi/lib/thumb/v7e-m+fp/hard\libc_nano.a
LOAD d:/program files/stm32cubeide_1.11.2/stm32cubeide/plugins/com.st.stm32cube.ide.mcu.externaltools.gnu-tools-for-stm32.10.3-2021.10.win32_1.0.200.202301161003/tools/bin/../lib/gcc/arm-none-eabi/10.3.1/../../../../arm-none-eabi/lib/thumb/v7e-m+fp/hard\libnosys.a
END GROUP
START GROUP
LOAD d:/program files/stm32cubeide_1.11.2/stm32cubeide/plugins/com.st.stm32cube.ide.mcu.externaltools.gnu-tools-for-stm32.10.3-2021.10.win32_1.0.200.202301161003/tools/bin/../lib/gcc/arm-none-eabi/10.3.1/thumb/v7e-m+fp/hard\libgcc.a
LOAD d:/program files/stm32cubeide_1.11.2/stm32cubeide/plugins/com.st.stm32cube.ide.mcu.externaltools.gnu-tools-for-stm32.10.3-2021.10.win32_1.0.200.202301161003/tools/bin/../lib/gcc/arm-none-eabi/10.3.1/../../../../arm-none-eabi/lib/thumb/v7e-m+fp/hard\libc_nano.a
LOAD d:/program files/stm32cubeide_1.11.2/stm32cubeide/plugins/com.st.stm32cube.ide.mcu.externaltools.gnu-tools-for-stm32.10.3-2021.10.win32_1.0.200.202301161003/tools/bin/../lib/gcc/arm-none-eabi/10.3.1/../../../../arm-none-eabi/lib/thumb/v7e-m+fp/hard\libnosys.a
END GROUP
LOAD d:/program files/stm32cubeide_1.11.2/stm32cubeide/plugins/com.st.stm32cube.ide.mcu.externaltools.gnu-tools-for-stm32.10.3-2021.10.win32_1.0.200.202301161003/tools/bin/../lib/gcc/arm-none-eabi/10.3.1/thumb/v7e-m+fp/hard/crtend.o
LOAD d:/program files/stm32cubeide_1.11.2/stm32cubeide/plugins/com.st.stm32cube.ide.mcu.externaltools.gnu-tools-for-stm32.10.3-2021.10.win32_1.0.200.202301161003/tools/bin/../lib/gcc/arm-none-eabi/10.3.1/thumb/v7e-m+fp/hard/crtn.o
                0x0000000020010000                _estack = (ORIGIN (RAM) + LENGTH (RAM))
                0x0000000000000200                _Min_Heap_Size = 0x200
                0x0000000000000400                _Min_Stack_Size = 0x400

.isr_vector     0x0000000008000000      0x194
                0x0000000008000000                . = ALIGN (0x4)
 *(.isr_vector)
 .isr_vector    0x0000000008000000      0x194 ./Core/Startup/startup_stm32f401ccux.o
                0x0000000008000000                g_pfnVectors
                0x0000000008000194                . = ALIGN (0x4)

.text           0x0000000008000198     0x8bb4
                0x0000000008000198                . = ALIGN (0x4)
 *(.text)
 .text          0x0000000008000198       0x40 d:/program files/stm32cubeide_1.11.2/stm32cubeide/plugins/com.st.stm32cube.ide.mcu.externaltools.gnu-tools-for-stm32.10.3-2021.10.win32_1.0.200.202301161003/tools/bin/../lib/gcc/arm-none-eabi/10.3.1/thumb/v7e-m+fp/hard/crtbegin.o
 .text          0x00000000080001d8      0x378 d:/program files/stm32cubeide_1.11.2/stm32cubeide/plugins/com.st.stm32cube.ide.mcu.externaltools.gnu-tools-for-stm32.10.3-2021.10.win32_1.0.200.202301161003/tools/bin/../lib/gcc/arm-none-eabi/10.3.1/thumb/v7e-m+fp/hard\libgcc.a(_arm_addsubdf3.o)
                0x00000000080001d8                __aeabi_drsub
                0x00000000080001e0                __aeabi_dsub
                0x00000000080001e0                __subdf3
                0x00000000080001e4                __aeabi_dadd
                0x00000000080001e4                __adddf3
                0x000000000800045c                __floatunsidf
                0x000000000800045c                __aeabi_ui2d
                0x000000000800047c                __floatsidf
                0x000000000800047c                __aeabi_i2d
                0x00000000080004a0                __aeabi_f2d
                0x00000000080004a0                __extendsfdf2
                0x00000000080004e4                __floatundidf
                0x00000000080004e4                __aeabi_ul2d
                0x00000000080004f4                __floatdidf
                0x00000000080004f4                __aeabi_l2d
 .text          0x0000000008000550      0x424 d:/program files/stm32cubeide_1.11.2/stm32cubeide/plugins/com.st.stm32cube.ide.mcu.externaltools.gnu-tools-for-stm32.10.3-2021.10.win32_1.0.200.202301161003/tools/bin/../lib/gcc/arm-none-eabi/10.3.1/thumb/v7e-m+fp/hard\libgcc.a(_arm_muldivdf3.o)
                0x0000000008000550                __aeabi_dmul
                0x0000000008000550                __muldf3
                0x00000000080007a4                __divdf3
                0x00000000080007a4                __aeabi_ddiv
 .text          0x0000000008000974      0x110 d:/program files/stm32cubeide_1.11.2/stm32cubeide/plugins/com.st.stm32cube.ide.mcu.externaltools.gnu-tools-for-stm32.10.3-2021.10.win32_1.0.200.202301161003/tools/bin/../lib/gcc/arm-none-eabi/10.3.1/thumb/v7e-m+fp/hard\libgcc.a(_arm_cmpdf2.o)
                0x0000000008000974                __gtdf2
                0x0000000008000974                __gedf2
                0x000000000800097c                __ltdf2
                0x000000000800097c                __ledf2
                0x0000000008000984                __nedf2
                0x0000000008000984                __eqdf2
                0x0000000008000984                __cmpdf2
                0x0000000008000a00                __aeabi_cdrcmple
                0x0000000008000a10                __aeabi_cdcmpeq
                0x0000000008000a10                __aeabi_cdcmple
                0x0000000008000a20                __aeabi_dcmpeq
                0x0000000008000a34                __aeabi_dcmplt
                0x0000000008000a48                __aeabi_dcmple
                0x0000000008000a5c                __aeabi_dcmpge
                0x0000000008000a70                __aeabi_dcmpgt
 .text          0x0000000008000a84       0x50 d:/program files/stm32cubeide_1.11.2/stm32cubeide/plugins/com.st.stm32cube.ide.mcu.externaltools.gnu-tools-for-stm32.10.3-2021.10.win32_1.0.200.202301161003/tools/bin/../lib/gcc/arm-none-eabi/10.3.1/thumb/v7e-m+fp/hard\libgcc.a(_arm_fixdfsi.o)
                0x0000000008000a84                __aeabi_d2iz
                0x0000000008000a84                __fixdfsi
 .text          0x0000000008000ad4       0xa0 d:/program files/stm32cubeide_1.11.2/stm32cubeide/plugins/com.st.stm32cube.ide.mcu.externaltools.gnu-tools-for-stm32.10.3-2021.10.win32_1.0.200.202301161003/tools/bin/../lib/gcc/arm-none-eabi/10.3.1/thumb/v7e-m+fp/hard\libgcc.a(_arm_truncdfsf2.o)
                0x0000000008000ad4                __truncdfsf2
                0x0000000008000ad4                __aeabi_d2f
 .text          0x0000000008000b74       0x30 d:/program files/stm32cubeide_1.11.2/stm32cubeide/plugins/com.st.stm32cube.ide.mcu.externaltools.gnu-tools-for-stm32.10.3-2021.10.win32_1.0.200.202301161003/tools/bin/../lib/gcc/arm-none-eabi/10.3.1/thumb/v7e-m+fp/hard\libgcc.a(_aeabi_uldivmod.o)
                0x0000000008000b74                __aeabi_uldivmod
 .text          0x0000000008000ba4      0x2d0 d:/program files/stm32cubeide_1.11.2/stm32cubeide/plugins/com.st.stm32cube.ide.mcu.externaltools.gnu-tools-for-stm32.10.3-2021.10.win32_1.0.200.202301161003/tools/bin/../lib/gcc/arm-none-eabi/10.3.1/thumb/v7e-m+fp/hard\libgcc.a(_udivmoddi4.o)
                0x0000000008000ba4                __udivmoddi4
 .text          0x0000000008000e74        0x4 d:/program files/stm32cubeide_1.11.2/stm32cubeide/plugins/com.st.stm32cube.ide.mcu.externaltools.gnu-tools-for-stm32.10.3-2021.10.win32_1.0.200.202301161003/tools/bin/../lib/gcc/arm-none-eabi/10.3.1/thumb/v7e-m+fp/hard\libgcc.a(_dvmd_tls.o)
                0x0000000008000e74                __aeabi_idiv0
                0x0000000008000e74                __aeabi_ldiv0
 *(.text*)
 .text.MX_ADC1_Init
                0x0000000008000e78      0x100 ./Core/Src/adc.o
                0x0000000008000e78                MX_ADC1_Init
 .text.HAL_ADC_MspInit
                0x0000000008000f78       0x88 ./Core/Src/adc.o
                0x0000000008000f78                HAL_ADC_MspInit
 .text.eraseBall
                0x0000000008001000       0x26 ./Core/Src/display.o
                0x0000000008001000                eraseBall
 .text.drawBall
                0x0000000008001026       0x28 ./Core/Src/display.o
                0x0000000008001026                drawBall
 .text.clearDisplay
                0x000000000800104e        0xe ./Core/Src/display.o
                0x000000000800104e                clearDisplay
 .text.drawNewGame
                0x000000000800105c       0x42 ./Core/Src/display.o
                0x000000000800105c                drawNewGame
 *fill*         0x000000000800109e        0x2 
 .text.drawGameOver
                0x00000000080010a0       0x3c ./Core/Src/display.o
                0x00000000080010a0                drawGameOver
 .text.doGameTick
                0x00000000080010dc       0x2a ./Core/Src/game.o
                0x00000000080010dc                doGameTick
 .text.wallBounce
                0x0000000008001106       0x36 ./Core/Src/game.o
                0x0000000008001106                wallBounce
 .text.paddleBounce
                0x000000000800113c       0x82 ./Core/Src/game.o
                0x000000000800113c                paddleBounce
 *fill*         0x00000000080011be        0x2 
 .text.calculatePaddleBounce
                0x00000000080011c0      0x110 ./Core/Src/game.o
                0x00000000080011c0                calculatePaddleBounce
 .text.updateBall
                0x00000000080012d0       0x3e ./Core/Src/game.o
                0x00000000080012d0                updateBall
 .text.calculateBallPosition
                0x000000000800130e       0xac ./Core/Src/game.o
                0x000000000800130e                calculateBallPosition
 .text.restartGame
                0x00000000080013ba       0x36 ./Core/Src/game.o
                0x00000000080013ba                restartGame
 .text.resetGameData
                0x00000000080013f0       0x84 ./Core/Src/game.o
                0x00000000080013f0                resetGameData
 .text.gameOver
                0x0000000008001474       0x18 ./Core/Src/game.o
                0x0000000008001474                gameOver
 .text.startGameTicks
                0x000000000800148c       0x1c ./Core/Src/game.o
                0x000000000800148c                startGameTicks
 .text.stopGameTicks
                0x00000000080014a8       0x1c ./Core/Src/game.o
                0x00000000080014a8                stopGameTicks
 .text.calculateTilt
                0x00000000080014c4       0x74 ./Core/Src/game.o
                0x00000000080014c4                calculateTilt
 .text.movePaddleX
                0x0000000008001538      0x104 ./Core/Src/game.o
                0x0000000008001538                movePaddleX
 .text.movePaddleY
                0x000000000800163c       0xd0 ./Core/Src/game.o
                0x000000000800163c                movePaddleY
 .text.calculateJoystickTilt
                0x000000000800170c       0x6c ./Core/Src/game.o
                0x000000000800170c                calculateJoystickTilt
 .text.movePlayersPaddles
                0x0000000008001778       0x44 ./Core/Src/game.o
                0x0000000008001778                movePlayersPaddles
 .text.MX_GPIO_Init
                0x00000000080017bc      0x134 ./Core/Src/gpio.o
                0x00000000080017bc                MX_GPIO_Init
 .text.main     0x00000000080018f0       0xc4 ./Core/Src/main.o
                0x00000000080018f0                main
 .text.SystemClock_Config
                0x00000000080019b4       0xd4 ./Core/Src/main.o
                0x00000000080019b4                SystemClock_Config
 .text.HAL_TIM_PeriodElapsedCallback
                0x0000000008001a88       0x58 ./Core/Src/main.o
                0x0000000008001a88                HAL_TIM_PeriodElapsedCallback
 .text.Error_Handler
                0x0000000008001ae0        0xa ./Core/Src/main.o
                0x0000000008001ae0                Error_Handler
 *fill*         0x0000000008001aea        0x2 
 .text.SD_Init  0x0000000008001aec       0x40 ./Core/Src/sd.o
                0x0000000008001aec                SD_Init
 .text.SD_saveScore
                0x0000000008001b2c       0x78 ./Core/Src/sd.o
                0x0000000008001b2c                SD_saveScore
 .text.MX_SPI1_Init
                0x0000000008001ba4       0x6c ./Core/Src/spi.o
                0x0000000008001ba4                MX_SPI1_Init
 .text.MX_SPI2_Init
                0x0000000008001c10       0x6c ./Core/Src/spi.o
                0x0000000008001c10                MX_SPI2_Init
 .text.HAL_SPI_MspInit
                0x0000000008001c7c       0xfc ./Core/Src/spi.o
                0x0000000008001c7c                HAL_SPI_MspInit
 .text.ST7735_Select
                0x0000000008001d78       0x18 ./Core/Src/st7735.o
 .text.ST7735_Unselect
                0x0000000008001d90       0x18 ./Core/Src/st7735.o
                0x0000000008001d90                ST7735_Unselect
 .text.ST7735_Reset
                0x0000000008001da8       0x2c ./Core/Src/st7735.o
 .text.ST7735_WriteCommand
                0x0000000008001dd4       0x34 ./Core/Src/st7735.o
 .text.ST7735_WriteData
                0x0000000008001e08       0x38 ./Core/Src/st7735.o
 .text.ST7735_ExecuteCommandList
                0x0000000008001e40       0x92 ./Core/Src/st7735.o
 .text.ST7735_SetAddressWindow
                0x0000000008001ed2       0x78 ./Core/Src/st7735.o
 *fill*         0x0000000008001f4a        0x2 
 .text.ST7735_Init
                0x0000000008001f4c       0x34 ./Core/Src/st7735.o
                0x0000000008001f4c                ST7735_Init
 .text.ST7735_WriteChar
                0x0000000008001f80       0xee ./Core/Src/st7735.o
 .text.ST7735_WriteString
                0x000000000800206e       0x94 ./Core/Src/st7735.o
                0x000000000800206e                ST7735_WriteString
 *fill*         0x0000000008002102        0x2 
 .text.ST7735_FillRectangle
                0x0000000008002104       0xe8 ./Core/Src/st7735.o
                0x0000000008002104                ST7735_FillRectangle
 .text.ST7735_FillRectangleFast
                0x00000000080021ec      0x10c ./Core/Src/st7735.o
                0x00000000080021ec                ST7735_FillRectangleFast
 .text.ST7735_FillScreen
                0x00000000080022f8       0x22 ./Core/Src/st7735.o
                0x00000000080022f8                ST7735_FillScreen
 .text.ST7735_FillScreenFast
                0x000000000800231a       0x22 ./Core/Src/st7735.o
                0x000000000800231a                ST7735_FillScreenFast
 .text.HAL_MspInit
                0x000000000800233c       0x50 ./Core/Src/stm32f4xx_hal_msp.o
                0x000000000800233c                HAL_MspInit
 .text.NMI_Handler
                0x000000000800238c        0x6 ./Core/Src/stm32f4xx_it.o
                0x000000000800238c                NMI_Handler
 .text.HardFault_Handler
                0x0000000008002392        0x6 ./Core/Src/stm32f4xx_it.o
                0x0000000008002392                HardFault_Handler
 .text.MemManage_Handler
                0x0000000008002398        0x6 ./Core/Src/stm32f4xx_it.o
                0x0000000008002398                MemManage_Handler
 .text.BusFault_Handler
                0x000000000800239e        0x6 ./Core/Src/stm32f4xx_it.o
                0x000000000800239e                BusFault_Handler
 .text.UsageFault_Handler
                0x00000000080023a4        0x6 ./Core/Src/stm32f4xx_it.o
                0x00000000080023a4                UsageFault_Handler
 .text.SVC_Handler
                0x00000000080023aa        0xe ./Core/Src/stm32f4xx_it.o
                0x00000000080023aa                SVC_Handler
 .text.DebugMon_Handler
                0x00000000080023b8        0xe ./Core/Src/stm32f4xx_it.o
                0x00000000080023b8                DebugMon_Handler
 .text.PendSV_Handler
                0x00000000080023c6        0xe ./Core/Src/stm32f4xx_it.o
                0x00000000080023c6                PendSV_Handler
 .text.SysTick_Handler
                0x00000000080023d4        0xc ./Core/Src/stm32f4xx_it.o
                0x00000000080023d4                SysTick_Handler
 .text.TIM1_UP_TIM10_IRQHandler
                0x00000000080023e0       0x14 ./Core/Src/stm32f4xx_it.o
                0x00000000080023e0                TIM1_UP_TIM10_IRQHandler
 .text.TIM1_TRG_COM_TIM11_IRQHandler
                0x00000000080023f4       0x14 ./Core/Src/stm32f4xx_it.o
                0x00000000080023f4                TIM1_TRG_COM_TIM11_IRQHandler
 .text._sbrk    0x0000000008002408       0x6c ./Core/Src/sysmem.o
                0x0000000008002408                _sbrk
 .text.SystemInit
                0x0000000008002474       0x24 ./Core/Src/system_stm32f4xx.o
                0x0000000008002474                SystemInit
 .text.MX_TIM10_Init
                0x0000000008002498       0x48 ./Core/Src/tim.o
                0x0000000008002498                MX_TIM10_Init
 .text.MX_TIM11_Init
                0x00000000080024e0       0x48 ./Core/Src/tim.o
                0x00000000080024e0                MX_TIM11_Init
 .text.HAL_TIM_Base_MspInit
                0x0000000008002528       0x8c ./Core/Src/tim.o
                0x0000000008002528                HAL_TIM_Base_MspInit
 .text.SPI_Timer_On
                0x00000000080025b4       0x28 ./Core/Src/user_diskio_spi.o
                0x00000000080025b4                SPI_Timer_On
 .text.SPI_Timer_Status
                0x00000000080025dc       0x2c ./Core/Src/user_diskio_spi.o
                0x00000000080025dc                SPI_Timer_Status
 .text.xchg_spi
                0x0000000008002608       0x2c ./Core/Src/user_diskio_spi.o
 .text.rcvr_spi_multi
                0x0000000008002634       0x38 ./Core/Src/user_diskio_spi.o
 .text.xmit_spi_multi
                0x000000000800266c       0x36 ./Core/Src/user_diskio_spi.o
 .text.wait_ready
                0x00000000080026a2       0x46 ./Core/Src/user_diskio_spi.o
 .text.despiselect
                0x00000000080026e8       0x1c ./Core/Src/user_diskio_spi.o
 .text.spiselect
                0x0000000008002704       0x34 ./Core/Src/user_diskio_spi.o
 .text.rcvr_datablock
                0x0000000008002738       0x52 ./Core/Src/user_diskio_spi.o
 .text.xmit_datablock
                0x000000000800278a       0x64 ./Core/Src/user_diskio_spi.o
 .text.send_cmd
                0x00000000080027ee       0xde ./Core/Src/user_diskio_spi.o
 .text.USER_SPI_initialize
                0x00000000080028cc      0x1d8 ./Core/Src/user_diskio_spi.o
                0x00000000080028cc                USER_SPI_initialize
 .text.USER_SPI_status
                0x0000000008002aa4       0x2c ./Core/Src/user_diskio_spi.o
                0x0000000008002aa4                USER_SPI_status
 .text.USER_SPI_read
                0x0000000008002ad0       0xcc ./Core/Src/user_diskio_spi.o
                0x0000000008002ad0                USER_SPI_read
 .text.USER_SPI_write
                0x0000000008002b9c       0xf8 ./Core/Src/user_diskio_spi.o
                0x0000000008002b9c                USER_SPI_write
 .text.USER_SPI_ioctl
                0x0000000008002c94      0x2e0 ./Core/Src/user_diskio_spi.o
                0x0000000008002c94                USER_SPI_ioctl
 .text.Reset_Handler
                0x0000000008002f74       0x50 ./Core/Startup/startup_stm32f401ccux.o
                0x0000000008002f74                Reset_Handler
 .text.Default_Handler
                0x0000000008002fc4        0x2 ./Core/Startup/startup_stm32f401ccux.o
                0x0000000008002fc4                RTC_Alarm_IRQHandler
                0x0000000008002fc4                EXTI2_IRQHandler
                0x0000000008002fc4                SPI4_IRQHandler
                0x0000000008002fc4                TIM1_CC_IRQHandler
                0x0000000008002fc4                DMA2_Stream5_IRQHandler
                0x0000000008002fc4                DMA1_Stream5_IRQHandler
                0x0000000008002fc4                PVD_IRQHandler
                0x0000000008002fc4                SDIO_IRQHandler
                0x0000000008002fc4                TAMP_STAMP_IRQHandler
                0x0000000008002fc4                EXTI3_IRQHandler
                0x0000000008002fc4                I2C3_ER_IRQHandler
                0x0000000008002fc4                EXTI0_IRQHandler
                0x0000000008002fc4                I2C2_EV_IRQHandler
                0x0000000008002fc4                DMA1_Stream2_IRQHandler
                0x0000000008002fc4                FPU_IRQHandler
                0x0000000008002fc4                DMA2_Stream2_IRQHandler
                0x0000000008002fc4                SPI1_IRQHandler
                0x0000000008002fc4                TIM1_BRK_TIM9_IRQHandler
                0x0000000008002fc4                DMA2_Stream3_IRQHandler
                0x0000000008002fc4                USART6_IRQHandler
                0x0000000008002fc4                DMA2_Stream0_IRQHandler
                0x0000000008002fc4                TIM4_IRQHandler
                0x0000000008002fc4                I2C1_EV_IRQHandler
                0x0000000008002fc4                DMA1_Stream6_IRQHandler
                0x0000000008002fc4                DMA1_Stream1_IRQHandler
                0x0000000008002fc4                TIM3_IRQHandler
                0x0000000008002fc4                RCC_IRQHandler
                0x0000000008002fc4                Default_Handler
                0x0000000008002fc4                EXTI15_10_IRQHandler
                0x0000000008002fc4                ADC_IRQHandler
                0x0000000008002fc4                DMA1_Stream7_IRQHandler
                0x0000000008002fc4                TIM5_IRQHandler
                0x0000000008002fc4                DMA2_Stream7_IRQHandler
                0x0000000008002fc4                I2C3_EV_IRQHandler
                0x0000000008002fc4                EXTI9_5_IRQHandler
                0x0000000008002fc4                RTC_WKUP_IRQHandler
                0x0000000008002fc4                SPI2_IRQHandler
                0x0000000008002fc4                DMA1_Stream0_IRQHandler
                0x0000000008002fc4                EXTI4_IRQHandler
                0x0000000008002fc4                WWDG_IRQHandler
                0x0000000008002fc4                TIM2_IRQHandler
                0x0000000008002fc4                OTG_FS_WKUP_IRQHandler
                0x0000000008002fc4                EXTI1_IRQHandler
                0x0000000008002fc4                USART2_IRQHandler
                0x0000000008002fc4                I2C2_ER_IRQHandler
                0x0000000008002fc4                DMA2_Stream1_IRQHandler
                0x0000000008002fc4                FLASH_IRQHandler
                0x0000000008002fc4                DMA2_Stream4_IRQHandler
                0x0000000008002fc4                USART1_IRQHandler
                0x0000000008002fc4                OTG_FS_IRQHandler
                0x0000000008002fc4                SPI3_IRQHandler
                0x0000000008002fc4                DMA1_Stream4_IRQHandler
                0x0000000008002fc4                I2C1_ER_IRQHandler
                0x0000000008002fc4                DMA2_Stream6_IRQHandler
                0x0000000008002fc4                DMA1_Stream3_IRQHandler
 *fill*         0x0000000008002fc6        0x2 
 .text.HAL_Init
                0x0000000008002fc8       0x44 ./Drivers/STM32F4xx_HAL_Driver/Src/stm32f4xx_hal.o
                0x0000000008002fc8                HAL_Init
 .text.HAL_InitTick
                0x000000000800300c       0x60 ./Drivers/STM32F4xx_HAL_Driver/Src/stm32f4xx_hal.o
                0x000000000800300c                HAL_InitTick
 .text.HAL_IncTick
                0x000000000800306c       0x28 ./Drivers/STM32F4xx_HAL_Driver/Src/stm32f4xx_hal.o
                0x000000000800306c                HAL_IncTick
 .text.HAL_GetTick
                0x0000000008003094       0x18 ./Drivers/STM32F4xx_HAL_Driver/Src/stm32f4xx_hal.o
                0x0000000008003094                HAL_GetTick
 .text.HAL_Delay
                0x00000000080030ac       0x48 ./Drivers/STM32F4xx_HAL_Driver/Src/stm32f4xx_hal.o
                0x00000000080030ac                HAL_Delay
 .text.HAL_ADC_Init
                0x00000000080030f4       0x86 ./Drivers/STM32F4xx_HAL_Driver/Src/stm32f4xx_hal_adc.o
                0x00000000080030f4                HAL_ADC_Init
 *fill*         0x000000000800317a        0x2 
 .text.HAL_ADC_Start
                0x000000000800317c      0x168 ./Drivers/STM32F4xx_HAL_Driver/Src/stm32f4xx_hal_adc.o
                0x000000000800317c                HAL_ADC_Start
 .text.HAL_ADC_PollForConversion
                0x00000000080032e4      0x116 ./Drivers/STM32F4xx_HAL_Driver/Src/stm32f4xx_hal_adc.o
                0x00000000080032e4                HAL_ADC_PollForConversion
 .text.HAL_ADC_GetValue
                0x00000000080033fa       0x1a ./Drivers/STM32F4xx_HAL_Driver/Src/stm32f4xx_hal_adc.o
                0x00000000080033fa                HAL_ADC_GetValue
 .text.HAL_ADC_ConfigChannel
                0x0000000008003414      0x244 ./Drivers/STM32F4xx_HAL_Driver/Src/stm32f4xx_hal_adc.o
                0x0000000008003414                HAL_ADC_ConfigChannel
 .text.ADC_Init
                0x0000000008003658      0x1f8 ./Drivers/STM32F4xx_HAL_Driver/Src/stm32f4xx_hal_adc.o
 .text.__NVIC_SetPriorityGrouping
                0x0000000008003850       0x48 ./Drivers/STM32F4xx_HAL_Driver/Src/stm32f4xx_hal_cortex.o
 .text.__NVIC_GetPriorityGrouping
                0x0000000008003898       0x1c ./Drivers/STM32F4xx_HAL_Driver/Src/stm32f4xx_hal_cortex.o
 .text.__NVIC_EnableIRQ
                0x00000000080038b4       0x3c ./Drivers/STM32F4xx_HAL_Driver/Src/stm32f4xx_hal_cortex.o
 .text.__NVIC_SetPriority
                0x00000000080038f0       0x54 ./Drivers/STM32F4xx_HAL_Driver/Src/stm32f4xx_hal_cortex.o
 .text.NVIC_EncodePriority
                0x0000000008003944       0x66 ./Drivers/STM32F4xx_HAL_Driver/Src/stm32f4xx_hal_cortex.o
 *fill*         0x00000000080039aa        0x2 
 .text.SysTick_Config
                0x00000000080039ac       0x44 ./Drivers/STM32F4xx_HAL_Driver/Src/stm32f4xx_hal_cortex.o
 .text.HAL_NVIC_SetPriorityGrouping
                0x00000000080039f0       0x16 ./Drivers/STM32F4xx_HAL_Driver/Src/stm32f4xx_hal_cortex.o
                0x00000000080039f0                HAL_NVIC_SetPriorityGrouping
 .text.HAL_NVIC_SetPriority
                0x0000000008003a06       0x38 ./Drivers/STM32F4xx_HAL_Driver/Src/stm32f4xx_hal_cortex.o
                0x0000000008003a06                HAL_NVIC_SetPriority
 .text.HAL_NVIC_EnableIRQ
                0x0000000008003a3e       0x1c ./Drivers/STM32F4xx_HAL_Driver/Src/stm32f4xx_hal_cortex.o
                0x0000000008003a3e                HAL_NVIC_EnableIRQ
 .text.HAL_SYSTICK_Config
                0x0000000008003a5a       0x18 ./Drivers/STM32F4xx_HAL_Driver/Src/stm32f4xx_hal_cortex.o
                0x0000000008003a5a                HAL_SYSTICK_Config
 *fill*         0x0000000008003a72        0x2 
 .text.HAL_GPIO_Init
                0x0000000008003a74      0x308 ./Drivers/STM32F4xx_HAL_Driver/Src/stm32f4xx_hal_gpio.o
                0x0000000008003a74                HAL_GPIO_Init
 .text.HAL_GPIO_ReadPin
                0x0000000008003d7c       0x30 ./Drivers/STM32F4xx_HAL_Driver/Src/stm32f4xx_hal_gpio.o
                0x0000000008003d7c                HAL_GPIO_ReadPin
 .text.HAL_GPIO_WritePin
                0x0000000008003dac       0x32 ./Drivers/STM32F4xx_HAL_Driver/Src/stm32f4xx_hal_gpio.o
                0x0000000008003dac                HAL_GPIO_WritePin
 *fill*         0x0000000008003dde        0x2 
 .text.HAL_RCC_OscConfig
                0x0000000008003de0      0x4f0 ./Drivers/STM32F4xx_HAL_Driver/Src/stm32f4xx_hal_rcc.o
                0x0000000008003de0                HAL_RCC_OscConfig
 .text.HAL_RCC_ClockConfig
                0x00000000080042d0      0x1cc ./Drivers/STM32F4xx_HAL_Driver/Src/stm32f4xx_hal_rcc.o
                0x00000000080042d0                HAL_RCC_ClockConfig
 .text.HAL_RCC_GetSysClockFreq
                0x000000000800449c      0x18c ./Drivers/STM32F4xx_HAL_Driver/Src/stm32f4xx_hal_rcc.o
                0x000000000800449c                HAL_RCC_GetSysClockFreq
 .text.HAL_SPI_Init
                0x0000000008004628      0x112 ./Drivers/STM32F4xx_HAL_Driver/Src/stm32f4xx_hal_spi.o
                0x0000000008004628                HAL_SPI_Init
 .text.HAL_SPI_Transmit
                0x000000000800473a      0x278 ./Drivers/STM32F4xx_HAL_Driver/Src/stm32f4xx_hal_spi.o
                0x000000000800473a                HAL_SPI_Transmit
 .text.HAL_SPI_TransmitReceive
                0x00000000080049b2      0x344 ./Drivers/STM32F4xx_HAL_Driver/Src/stm32f4xx_hal_spi.o
                0x00000000080049b2                HAL_SPI_TransmitReceive
 *fill*         0x0000000008004cf6        0x2 
 .text.SPI_WaitFlagStateUntilTimeout
                0x0000000008004cf8      0x110 ./Drivers/STM32F4xx_HAL_Driver/Src/stm32f4xx_hal_spi.o
 .text.SPI_EndRxTxTransaction
                0x0000000008004e08       0x84 ./Drivers/STM32F4xx_HAL_Driver/Src/stm32f4xx_hal_spi.o
 .text.HAL_TIM_Base_Init
                0x0000000008004e8c       0x9e ./Drivers/STM32F4xx_HAL_Driver/Src/stm32f4xx_hal_tim.o
                0x0000000008004e8c                HAL_TIM_Base_Init
 *fill*         0x0000000008004f2a        0x2 
 .text.HAL_TIM_Base_Start_IT
                0x0000000008004f2c       0xc4 ./Drivers/STM32F4xx_HAL_Driver/Src/stm32f4xx_hal_tim.o
                0x0000000008004f2c                HAL_TIM_Base_Start_IT
 .text.HAL_TIM_Base_Stop_IT
                0x0000000008004ff0       0x5e ./Drivers/STM32F4xx_HAL_Driver/Src/stm32f4xx_hal_tim.o
                0x0000000008004ff0                HAL_TIM_Base_Stop_IT
 .text.HAL_TIM_IRQHandler
                0x000000000800504e      0x210 ./Drivers/STM32F4xx_HAL_Driver/Src/stm32f4xx_hal_tim.o
                0x000000000800504e                HAL_TIM_IRQHandler
 .text.HAL_TIM_OC_DelayElapsedCallback
                0x000000000800525e       0x14 ./Drivers/STM32F4xx_HAL_Driver/Src/stm32f4xx_hal_tim.o
                0x000000000800525e                HAL_TIM_OC_DelayElapsedCallback
 .text.HAL_TIM_IC_CaptureCallback
                0x0000000008005272       0x14 ./Drivers/STM32F4xx_HAL_Driver/Src/stm32f4xx_hal_tim.o
                0x0000000008005272                HAL_TIM_IC_CaptureCallback
 .text.HAL_TIM_PWM_PulseFinishedCallback
                0x0000000008005286       0x14 ./Drivers/STM32F4xx_HAL_Driver/Src/stm32f4xx_hal_tim.o
                0x0000000008005286                HAL_TIM_PWM_PulseFinishedCallback
 .text.HAL_TIM_TriggerCallback
                0x000000000800529a       0x14 ./Drivers/STM32F4xx_HAL_Driver/Src/stm32f4xx_hal_tim.o
                0x000000000800529a                HAL_TIM_TriggerCallback
 *fill*         0x00000000080052ae        0x2 
 .text.TIM_Base_SetConfig
                0x00000000080052b0      0x100 ./Drivers/STM32F4xx_HAL_Driver/Src/stm32f4xx_hal_tim.o
                0x00000000080052b0                TIM_Base_SetConfig
 .text.HAL_TIMEx_CommutCallback
                0x00000000080053b0       0x14 ./Drivers/STM32F4xx_HAL_Driver/Src/stm32f4xx_hal_tim_ex.o
                0x00000000080053b0                HAL_TIMEx_CommutCallback
 .text.HAL_TIMEx_BreakCallback
                0x00000000080053c4       0x14 ./Drivers/STM32F4xx_HAL_Driver/Src/stm32f4xx_hal_tim_ex.o
                0x00000000080053c4                HAL_TIMEx_BreakCallback
 .text.MX_FATFS_Init
                0x00000000080053d8       0x24 ./FATFS/App/fatfs.o
                0x00000000080053d8                MX_FATFS_Init
 .text.get_fattime
                0x00000000080053fc       0x10 ./FATFS/App/fatfs.o
                0x00000000080053fc                get_fattime
 .text.USER_initialize
                0x000000000800540c       0x1c ./FATFS/Target/user_diskio.o
                0x000000000800540c                USER_initialize
 .text.USER_status
                0x0000000008005428       0x1c ./FATFS/Target/user_diskio.o
                0x0000000008005428                USER_status
 .text.USER_read
                0x0000000008005444       0x26 ./FATFS/Target/user_diskio.o
                0x0000000008005444                USER_read
 .text.USER_write
                0x000000000800546a       0x26 ./FATFS/Target/user_diskio.o
                0x000000000800546a                USER_write
 .text.USER_ioctl
                0x0000000008005490       0x26 ./FATFS/Target/user_diskio.o
                0x0000000008005490                USER_ioctl
 *fill*         0x00000000080054b6        0x2 
 .text.disk_status
                0x00000000080054b8       0x34 ./Middlewares/Third_Party/FatFs/src/diskio.o
                0x00000000080054b8                disk_status
 .text.disk_initialize
                0x00000000080054ec       0x4c ./Middlewares/Third_Party/FatFs/src/diskio.o
                0x00000000080054ec                disk_initialize
 .text.disk_read
                0x0000000008005538       0x40 ./Middlewares/Third_Party/FatFs/src/diskio.o
                0x0000000008005538                disk_read
 .text.disk_write
                0x0000000008005578       0x40 ./Middlewares/Third_Party/FatFs/src/diskio.o
                0x0000000008005578                disk_write
 .text.disk_ioctl
                0x00000000080055b8       0x3c ./Middlewares/Third_Party/FatFs/src/diskio.o
                0x00000000080055b8                disk_ioctl
 .text.ld_word  0x00000000080055f4       0x30 ./Middlewares/Third_Party/FatFs/src/ff.o
 .text.ld_dword
                0x0000000008005624       0x46 ./Middlewares/Third_Party/FatFs/src/ff.o
 .text.st_word  0x000000000800566a       0x36 ./Middlewares/Third_Party/FatFs/src/ff.o
 .text.st_dword
                0x00000000080056a0       0x58 ./Middlewares/Third_Party/FatFs/src/ff.o
 .text.mem_cpy  0x00000000080056f8       0x42 ./Middlewares/Third_Party/FatFs/src/ff.o
 .text.mem_set  0x000000000800573a       0x36 ./Middlewares/Third_Party/FatFs/src/ff.o
 .text.mem_cmp  0x0000000008005770       0x4e ./Middlewares/Third_Party/FatFs/src/ff.o
 .text.chk_chr  0x00000000080057be       0x36 ./Middlewares/Third_Party/FatFs/src/ff.o
 .text.chk_lock
                0x00000000080057f4       0xb8 ./Middlewares/Third_Party/FatFs/src/ff.o
 .text.enq_lock
                0x00000000080058ac       0x44 ./Middlewares/Third_Party/FatFs/src/ff.o
 .text.inc_lock
                0x00000000080058f0      0x11c ./Middlewares/Third_Party/FatFs/src/ff.o
 .text.dec_lock
                0x0000000008005a0c       0x78 ./Middlewares/Third_Party/FatFs/src/ff.o
 .text.clear_lock
                0x0000000008005a84       0x48 ./Middlewares/Third_Party/FatFs/src/ff.o
 .text.sync_window
                0x0000000008005acc       0x88 ./Middlewares/Third_Party/FatFs/src/ff.o
 .text.move_window
                0x0000000008005b54       0x5a ./Middlewares/Third_Party/FatFs/src/ff.o
 *fill*         0x0000000008005bae        0x2 
 .text.sync_fs  0x0000000008005bb0       0xdc ./Middlewares/Third_Party/FatFs/src/ff.o
 .text.clust2sect
                0x0000000008005c8c       0x3e ./Middlewares/Third_Party/FatFs/src/ff.o
 .text.get_fat  0x0000000008005cca      0x150 ./Middlewares/Third_Party/FatFs/src/ff.o
 .text.put_fat  0x0000000008005e1a      0x1d8 ./Middlewares/Third_Party/FatFs/src/ff.o
 .text.remove_chain
                0x0000000008005ff2       0xca ./Middlewares/Third_Party/FatFs/src/ff.o
 .text.create_chain
                0x00000000080060bc      0x130 ./Middlewares/Third_Party/FatFs/src/ff.o
 .text.clmt_clust
                0x00000000080061ec       0x68 ./Middlewares/Third_Party/FatFs/src/ff.o
 .text.dir_sdi  0x0000000008006254       0xf6 ./Middlewares/Third_Party/FatFs/src/ff.o
 .text.dir_next
                0x000000000800634a      0x18a ./Middlewares/Third_Party/FatFs/src/ff.o
 .text.dir_alloc
                0x00000000080064d4       0x8e ./Middlewares/Third_Party/FatFs/src/ff.o
 .text.ld_clust
                0x0000000008006562       0x3e ./Middlewares/Third_Party/FatFs/src/ff.o
 .text.st_clust
                0x00000000080065a0       0x40 ./Middlewares/Third_Party/FatFs/src/ff.o
 .text.dir_find
                0x00000000080065e0       0xaa ./Middlewares/Third_Party/FatFs/src/ff.o
 .text.dir_register
                0x000000000800668a       0x64 ./Middlewares/Third_Party/FatFs/src/ff.o
 *fill*         0x00000000080066ee        0x2 
 .text.create_name
                0x00000000080066f0      0x128 ./Middlewares/Third_Party/FatFs/src/ff.o
 .text.follow_path
                0x0000000008006818       0xe2 ./Middlewares/Third_Party/FatFs/src/ff.o
 .text.get_ldnumber
                0x00000000080068fa       0x88 ./Middlewares/Third_Party/FatFs/src/ff.o
 *fill*         0x0000000008006982        0x2 
 .text.check_fs
                0x0000000008006984       0xac ./Middlewares/Third_Party/FatFs/src/ff.o
 .text.find_volume
                0x0000000008006a30      0x498 ./Middlewares/Third_Party/FatFs/src/ff.o
 .text.validate
                0x0000000008006ec8       0x6a ./Middlewares/Third_Party/FatFs/src/ff.o
 *fill*         0x0000000008006f32        0x2 
 .text.f_mount  0x0000000008006f34       0x8c ./Middlewares/Third_Party/FatFs/src/ff.o
                0x0000000008006f34                f_mount
 .text.f_open   0x0000000008006fc0      0x37c ./Middlewares/Third_Party/FatFs/src/ff.o
                0x0000000008006fc0                f_open
 .text.f_write  0x000000000800733c      0x2ea ./Middlewares/Third_Party/FatFs/src/ff.o
                0x000000000800733c                f_write
 .text.f_sync   0x0000000008007626       0xfc ./Middlewares/Third_Party/FatFs/src/ff.o
                0x0000000008007626                f_sync
 .text.f_close  0x0000000008007722       0x54 ./Middlewares/Third_Party/FatFs/src/ff.o
                0x0000000008007722                f_close
 *fill*         0x0000000008007776        0x2 
 .text.FATFS_LinkDriverEx
                0x0000000008007778       0x98 ./Middlewares/Third_Party/FatFs/src/ff_gen_drv.o
                0x0000000008007778                FATFS_LinkDriverEx
 .text.FATFS_LinkDriver
                0x0000000008007810       0x1e ./Middlewares/Third_Party/FatFs/src/ff_gen_drv.o
                0x0000000008007810                FATFS_LinkDriver
 *fill*         0x000000000800782e        0x2 
 .text.__errno  0x0000000008007830        0xc d:/program files/stm32cubeide_1.11.2/stm32cubeide/plugins/com.st.stm32cube.ide.mcu.externaltools.gnu-tools-for-stm32.10.3-2021.10.win32_1.0.200.202301161003/tools/bin/../lib/gcc/arm-none-eabi/10.3.1/../../../../arm-none-eabi/lib/thumb/v7e-m+fp/hard\libc_nano.a(lib_a-errno.o)
                0x0000000008007830                __errno
 .text.__libc_init_array
                0x000000000800783c       0x48 d:/program files/stm32cubeide_1.11.2/stm32cubeide/plugins/com.st.stm32cube.ide.mcu.externaltools.gnu-tools-for-stm32.10.3-2021.10.win32_1.0.200.202301161003/tools/bin/../lib/gcc/arm-none-eabi/10.3.1/../../../../arm-none-eabi/lib/thumb/v7e-m+fp/hard\libc_nano.a(lib_a-init.o)
                0x000000000800783c                __libc_init_array
 .text.__itoa   0x0000000008007884       0x30 d:/program files/stm32cubeide_1.11.2/stm32cubeide/plugins/com.st.stm32cube.ide.mcu.externaltools.gnu-tools-for-stm32.10.3-2021.10.win32_1.0.200.202301161003/tools/bin/../lib/gcc/arm-none-eabi/10.3.1/../../../../arm-none-eabi/lib/thumb/v7e-m+fp/hard\libc_nano.a(lib_a-itoa.o)
                0x0000000008007884                __itoa
 .text.itoa     0x00000000080078b4        0x4 d:/program files/stm32cubeide_1.11.2/stm32cubeide/plugins/com.st.stm32cube.ide.mcu.externaltools.gnu-tools-for-stm32.10.3-2021.10.win32_1.0.200.202301161003/tools/bin/../lib/gcc/arm-none-eabi/10.3.1/../../../../arm-none-eabi/lib/thumb/v7e-m+fp/hard\libc_nano.a(lib_a-itoa.o)
                0x00000000080078b4                itoa
 .text.malloc   0x00000000080078b8       0x10 d:/program files/stm32cubeide_1.11.2/stm32cubeide/plugins/com.st.stm32cube.ide.mcu.externaltools.gnu-tools-for-stm32.10.3-2021.10.win32_1.0.200.202301161003/tools/bin/../lib/gcc/arm-none-eabi/10.3.1/../../../../arm-none-eabi/lib/thumb/v7e-m+fp/hard\libc_nano.a(lib_a-malloc.o)
                0x00000000080078b8                malloc
 .text.free     0x00000000080078c8       0x10 d:/program files/stm32cubeide_1.11.2/stm32cubeide/plugins/com.st.stm32cube.ide.mcu.externaltools.gnu-tools-for-stm32.10.3-2021.10.win32_1.0.200.202301161003/tools/bin/../lib/gcc/arm-none-eabi/10.3.1/../../../../arm-none-eabi/lib/thumb/v7e-m+fp/hard\libc_nano.a(lib_a-malloc.o)
                0x00000000080078c8                free
 .text.memset   0x00000000080078d8       0x10 d:/program files/stm32cubeide_1.11.2/stm32cubeide/plugins/com.st.stm32cube.ide.mcu.externaltools.gnu-tools-for-stm32.10.3-2021.10.win32_1.0.200.202301161003/tools/bin/../lib/gcc/arm-none-eabi/10.3.1/../../../../arm-none-eabi/lib/thumb/v7e-m+fp/hard\libc_nano.a(lib_a-memset.o)
                0x00000000080078d8                memset
 .text._free_r  0x00000000080078e8       0x98 d:/program files/stm32cubeide_1.11.2/stm32cubeide/plugins/com.st.stm32cube.ide.mcu.externaltools.gnu-tools-for-stm32.10.3-2021.10.win32_1.0.200.202301161003/tools/bin/../lib/gcc/arm-none-eabi/10.3.1/../../../../arm-none-eabi/lib/thumb/v7e-m+fp/hard\libc_nano.a(lib_a-nano-freer.o)
                0x00000000080078e8                _free_r
 .text.sbrk_aligned
                0x0000000008007980       0x40 d:/program files/stm32cubeide_1.11.2/stm32cubeide/plugins/com.st.stm32cube.ide.mcu.externaltools.gnu-tools-for-stm32.10.3-2021.10.win32_1.0.200.202301161003/tools/bin/../lib/gcc/arm-none-eabi/10.3.1/../../../../arm-none-eabi/lib/thumb/v7e-m+fp/hard\libc_nano.a(lib_a-nano-mallocr.o)
 .text._malloc_r
                0x00000000080079c0       0xe8 d:/program files/stm32cubeide_1.11.2/stm32cubeide/plugins/com.st.stm32cube.ide.mcu.externaltools.gnu-tools-for-stm32.10.3-2021.10.win32_1.0.200.202301161003/tools/bin/../lib/gcc/arm-none-eabi/10.3.1/../../../../arm-none-eabi/lib/thumb/v7e-m+fp/hard\libc_nano.a(lib_a-nano-mallocr.o)
                0x00000000080079c0                _malloc_r
 .text._sbrk_r  0x0000000008007aa8       0x20 d:/program files/stm32cubeide_1.11.2/stm32cubeide/plugins/com.st.stm32cube.ide.mcu.externaltools.gnu-tools-for-stm32.10.3-2021.10.win32_1.0.200.202301161003/tools/bin/../lib/gcc/arm-none-eabi/10.3.1/../../../../arm-none-eabi/lib/thumb/v7e-m+fp/hard\libc_nano.a(lib_a-sbrkr.o)
                0x0000000008007aa8                _sbrk_r
 .text.__utoa   0x0000000008007ac8       0x84 d:/program files/stm32cubeide_1.11.2/stm32cubeide/plugins/com.st.stm32cube.ide.mcu.externaltools.gnu-tools-for-stm32.10.3-2021.10.win32_1.0.200.202301161003/tools/bin/../lib/gcc/arm-none-eabi/10.3.1/../../../../arm-none-eabi/lib/thumb/v7e-m+fp/hard\libc_nano.a(lib_a-utoa.o)
                0x0000000008007ac8                __utoa
 .text.__malloc_lock
                0x0000000008007b4c        0xc d:/program files/stm32cubeide_1.11.2/stm32cubeide/plugins/com.st.stm32cube.ide.mcu.externaltools.gnu-tools-for-stm32.10.3-2021.10.win32_1.0.200.202301161003/tools/bin/../lib/gcc/arm-none-eabi/10.3.1/../../../../arm-none-eabi/lib/thumb/v7e-m+fp/hard\libc_nano.a(lib_a-mlock.o)
                0x0000000008007b4c                __malloc_lock
 .text.__malloc_unlock
                0x0000000008007b58        0xc d:/program files/stm32cubeide_1.11.2/stm32cubeide/plugins/com.st.stm32cube.ide.mcu.externaltools.gnu-tools-for-stm32.10.3-2021.10.win32_1.0.200.202301161003/tools/bin/../lib/gcc/arm-none-eabi/10.3.1/../../../../arm-none-eabi/lib/thumb/v7e-m+fp/hard\libc_nano.a(lib_a-mlock.o)
                0x0000000008007b58                __malloc_unlock
 .text.__retarget_lock_acquire_recursive
                0x0000000008007b64        0x2 d:/program files/stm32cubeide_1.11.2/stm32cubeide/plugins/com.st.stm32cube.ide.mcu.externaltools.gnu-tools-for-stm32.10.3-2021.10.win32_1.0.200.202301161003/tools/bin/../lib/gcc/arm-none-eabi/10.3.1/../../../../arm-none-eabi/lib/thumb/v7e-m+fp/hard\libc_nano.a(lib_a-lock.o)
                0x0000000008007b64                __retarget_lock_acquire_recursive
 .text.__retarget_lock_release_recursive
                0x0000000008007b66        0x2 d:/program files/stm32cubeide_1.11.2/stm32cubeide/plugins/com.st.stm32cube.ide.mcu.externaltools.gnu-tools-for-stm32.10.3-2021.10.win32_1.0.200.202301161003/tools/bin/../lib/gcc/arm-none-eabi/10.3.1/../../../../arm-none-eabi/lib/thumb/v7e-m+fp/hard\libc_nano.a(lib_a-lock.o)
                0x0000000008007b66                __retarget_lock_release_recursive
 .text.cos      0x0000000008007b68       0xa8 d:/program files/stm32cubeide_1.11.2/stm32cubeide/plugins/com.st.stm32cube.ide.mcu.externaltools.gnu-tools-for-stm32.10.3-2021.10.win32_1.0.200.202301161003/tools/bin/../lib/gcc/arm-none-eabi/10.3.1/../../../../arm-none-eabi/lib/thumb/v7e-m+fp/hard\libm.a(lib_a-s_cos.o)
                0x0000000008007b68                cos
 .text.round    0x0000000008007c10       0x8c d:/program files/stm32cubeide_1.11.2/stm32cubeide/plugins/com.st.stm32cube.ide.mcu.externaltools.gnu-tools-for-stm32.10.3-2021.10.win32_1.0.200.202301161003/tools/bin/../lib/gcc/arm-none-eabi/10.3.1/../../../../arm-none-eabi/lib/thumb/v7e-m+fp/hard\libm.a(lib_a-s_round.o)
                0x0000000008007c10                round
 *fill*         0x0000000008007c9c        0x4 
 .text.sin      0x0000000008007ca0       0xb0 d:/program files/stm32cubeide_1.11.2/stm32cubeide/plugins/com.st.stm32cube.ide.mcu.externaltools.gnu-tools-for-stm32.10.3-2021.10.win32_1.0.200.202301161003/tools/bin/../lib/gcc/arm-none-eabi/10.3.1/../../../../arm-none-eabi/lib/thumb/v7e-m+fp/hard\libm.a(lib_a-s_sin.o)
                0x0000000008007ca0                sin
 .text.__ieee754_rem_pio2
                0x0000000008007d50      0x418 d:/program files/stm32cubeide_1.11.2/stm32cubeide/plugins/com.st.stm32cube.ide.mcu.externaltools.gnu-tools-for-stm32.10.3-2021.10.win32_1.0.200.202301161003/tools/bin/../lib/gcc/arm-none-eabi/10.3.1/../../../../arm-none-eabi/lib/thumb/v7e-m+fp/hard\libm.a(lib_a-e_rem_pio2.o)
                0x0000000008007d50                __ieee754_rem_pio2
 .text.__kernel_cos
                0x0000000008008168      0x18c d:/program files/stm32cubeide_1.11.2/stm32cubeide/plugins/com.st.stm32cube.ide.mcu.externaltools.gnu-tools-for-stm32.10.3-2021.10.win32_1.0.200.202301161003/tools/bin/../lib/gcc/arm-none-eabi/10.3.1/../../../../arm-none-eabi/lib/thumb/v7e-m+fp/hard\libm.a(lib_a-k_cos.o)
                0x0000000008008168                __kernel_cos
 *fill*         0x00000000080082f4        0x4 
 .text.__kernel_rem_pio2
                0x00000000080082f8      0x69c d:/program files/stm32cubeide_1.11.2/stm32cubeide/plugins/com.st.stm32cube.ide.mcu.externaltools.gnu-tools-for-stm32.10.3-2021.10.win32_1.0.200.202301161003/tools/bin/../lib/gcc/arm-none-eabi/10.3.1/../../../../arm-none-eabi/lib/thumb/v7e-m+fp/hard\libm.a(lib_a-k_rem_pio2.o)
                0x00000000080082f8                __kernel_rem_pio2
 *fill*         0x0000000008008994        0x4 
 .text.__kernel_sin
                0x0000000008008998      0x17c d:/program files/stm32cubeide_1.11.2/stm32cubeide/plugins/com.st.stm32cube.ide.mcu.externaltools.gnu-tools-for-stm32.10.3-2021.10.win32_1.0.200.202301161003/tools/bin/../lib/gcc/arm-none-eabi/10.3.1/../../../../arm-none-eabi/lib/thumb/v7e-m+fp/hard\libm.a(lib_a-k_sin.o)
                0x0000000008008998                __kernel_sin
 .text.fabs     0x0000000008008b14       0x12 d:/program files/stm32cubeide_1.11.2/stm32cubeide/plugins/com.st.stm32cube.ide.mcu.externaltools.gnu-tools-for-stm32.10.3-2021.10.win32_1.0.200.202301161003/tools/bin/../lib/gcc/arm-none-eabi/10.3.1/../../../../arm-none-eabi/lib/thumb/v7e-m+fp/hard\libm.a(lib_a-s_fabs.o)
                0x0000000008008b14                fabs
 *fill*         0x0000000008008b26        0x2 
 .text.floor    0x0000000008008b28      0x100 d:/program files/stm32cubeide_1.11.2/stm32cubeide/plugins/com.st.stm32cube.ide.mcu.externaltools.gnu-tools-for-stm32.10.3-2021.10.win32_1.0.200.202301161003/tools/bin/../lib/gcc/arm-none-eabi/10.3.1/../../../../arm-none-eabi/lib/thumb/v7e-m+fp/hard\libm.a(lib_a-s_floor.o)
                0x0000000008008b28                floor
 .text.scalbn   0x0000000008008c28      0x10c d:/program files/stm32cubeide_1.11.2/stm32cubeide/plugins/com.st.stm32cube.ide.mcu.externaltools.gnu-tools-for-stm32.10.3-2021.10.win32_1.0.200.202301161003/tools/bin/../lib/gcc/arm-none-eabi/10.3.1/../../../../arm-none-eabi/lib/thumb/v7e-m+fp/hard\libm.a(lib_a-s_scalbn.o)
                0x0000000008008c28                scalbn
 *(.glue_7)
 .glue_7        0x0000000008008d34        0x0 linker stubs
 *(.glue_7t)
 .glue_7t       0x0000000008008d34        0x0 linker stubs
 *(.eh_frame)
 .eh_frame      0x0000000008008d34        0x0 d:/program files/stm32cubeide_1.11.2/stm32cubeide/plugins/com.st.stm32cube.ide.mcu.externaltools.gnu-tools-for-stm32.10.3-2021.10.win32_1.0.200.202301161003/tools/bin/../lib/gcc/arm-none-eabi/10.3.1/thumb/v7e-m+fp/hard/crtbegin.o
 *(.init)
 .init          0x0000000008008d34        0x4 d:/program files/stm32cubeide_1.11.2/stm32cubeide/plugins/com.st.stm32cube.ide.mcu.externaltools.gnu-tools-for-stm32.10.3-2021.10.win32_1.0.200.202301161003/tools/bin/../lib/gcc/arm-none-eabi/10.3.1/thumb/v7e-m+fp/hard/crti.o
                0x0000000008008d34                _init
 .init          0x0000000008008d38        0x8 d:/program files/stm32cubeide_1.11.2/stm32cubeide/plugins/com.st.stm32cube.ide.mcu.externaltools.gnu-tools-for-stm32.10.3-2021.10.win32_1.0.200.202301161003/tools/bin/../lib/gcc/arm-none-eabi/10.3.1/thumb/v7e-m+fp/hard/crtn.o
 *(.fini)
 .fini          0x0000000008008d40        0x4 d:/program files/stm32cubeide_1.11.2/stm32cubeide/plugins/com.st.stm32cube.ide.mcu.externaltools.gnu-tools-for-stm32.10.3-2021.10.win32_1.0.200.202301161003/tools/bin/../lib/gcc/arm-none-eabi/10.3.1/thumb/v7e-m+fp/hard/crti.o
                0x0000000008008d40                _fini
 .fini          0x0000000008008d44        0x8 d:/program files/stm32cubeide_1.11.2/stm32cubeide/plugins/com.st.stm32cube.ide.mcu.externaltools.gnu-tools-for-stm32.10.3-2021.10.win32_1.0.200.202301161003/tools/bin/../lib/gcc/arm-none-eabi/10.3.1/thumb/v7e-m+fp/hard/crtn.o
                0x0000000008008d4c                . = ALIGN (0x4)
                0x0000000008008d4c                _etext = .

.vfp11_veneer   0x0000000008008d4c        0x0
 .vfp11_veneer  0x0000000008008d4c        0x0 linker stubs

.v4_bx          0x0000000008008d4c        0x0
 .v4_bx         0x0000000008008d4c        0x0 linker stubs

.iplt           0x0000000008008d4c        0x0
 .iplt          0x0000000008008d4c        0x0 d:/program files/stm32cubeide_1.11.2/stm32cubeide/plugins/com.st.stm32cube.ide.mcu.externaltools.gnu-tools-for-stm32.10.3-2021.10.win32_1.0.200.202301161003/tools/bin/../lib/gcc/arm-none-eabi/10.3.1/thumb/v7e-m+fp/hard/crtbegin.o

.rodata         0x0000000008008d50     0x10c8
                0x0000000008008d50                . = ALIGN (0x4)
 *(.rodata)
 .rodata        0x0000000008008d50        0xa ./Core/Src/display.o
 *fill*         0x0000000008008d5a        0x2 
 .rodata        0x0000000008008d5c        0xe ./Core/Src/sd.o
 *fill*         0x0000000008008d6a        0x2 
 .rodata        0x0000000008008d6c       0x44 ./Middlewares/Third_Party/FatFs/src/ff.o
 *(.rodata*)
 .rodata.Font11x18
                0x0000000008008db0      0xd5c ./Core/Src/fonts.o
 .rodata.init_cmds1
                0x0000000008009b0c       0x3b ./Core/Src/st7735.o
 *fill*         0x0000000008009b47        0x1 
 .rodata.init_cmds2
                0x0000000008009b48        0xd ./Core/Src/st7735.o
 *fill*         0x0000000008009b55        0x3 
 .rodata.init_cmds3
                0x0000000008009b58       0x2b ./Core/Src/st7735.o
 *fill*         0x0000000008009b83        0x1 
 .rodata.AHBPrescTable
                0x0000000008009b84       0x10 ./Core/Src/system_stm32f4xx.o
                0x0000000008009b84                AHBPrescTable
 .rodata.ExCvt  0x0000000008009b94       0x80 ./Middlewares/Third_Party/FatFs/src/ff.o
 .rodata.__utoa.str1.1
                0x0000000008009c14       0x25 d:/program files/stm32cubeide_1.11.2/stm32cubeide/plugins/com.st.stm32cube.ide.mcu.externaltools.gnu-tools-for-stm32.10.3-2021.10.win32_1.0.200.202301161003/tools/bin/../lib/gcc/arm-none-eabi/10.3.1/../../../../arm-none-eabi/lib/thumb/v7e-m+fp/hard\libc_nano.a(lib_a-utoa.o)
 *fill*         0x0000000008009c39        0x3 
 .rodata.npio2_hw
                0x0000000008009c3c       0x80 d:/program files/stm32cubeide_1.11.2/stm32cubeide/plugins/com.st.stm32cube.ide.mcu.externaltools.gnu-tools-for-stm32.10.3-2021.10.win32_1.0.200.202301161003/tools/bin/../lib/gcc/arm-none-eabi/10.3.1/../../../../arm-none-eabi/lib/thumb/v7e-m+fp/hard\libm.a(lib_a-e_rem_pio2.o)
 .rodata.two_over_pi
                0x0000000008009cbc      0x108 d:/program files/stm32cubeide_1.11.2/stm32cubeide/plugins/com.st.stm32cube.ide.mcu.externaltools.gnu-tools-for-stm32.10.3-2021.10.win32_1.0.200.202301161003/tools/bin/../lib/gcc/arm-none-eabi/10.3.1/../../../../arm-none-eabi/lib/thumb/v7e-m+fp/hard\libm.a(lib_a-e_rem_pio2.o)
 *fill*         0x0000000008009dc4        0x4 
 .rodata.PIo2   0x0000000008009dc8       0x40 d:/program files/stm32cubeide_1.11.2/stm32cubeide/plugins/com.st.stm32cube.ide.mcu.externaltools.gnu-tools-for-stm32.10.3-2021.10.win32_1.0.200.202301161003/tools/bin/../lib/gcc/arm-none-eabi/10.3.1/../../../../arm-none-eabi/lib/thumb/v7e-m+fp/hard\libm.a(lib_a-k_rem_pio2.o)
 .rodata.init_jk
                0x0000000008009e08       0x10 d:/program files/stm32cubeide_1.11.2/stm32cubeide/plugins/com.st.stm32cube.ide.mcu.externaltools.gnu-tools-for-stm32.10.3-2021.10.win32_1.0.200.202301161003/tools/bin/../lib/gcc/arm-none-eabi/10.3.1/../../../../arm-none-eabi/lib/thumb/v7e-m+fp/hard\libm.a(lib_a-k_rem_pio2.o)
                0x0000000008009e18                . = ALIGN (0x4)

.ARM.extab      0x0000000008009e18        0x0
                0x0000000008009e18                . = ALIGN (0x4)
 *(.ARM.extab* .gnu.linkonce.armextab.*)
                0x0000000008009e18                . = ALIGN (0x4)

.ARM            0x0000000008009e18        0x8
                0x0000000008009e18                . = ALIGN (0x4)
                0x0000000008009e18                __exidx_start = .
 *(.ARM.exidx*)
 .ARM.exidx     0x0000000008009e18        0x8 d:/program files/stm32cubeide_1.11.2/stm32cubeide/plugins/com.st.stm32cube.ide.mcu.externaltools.gnu-tools-for-stm32.10.3-2021.10.win32_1.0.200.202301161003/tools/bin/../lib/gcc/arm-none-eabi/10.3.1/thumb/v7e-m+fp/hard\libgcc.a(_udivmoddi4.o)
                0x0000000008009e20                __exidx_end = .
                0x0000000008009e20                . = ALIGN (0x4)

.rel.dyn        0x0000000008009e20        0x0
 .rel.iplt      0x0000000008009e20        0x0 d:/program files/stm32cubeide_1.11.2/stm32cubeide/plugins/com.st.stm32cube.ide.mcu.externaltools.gnu-tools-for-stm32.10.3-2021.10.win32_1.0.200.202301161003/tools/bin/../lib/gcc/arm-none-eabi/10.3.1/thumb/v7e-m+fp/hard/crtbegin.o

.preinit_array  0x0000000008009e20        0x0
                0x0000000008009e20                . = ALIGN (0x4)
                0x0000000008009e20                PROVIDE (__preinit_array_start = .)
 *(.preinit_array*)
                0x0000000008009e20                PROVIDE (__preinit_array_end = .)
                0x0000000008009e20                . = ALIGN (0x4)

.init_array     0x0000000008009e20        0x4
                0x0000000008009e20                . = ALIGN (0x4)
                0x0000000008009e20                PROVIDE (__init_array_start = .)
 *(SORT_BY_NAME(.init_array.*))
 *(.init_array*)
 .init_array    0x0000000008009e20        0x4 d:/program files/stm32cubeide_1.11.2/stm32cubeide/plugins/com.st.stm32cube.ide.mcu.externaltools.gnu-tools-for-stm32.10.3-2021.10.win32_1.0.200.202301161003/tools/bin/../lib/gcc/arm-none-eabi/10.3.1/thumb/v7e-m+fp/hard/crtbegin.o
                0x0000000008009e24                PROVIDE (__init_array_end = .)
                0x0000000008009e24                . = ALIGN (0x4)

.fini_array     0x0000000008009e24        0x4
                0x0000000008009e24                . = ALIGN (0x4)
                [!provide]                        PROVIDE (__fini_array_start = .)
 *(SORT_BY_NAME(.fini_array.*))
 *(.fini_array*)
 .fini_array    0x0000000008009e24        0x4 d:/program files/stm32cubeide_1.11.2/stm32cubeide/plugins/com.st.stm32cube.ide.mcu.externaltools.gnu-tools-for-stm32.10.3-2021.10.win32_1.0.200.202301161003/tools/bin/../lib/gcc/arm-none-eabi/10.3.1/thumb/v7e-m+fp/hard/crtbegin.o
                [!provide]                        PROVIDE (__fini_array_end = .)
                0x0000000008009e28                . = ALIGN (0x4)
                0x0000000008009e28                _sidata = LOADADDR (.data)

.data           0x0000000020000000       0x90 load address 0x0000000008009e28
                0x0000000020000000                . = ALIGN (0x4)
                0x0000000020000000                _sdata = .
 *(.data)
 *(.data*)
 .data.Font_11x18
                0x0000000020000000        0x8 ./Core/Src/fonts.o
                0x0000000020000000                Font_11x18
 .data.SystemCoreClock
                0x0000000020000008        0x4 ./Core/Src/system_stm32f4xx.o
                0x0000000020000008                SystemCoreClock
 .data.Stat     0x000000002000000c        0x1 ./Core/Src/user_diskio_spi.o
 *fill*         0x000000002000000d        0x3 
 .data.uwTickPrio
                0x0000000020000010        0x4 ./Drivers/STM32F4xx_HAL_Driver/Src/stm32f4xx_hal.o
                0x0000000020000010                uwTickPrio
 .data.uwTickFreq
                0x0000000020000014        0x1 ./Drivers/STM32F4xx_HAL_Driver/Src/stm32f4xx_hal.o
                0x0000000020000014                uwTickFreq
 *fill*         0x0000000020000015        0x3 
 .data.USER_Driver
                0x0000000020000018       0x14 ./FATFS/Target/user_diskio.o
                0x0000000020000018                USER_Driver
 .data._impure_ptr
                0x000000002000002c        0x4 d:/program files/stm32cubeide_1.11.2/stm32cubeide/plugins/com.st.stm32cube.ide.mcu.externaltools.gnu-tools-for-stm32.10.3-2021.10.win32_1.0.200.202301161003/tools/bin/../lib/gcc/arm-none-eabi/10.3.1/../../../../arm-none-eabi/lib/thumb/v7e-m+fp/hard\libc_nano.a(lib_a-impure.o)
                0x000000002000002c                _impure_ptr
 .data.impure_data
                0x0000000020000030       0x60 d:/program files/stm32cubeide_1.11.2/stm32cubeide/plugins/com.st.stm32cube.ide.mcu.externaltools.gnu-tools-for-stm32.10.3-2021.10.win32_1.0.200.202301161003/tools/bin/../lib/gcc/arm-none-eabi/10.3.1/../../../../arm-none-eabi/lib/thumb/v7e-m+fp/hard\libc_nano.a(lib_a-impure.o)
 *(.RamFunc)
 *(.RamFunc*)
                0x0000000020000090                . = ALIGN (0x4)
                0x0000000020000090                _edata = .

.igot.plt       0x0000000020000090        0x0 load address 0x0000000008009eb8
 .igot.plt      0x0000000020000090        0x0 d:/program files/stm32cubeide_1.11.2/stm32cubeide/plugins/com.st.stm32cube.ide.mcu.externaltools.gnu-tools-for-stm32.10.3-2021.10.win32_1.0.200.202301161003/tools/bin/../lib/gcc/arm-none-eabi/10.3.1/thumb/v7e-m+fp/hard/crtbegin.o
                0x0000000020000090                . = ALIGN (0x4)

.bss            0x0000000020000090      0x6b4 load address 0x0000000008009eb8
                0x0000000020000090                _sbss = .
                0x0000000020000090                __bss_start__ = _sbss
 *(.bss)
 .bss           0x0000000020000090       0x1c d:/program files/stm32cubeide_1.11.2/stm32cubeide/plugins/com.st.stm32cube.ide.mcu.externaltools.gnu-tools-for-stm32.10.3-2021.10.win32_1.0.200.202301161003/tools/bin/../lib/gcc/arm-none-eabi/10.3.1/thumb/v7e-m+fp/hard/crtbegin.o
 *(.bss*)
 .bss.hadc1     0x00000000200000ac       0x48 ./Core/Src/adc.o
                0x00000000200000ac                hadc1
 .bss.sd_err    0x00000000200000f4        0x4 ./Core/Src/main.o
                0x00000000200000f4                sd_err
 .bss.flaga     0x00000000200000f8        0x4 ./Core/Src/main.o
                0x00000000200000f8                flaga
 .bss.p1        0x00000000200000fc       0x10 ./Core/Src/main.o
                0x00000000200000fc                p1
 .bss.p2        0x000000002000010c       0x10 ./Core/Src/main.o
                0x000000002000010c                p2
 *fill*         0x000000002000011c        0x4 
 .bss.b         0x0000000020000120       0x20 ./Core/Src/main.o
                0x0000000020000120                b
 .bss.FatFs     0x0000000020000140      0x230 ./Core/Src/sd.o
                0x0000000020000140                FatFs
 .bss.fil       0x0000000020000370      0x230 ./Core/Src/sd.o
                0x0000000020000370                fil
 .bss.fres      0x00000000200005a0        0x1 ./Core/Src/sd.o
                0x00000000200005a0                fres
 *fill*         0x00000000200005a1        0x3 
 .bss.hspi1     0x00000000200005a4       0x58 ./Core/Src/spi.o
                0x00000000200005a4                hspi1
 .bss.hspi2     0x00000000200005fc       0x58 ./Core/Src/spi.o
                0x00000000200005fc                hspi2
 .bss.__sbrk_heap_end
                0x0000000020000654        0x4 ./Core/Src/sysmem.o
 .bss.htim10    0x0000000020000658       0x48 ./Core/Src/tim.o
                0x0000000020000658                htim10
 .bss.htim11    0x00000000200006a0       0x48 ./Core/Src/tim.o
                0x00000000200006a0                htim11
 .bss.CardType  0x00000000200006e8        0x1 ./Core/Src/user_diskio_spi.o
 *fill*         0x00000000200006e9        0x3 
 .bss.spiTimerTickStart
                0x00000000200006ec        0x4 ./Core/Src/user_diskio_spi.o
                0x00000000200006ec                spiTimerTickStart
 .bss.spiTimerTickDelay
                0x00000000200006f0        0x4 ./Core/Src/user_diskio_spi.o
                0x00000000200006f0                spiTimerTickDelay
 .bss.uwTick    0x00000000200006f4        0x4 ./Drivers/STM32F4xx_HAL_Driver/Src/stm32f4xx_hal.o
                0x00000000200006f4                uwTick
 .bss.retUSER   0x00000000200006f8        0x1 ./FATFS/App/fatfs.o
                0x00000000200006f8                retUSER
 *fill*         0x00000000200006f9        0x3 
 .bss.USERPath  0x00000000200006fc        0x4 ./FATFS/App/fatfs.o
                0x00000000200006fc                USERPath
 .bss.FatFs     0x0000000020000700        0x4 ./Middlewares/Third_Party/FatFs/src/ff.o
 .bss.Fsid      0x0000000020000704        0x2 ./Middlewares/Third_Party/FatFs/src/ff.o
 *fill*         0x0000000020000706        0x2 
 .bss.Files     0x0000000020000708       0x20 ./Middlewares/Third_Party/FatFs/src/ff.o
 .bss.disk      0x0000000020000728        0xc ./Middlewares/Third_Party/FatFs/src/ff_gen_drv.o
                0x0000000020000728                disk
 .bss.__malloc_free_list
                0x0000000020000734        0x4 d:/program files/stm32cubeide_1.11.2/stm32cubeide/plugins/com.st.stm32cube.ide.mcu.externaltools.gnu-tools-for-stm32.10.3-2021.10.win32_1.0.200.202301161003/tools/bin/../lib/gcc/arm-none-eabi/10.3.1/../../../../arm-none-eabi/lib/thumb/v7e-m+fp/hard\libc_nano.a(lib_a-nano-mallocr.o)
                0x0000000020000734                __malloc_free_list
 .bss.__malloc_sbrk_start
                0x0000000020000738        0x4 d:/program files/stm32cubeide_1.11.2/stm32cubeide/plugins/com.st.stm32cube.ide.mcu.externaltools.gnu-tools-for-stm32.10.3-2021.10.win32_1.0.200.202301161003/tools/bin/../lib/gcc/arm-none-eabi/10.3.1/../../../../arm-none-eabi/lib/thumb/v7e-m+fp/hard\libc_nano.a(lib_a-nano-mallocr.o)
                0x0000000020000738                __malloc_sbrk_start
 .bss.errno     0x000000002000073c        0x4 d:/program files/stm32cubeide_1.11.2/stm32cubeide/plugins/com.st.stm32cube.ide.mcu.externaltools.gnu-tools-for-stm32.10.3-2021.10.win32_1.0.200.202301161003/tools/bin/../lib/gcc/arm-none-eabi/10.3.1/../../../../arm-none-eabi/lib/thumb/v7e-m+fp/hard\libc_nano.a(lib_a-reent.o)
                0x000000002000073c                errno
 .bss.__lock___malloc_recursive_mutex
                0x0000000020000740        0x1 d:/program files/stm32cubeide_1.11.2/stm32cubeide/plugins/com.st.stm32cube.ide.mcu.externaltools.gnu-tools-for-stm32.10.3-2021.10.win32_1.0.200.202301161003/tools/bin/../lib/gcc/arm-none-eabi/10.3.1/../../../../arm-none-eabi/lib/thumb/v7e-m+fp/hard\libc_nano.a(lib_a-lock.o)
                0x0000000020000740                __lock___malloc_recursive_mutex
 *(COMMON)
                0x0000000020000744                . = ALIGN (0x4)
 *fill*         0x0000000020000741        0x3 
                0x0000000020000744                _ebss = .
                0x0000000020000744                __bss_end__ = _ebss

._user_heap_stack
                0x0000000020000744      0x604 load address 0x0000000008009eb8
                0x0000000020000748                . = ALIGN (0x8)
 *fill*         0x0000000020000744        0x4 
                [!provide]                        PROVIDE (end = .)
                0x0000000020000748                PROVIDE (_end = .)
                0x0000000020000948                . = (. + _Min_Heap_Size)
 *fill*         0x0000000020000748      0x200 
                0x0000000020000d48                . = (. + _Min_Stack_Size)
 *fill*         0x0000000020000948      0x400 
                0x0000000020000d48                . = ALIGN (0x8)

/DISCARD/
 libc.a(*)
 libm.a(*)
 libgcc.a(*)

.ARM.attributes
                0x0000000000000000       0x30
 *(.ARM.attributes)
 .ARM.attributes
                0x0000000000000000       0x1e d:/program files/stm32cubeide_1.11.2/stm32cubeide/plugins/com.st.stm32cube.ide.mcu.externaltools.gnu-tools-for-stm32.10.3-2021.10.win32_1.0.200.202301161003/tools/bin/../lib/gcc/arm-none-eabi/10.3.1/thumb/v7e-m+fp/hard/crti.o
 .ARM.attributes
                0x000000000000001e       0x34 d:/program files/stm32cubeide_1.11.2/stm32cubeide/plugins/com.st.stm32cube.ide.mcu.externaltools.gnu-tools-for-stm32.10.3-2021.10.win32_1.0.200.202301161003/tools/bin/../lib/gcc/arm-none-eabi/10.3.1/thumb/v7e-m+fp/hard/crtbegin.o
 .ARM.attributes
                0x0000000000000052       0x34 ./Core/Src/adc.o
 .ARM.attributes
                0x0000000000000086       0x34 ./Core/Src/display.o
 .ARM.attributes
                0x00000000000000ba       0x34 ./Core/Src/fonts.o
 .ARM.attributes
                0x00000000000000ee       0x34 ./Core/Src/game.o
 .ARM.attributes
                0x0000000000000122       0x34 ./Core/Src/gpio.o
 .ARM.attributes
                0x0000000000000156       0x34 ./Core/Src/main.o
 .ARM.attributes
                0x000000000000018a       0x34 ./Core/Src/sd.o
 .ARM.attributes
                0x00000000000001be       0x34 ./Core/Src/spi.o
 .ARM.attributes
                0x00000000000001f2       0x34 ./Core/Src/st7735.o
 .ARM.attributes
                0x0000000000000226       0x34 ./Core/Src/stm32f4xx_hal_msp.o
 .ARM.attributes
                0x000000000000025a       0x34 ./Core/Src/stm32f4xx_it.o
 .ARM.attributes
                0x000000000000028e       0x34 ./Core/Src/sysmem.o
 .ARM.attributes
                0x00000000000002c2       0x34 ./Core/Src/system_stm32f4xx.o
 .ARM.attributes
                0x00000000000002f6       0x34 ./Core/Src/tim.o
 .ARM.attributes
                0x000000000000032a       0x34 ./Core/Src/user_diskio_spi.o
 .ARM.attributes
                0x000000000000035e       0x21 ./Core/Startup/startup_stm32f401ccux.o
 .ARM.attributes
                0x000000000000037f       0x34 ./Drivers/STM32F4xx_HAL_Driver/Src/stm32f4xx_hal.o
 .ARM.attributes
                0x00000000000003b3       0x34 ./Drivers/STM32F4xx_HAL_Driver/Src/stm32f4xx_hal_adc.o
 .ARM.attributes
                0x00000000000003e7       0x34 ./Drivers/STM32F4xx_HAL_Driver/Src/stm32f4xx_hal_cortex.o
 .ARM.attributes
                0x000000000000041b       0x34 ./Drivers/STM32F4xx_HAL_Driver/Src/stm32f4xx_hal_gpio.o
 .ARM.attributes
                0x000000000000044f       0x34 ./Drivers/STM32F4xx_HAL_Driver/Src/stm32f4xx_hal_rcc.o
 .ARM.attributes
                0x0000000000000483       0x34 ./Drivers/STM32F4xx_HAL_Driver/Src/stm32f4xx_hal_spi.o
 .ARM.attributes
                0x00000000000004b7       0x34 ./Drivers/STM32F4xx_HAL_Driver/Src/stm32f4xx_hal_tim.o
 .ARM.attributes
                0x00000000000004eb       0x34 ./Drivers/STM32F4xx_HAL_Driver/Src/stm32f4xx_hal_tim_ex.o
 .ARM.attributes
                0x000000000000051f       0x34 ./FATFS/App/fatfs.o
 .ARM.attributes
                0x0000000000000553       0x34 ./FATFS/Target/user_diskio.o
 .ARM.attributes
                0x0000000000000587       0x34 ./Middlewares/Third_Party/FatFs/src/diskio.o
 .ARM.attributes
                0x00000000000005bb       0x34 ./Middlewares/Third_Party/FatFs/src/ff.o
 .ARM.attributes
                0x00000000000005ef       0x34 ./Middlewares/Third_Party/FatFs/src/ff_gen_drv.o
 .ARM.attributes
                0x0000000000000623       0x34 d:/program files/stm32cubeide_1.11.2/stm32cubeide/plugins/com.st.stm32cube.ide.mcu.externaltools.gnu-tools-for-stm32.10.3-2021.10.win32_1.0.200.202301161003/tools/bin/../lib/gcc/arm-none-eabi/10.3.1/../../../../arm-none-eabi/lib/thumb/v7e-m+fp/hard\libc_nano.a(lib_a-errno.o)
 .ARM.attributes
                0x0000000000000657       0x34 d:/program files/stm32cubeide_1.11.2/stm32cubeide/plugins/com.st.stm32cube.ide.mcu.externaltools.gnu-tools-for-stm32.10.3-2021.10.win32_1.0.200.202301161003/tools/bin/../lib/gcc/arm-none-eabi/10.3.1/../../../../arm-none-eabi/lib/thumb/v7e-m+fp/hard\libc_nano.a(lib_a-impure.o)
 .ARM.attributes
                0x000000000000068b       0x34 d:/program files/stm32cubeide_1.11.2/stm32cubeide/plugins/com.st.stm32cube.ide.mcu.externaltools.gnu-tools-for-stm32.10.3-2021.10.win32_1.0.200.202301161003/tools/bin/../lib/gcc/arm-none-eabi/10.3.1/../../../../arm-none-eabi/lib/thumb/v7e-m+fp/hard\libc_nano.a(lib_a-init.o)
 .ARM.attributes
                0x00000000000006bf       0x34 d:/program files/stm32cubeide_1.11.2/stm32cubeide/plugins/com.st.stm32cube.ide.mcu.externaltools.gnu-tools-for-stm32.10.3-2021.10.win32_1.0.200.202301161003/tools/bin/../lib/gcc/arm-none-eabi/10.3.1/../../../../arm-none-eabi/lib/thumb/v7e-m+fp/hard\libc_nano.a(lib_a-itoa.o)
 .ARM.attributes
                0x00000000000006f3       0x34 d:/program files/stm32cubeide_1.11.2/stm32cubeide/plugins/com.st.stm32cube.ide.mcu.externaltools.gnu-tools-for-stm32.10.3-2021.10.win32_1.0.200.202301161003/tools/bin/../lib/gcc/arm-none-eabi/10.3.1/../../../../arm-none-eabi/lib/thumb/v7e-m+fp/hard\libc_nano.a(lib_a-malloc.o)
 .ARM.attributes
                0x0000000000000727       0x34 d:/program files/stm32cubeide_1.11.2/stm32cubeide/plugins/com.st.stm32cube.ide.mcu.externaltools.gnu-tools-for-stm32.10.3-2021.10.win32_1.0.200.202301161003/tools/bin/../lib/gcc/arm-none-eabi/10.3.1/../../../../arm-none-eabi/lib/thumb/v7e-m+fp/hard\libc_nano.a(lib_a-memset.o)
 .ARM.attributes
                0x000000000000075b       0x34 d:/program files/stm32cubeide_1.11.2/stm32cubeide/plugins/com.st.stm32cube.ide.mcu.externaltools.gnu-tools-for-stm32.10.3-2021.10.win32_1.0.200.202301161003/tools/bin/../lib/gcc/arm-none-eabi/10.3.1/../../../../arm-none-eabi/lib/thumb/v7e-m+fp/hard\libc_nano.a(lib_a-nano-freer.o)
 .ARM.attributes
                0x000000000000078f       0x34 d:/program files/stm32cubeide_1.11.2/stm32cubeide/plugins/com.st.stm32cube.ide.mcu.externaltools.gnu-tools-for-stm32.10.3-2021.10.win32_1.0.200.202301161003/tools/bin/../lib/gcc/arm-none-eabi/10.3.1/../../../../arm-none-eabi/lib/thumb/v7e-m+fp/hard\libc_nano.a(lib_a-nano-mallocr.o)
 .ARM.attributes
                0x00000000000007c3       0x34 d:/program files/stm32cubeide_1.11.2/stm32cubeide/plugins/com.st.stm32cube.ide.mcu.externaltools.gnu-tools-for-stm32.10.3-2021.10.win32_1.0.200.202301161003/tools/bin/../lib/gcc/arm-none-eabi/10.3.1/../../../../arm-none-eabi/lib/thumb/v7e-m+fp/hard\libc_nano.a(lib_a-sbrkr.o)
 .ARM.attributes
                0x00000000000007f7       0x34 d:/program files/stm32cubeide_1.11.2/stm32cubeide/plugins/com.st.stm32cube.ide.mcu.externaltools.gnu-tools-for-stm32.10.3-2021.10.win32_1.0.200.202301161003/tools/bin/../lib/gcc/arm-none-eabi/10.3.1/../../../../arm-none-eabi/lib/thumb/v7e-m+fp/hard\libc_nano.a(lib_a-utoa.o)
 .ARM.attributes
                0x000000000000082b       0x34 d:/program files/stm32cubeide_1.11.2/stm32cubeide/plugins/com.st.stm32cube.ide.mcu.externaltools.gnu-tools-for-stm32.10.3-2021.10.win32_1.0.200.202301161003/tools/bin/../lib/gcc/arm-none-eabi/10.3.1/../../../../arm-none-eabi/lib/thumb/v7e-m+fp/hard\libc_nano.a(lib_a-mlock.o)
 .ARM.attributes
                0x000000000000085f       0x34 d:/program files/stm32cubeide_1.11.2/stm32cubeide/plugins/com.st.stm32cube.ide.mcu.externaltools.gnu-tools-for-stm32.10.3-2021.10.win32_1.0.200.202301161003/tools/bin/../lib/gcc/arm-none-eabi/10.3.1/../../../../arm-none-eabi/lib/thumb/v7e-m+fp/hard\libc_nano.a(lib_a-reent.o)
 .ARM.attributes
                0x0000000000000893       0x34 d:/program files/stm32cubeide_1.11.2/stm32cubeide/plugins/com.st.stm32cube.ide.mcu.externaltools.gnu-tools-for-stm32.10.3-2021.10.win32_1.0.200.202301161003/tools/bin/../lib/gcc/arm-none-eabi/10.3.1/../../../../arm-none-eabi/lib/thumb/v7e-m+fp/hard\libc_nano.a(lib_a-lock.o)
 .ARM.attributes
                0x00000000000008c7       0x34 d:/program files/stm32cubeide_1.11.2/stm32cubeide/plugins/com.st.stm32cube.ide.mcu.externaltools.gnu-tools-for-stm32.10.3-2021.10.win32_1.0.200.202301161003/tools/bin/../lib/gcc/arm-none-eabi/10.3.1/../../../../arm-none-eabi/lib/thumb/v7e-m+fp/hard\libm.a(lib_a-s_cos.o)
 .ARM.attributes
                0x00000000000008fb       0x34 d:/program files/stm32cubeide_1.11.2/stm32cubeide/plugins/com.st.stm32cube.ide.mcu.externaltools.gnu-tools-for-stm32.10.3-2021.10.win32_1.0.200.202301161003/tools/bin/../lib/gcc/arm-none-eabi/10.3.1/../../../../arm-none-eabi/lib/thumb/v7e-m+fp/hard\libm.a(lib_a-s_round.o)
 .ARM.attributes
                0x000000000000092f       0x34 d:/program files/stm32cubeide_1.11.2/stm32cubeide/plugins/com.st.stm32cube.ide.mcu.externaltools.gnu-tools-for-stm32.10.3-2021.10.win32_1.0.200.202301161003/tools/bin/../lib/gcc/arm-none-eabi/10.3.1/../../../../arm-none-eabi/lib/thumb/v7e-m+fp/hard\libm.a(lib_a-s_sin.o)
 .ARM.attributes
                0x0000000000000963       0x34 d:/program files/stm32cubeide_1.11.2/stm32cubeide/plugins/com.st.stm32cube.ide.mcu.externaltools.gnu-tools-for-stm32.10.3-2021.10.win32_1.0.200.202301161003/tools/bin/../lib/gcc/arm-none-eabi/10.3.1/../../../../arm-none-eabi/lib/thumb/v7e-m+fp/hard\libm.a(lib_a-e_rem_pio2.o)
 .ARM.attributes
                0x0000000000000997       0x34 d:/program files/stm32cubeide_1.11.2/stm32cubeide/plugins/com.st.stm32cube.ide.mcu.externaltools.gnu-tools-for-stm32.10.3-2021.10.win32_1.0.200.202301161003/tools/bin/../lib/gcc/arm-none-eabi/10.3.1/../../../../arm-none-eabi/lib/thumb/v7e-m+fp/hard\libm.a(lib_a-k_cos.o)
 .ARM.attributes
                0x00000000000009cb       0x34 d:/program files/stm32cubeide_1.11.2/stm32cubeide/plugins/com.st.stm32cube.ide.mcu.externaltools.gnu-tools-for-stm32.10.3-2021.10.win32_1.0.200.202301161003/tools/bin/../lib/gcc/arm-none-eabi/10.3.1/../../../../arm-none-eabi/lib/thumb/v7e-m+fp/hard\libm.a(lib_a-k_rem_pio2.o)
 .ARM.attributes
                0x00000000000009ff       0x34 d:/program files/stm32cubeide_1.11.2/stm32cubeide/plugins/com.st.stm32cube.ide.mcu.externaltools.gnu-tools-for-stm32.10.3-2021.10.win32_1.0.200.202301161003/tools/bin/../lib/gcc/arm-none-eabi/10.3.1/../../../../arm-none-eabi/lib/thumb/v7e-m+fp/hard\libm.a(lib_a-k_sin.o)
 .ARM.attributes
                0x0000000000000a33       0x34 d:/program files/stm32cubeide_1.11.2/stm32cubeide/plugins/com.st.stm32cube.ide.mcu.externaltools.gnu-tools-for-stm32.10.3-2021.10.win32_1.0.200.202301161003/tools/bin/../lib/gcc/arm-none-eabi/10.3.1/../../../../arm-none-eabi/lib/thumb/v7e-m+fp/hard\libm.a(lib_a-s_fabs.o)
 .ARM.attributes
                0x0000000000000a67       0x34 d:/program files/stm32cubeide_1.11.2/stm32cubeide/plugins/com.st.stm32cube.ide.mcu.externaltools.gnu-tools-for-stm32.10.3-2021.10.win32_1.0.200.202301161003/tools/bin/../lib/gcc/arm-none-eabi/10.3.1/../../../../arm-none-eabi/lib/thumb/v7e-m+fp/hard\libm.a(lib_a-s_floor.o)
 .ARM.attributes
                0x0000000000000a9b       0x34 d:/program files/stm32cubeide_1.11.2/stm32cubeide/plugins/com.st.stm32cube.ide.mcu.externaltools.gnu-tools-for-stm32.10.3-2021.10.win32_1.0.200.202301161003/tools/bin/../lib/gcc/arm-none-eabi/10.3.1/../../../../arm-none-eabi/lib/thumb/v7e-m+fp/hard\libm.a(lib_a-s_scalbn.o)
 .ARM.attributes
                0x0000000000000acf       0x1e d:/program files/stm32cubeide_1.11.2/stm32cubeide/plugins/com.st.stm32cube.ide.mcu.externaltools.gnu-tools-for-stm32.10.3-2021.10.win32_1.0.200.202301161003/tools/bin/../lib/gcc/arm-none-eabi/10.3.1/thumb/v7e-m+fp/hard\libgcc.a(_arm_addsubdf3.o)
 .ARM.attributes
                0x0000000000000aed       0x1e d:/program files/stm32cubeide_1.11.2/stm32cubeide/plugins/com.st.stm32cube.ide.mcu.externaltools.gnu-tools-for-stm32.10.3-2021.10.win32_1.0.200.202301161003/tools/bin/../lib/gcc/arm-none-eabi/10.3.1/thumb/v7e-m+fp/hard\libgcc.a(_arm_muldivdf3.o)
 .ARM.attributes
                0x0000000000000b0b       0x1e d:/program files/stm32cubeide_1.11.2/stm32cubeide/plugins/com.st.stm32cube.ide.mcu.externaltools.gnu-tools-for-stm32.10.3-2021.10.win32_1.0.200.202301161003/tools/bin/../lib/gcc/arm-none-eabi/10.3.1/thumb/v7e-m+fp/hard\libgcc.a(_arm_cmpdf2.o)
 .ARM.attributes
                0x0000000000000b29       0x1e d:/program files/stm32cubeide_1.11.2/stm32cubeide/plugins/com.st.stm32cube.ide.mcu.externaltools.gnu-tools-for-stm32.10.3-2021.10.win32_1.0.200.202301161003/tools/bin/../lib/gcc/arm-none-eabi/10.3.1/thumb/v7e-m+fp/hard\libgcc.a(_arm_fixdfsi.o)
 .ARM.attributes
                0x0000000000000b47       0x1e d:/program files/stm32cubeide_1.11.2/stm32cubeide/plugins/com.st.stm32cube.ide.mcu.externaltools.gnu-tools-for-stm32.10.3-2021.10.win32_1.0.200.202301161003/tools/bin/../lib/gcc/arm-none-eabi/10.3.1/thumb/v7e-m+fp/hard\libgcc.a(_arm_truncdfsf2.o)
 .ARM.attributes
                0x0000000000000b65       0x1e d:/program files/stm32cubeide_1.11.2/stm32cubeide/plugins/com.st.stm32cube.ide.mcu.externaltools.gnu-tools-for-stm32.10.3-2021.10.win32_1.0.200.202301161003/tools/bin/../lib/gcc/arm-none-eabi/10.3.1/thumb/v7e-m+fp/hard\libgcc.a(_aeabi_uldivmod.o)
 .ARM.attributes
                0x0000000000000b83       0x34 d:/program files/stm32cubeide_1.11.2/stm32cubeide/plugins/com.st.stm32cube.ide.mcu.externaltools.gnu-tools-for-stm32.10.3-2021.10.win32_1.0.200.202301161003/tools/bin/../lib/gcc/arm-none-eabi/10.3.1/thumb/v7e-m+fp/hard\libgcc.a(_udivmoddi4.o)
 .ARM.attributes
                0x0000000000000bb7       0x1e d:/program files/stm32cubeide_1.11.2/stm32cubeide/plugins/com.st.stm32cube.ide.mcu.externaltools.gnu-tools-for-stm32.10.3-2021.10.win32_1.0.200.202301161003/tools/bin/../lib/gcc/arm-none-eabi/10.3.1/thumb/v7e-m+fp/hard\libgcc.a(_dvmd_tls.o)
 .ARM.attributes
                0x0000000000000bd5       0x1e d:/program files/stm32cubeide_1.11.2/stm32cubeide/plugins/com.st.stm32cube.ide.mcu.externaltools.gnu-tools-for-stm32.10.3-2021.10.win32_1.0.200.202301161003/tools/bin/../lib/gcc/arm-none-eabi/10.3.1/thumb/v7e-m+fp/hard/crtn.o
OUTPUT(PONG.elf elf32-littlearm)
LOAD linker stubs
LOAD d:/program files/stm32cubeide_1.11.2/stm32cubeide/plugins/com.st.stm32cube.ide.mcu.externaltools.gnu-tools-for-stm32.10.3-2021.10.win32_1.0.200.202301161003/tools/bin/../lib/gcc/arm-none-eabi/10.3.1/../../../../arm-none-eabi/lib/thumb/v7e-m+fp/hard\libc.a
LOAD d:/program files/stm32cubeide_1.11.2/stm32cubeide/plugins/com.st.stm32cube.ide.mcu.externaltools.gnu-tools-for-stm32.10.3-2021.10.win32_1.0.200.202301161003/tools/bin/../lib/gcc/arm-none-eabi/10.3.1/../../../../arm-none-eabi/lib/thumb/v7e-m+fp/hard\libm.a
LOAD d:/program files/stm32cubeide_1.11.2/stm32cubeide/plugins/com.st.stm32cube.ide.mcu.externaltools.gnu-tools-for-stm32.10.3-2021.10.win32_1.0.200.202301161003/tools/bin/../lib/gcc/arm-none-eabi/10.3.1/thumb/v7e-m+fp/hard\libgcc.a

.debug_info     0x0000000000000000    0x1387b
 .debug_info    0x0000000000000000      0xa4d ./Core/Src/adc.o
 .debug_info    0x0000000000000a4d      0x28c ./Core/Src/display.o
 .debug_info    0x0000000000000cd9      0x1ae ./Core/Src/fonts.o
 .debug_info    0x0000000000000e87      0xede ./Core/Src/game.o
 .debug_info    0x0000000000001d65      0x49d ./Core/Src/gpio.o
 .debug_info    0x0000000000002202      0xe47 ./Core/Src/main.o
 .debug_info    0x0000000000003049      0x507 ./Core/Src/sd.o
 .debug_info    0x0000000000003550      0xa75 ./Core/Src/spi.o
 .debug_info    0x0000000000003fc5      0xd47 ./Core/Src/st7735.o
 .debug_info    0x0000000000004d0c      0x2d4 ./Core/Src/stm32f4xx_hal_msp.o
 .debug_info    0x0000000000004fe0      0x74c ./Core/Src/stm32f4xx_it.o
 .debug_info    0x000000000000572c      0x171 ./Core/Src/sysmem.o
 .debug_info    0x000000000000589d      0x54f ./Core/Src/system_stm32f4xx.o
 .debug_info    0x0000000000005dec      0xb54 ./Core/Src/tim.o
 .debug_info    0x0000000000006940      0xcaa ./Core/Src/user_diskio_spi.o
 .debug_info    0x00000000000075ea       0x22 ./Core/Startup/startup_stm32f401ccux.o
 .debug_info    0x000000000000760c      0x906 ./Drivers/STM32F4xx_HAL_Driver/Src/stm32f4xx_hal.o
 .debug_info    0x0000000000007f12      0xd68 ./Drivers/STM32F4xx_HAL_Driver/Src/stm32f4xx_hal_adc.o
 .debug_info    0x0000000000008c7a      0xd85 ./Drivers/STM32F4xx_HAL_Driver/Src/stm32f4xx_hal_cortex.o
 .debug_info    0x00000000000099ff      0x78e ./Drivers/STM32F4xx_HAL_Driver/Src/stm32f4xx_hal_gpio.o
 .debug_info    0x000000000000a18d      0x98c ./Drivers/STM32F4xx_HAL_Driver/Src/stm32f4xx_hal_rcc.o
 .debug_info    0x000000000000ab19     0x1750 ./Drivers/STM32F4xx_HAL_Driver/Src/stm32f4xx_hal_spi.o
 .debug_info    0x000000000000c269     0x2bb6 ./Drivers/STM32F4xx_HAL_Driver/Src/stm32f4xx_hal_tim.o
 .debug_info    0x000000000000ee1f     0x15d8 ./Drivers/STM32F4xx_HAL_Driver/Src/stm32f4xx_hal_tim_ex.o
 .debug_info    0x00000000000103f7      0x4fa ./FATFS/App/fatfs.o
 .debug_info    0x00000000000108f1      0x3d2 ./FATFS/Target/user_diskio.o
 .debug_info    0x0000000000010cc3      0x412 ./Middlewares/Third_Party/FatFs/src/diskio.o
 .debug_info    0x00000000000110d5     0x23fd ./Middlewares/Third_Party/FatFs/src/ff.o
 .debug_info    0x00000000000134d2      0x3a9 ./Middlewares/Third_Party/FatFs/src/ff_gen_drv.o

.debug_abbrev   0x0000000000000000     0x349a
 .debug_abbrev  0x0000000000000000      0x1e0 ./Core/Src/adc.o
 .debug_abbrev  0x00000000000001e0      0x131 ./Core/Src/display.o
 .debug_abbrev  0x0000000000000311       0xad ./Core/Src/fonts.o
 .debug_abbrev  0x00000000000003be      0x27e ./Core/Src/game.o
 .debug_abbrev  0x000000000000063c      0x146 ./Core/Src/gpio.o
 .debug_abbrev  0x0000000000000782      0x290 ./Core/Src/main.o
 .debug_abbrev  0x0000000000000a12      0x19d ./Core/Src/sd.o
 .debug_abbrev  0x0000000000000baf      0x1e0 ./Core/Src/spi.o
 .debug_abbrev  0x0000000000000d8f      0x295 ./Core/Src/st7735.o
 .debug_abbrev  0x0000000000001024       0xd4 ./Core/Src/stm32f4xx_hal_msp.o
 .debug_abbrev  0x00000000000010f8      0x195 ./Core/Src/stm32f4xx_it.o
 .debug_abbrev  0x000000000000128d       0xbb ./Core/Src/sysmem.o
 .debug_abbrev  0x0000000000001348      0x116 ./Core/Src/system_stm32f4xx.o
 .debug_abbrev  0x000000000000145e      0x1fc ./Core/Src/tim.o
 .debug_abbrev  0x000000000000165a      0x306 ./Core/Src/user_diskio_spi.o
 .debug_abbrev  0x0000000000001960       0x12 ./Core/Startup/startup_stm32f401ccux.o
 .debug_abbrev  0x0000000000001972      0x23e ./Drivers/STM32F4xx_HAL_Driver/Src/stm32f4xx_hal.o
 .debug_abbrev  0x0000000000001bb0      0x204 ./Drivers/STM32F4xx_HAL_Driver/Src/stm32f4xx_hal_adc.o
 .debug_abbrev  0x0000000000001db4      0x316 ./Drivers/STM32F4xx_HAL_Driver/Src/stm32f4xx_hal_cortex.o
 .debug_abbrev  0x00000000000020ca      0x1c4 ./Drivers/STM32F4xx_HAL_Driver/Src/stm32f4xx_hal_gpio.o
 .debug_abbrev  0x000000000000228e      0x2aa ./Drivers/STM32F4xx_HAL_Driver/Src/stm32f4xx_hal_rcc.o
 .debug_abbrev  0x0000000000002538      0x26e ./Drivers/STM32F4xx_HAL_Driver/Src/stm32f4xx_hal_spi.o
 .debug_abbrev  0x00000000000027a6      0x26e ./Drivers/STM32F4xx_HAL_Driver/Src/stm32f4xx_hal_tim.o
 .debug_abbrev  0x0000000000002a14      0x276 ./Drivers/STM32F4xx_HAL_Driver/Src/stm32f4xx_hal_tim_ex.o
 .debug_abbrev  0x0000000000002c8a      0x15a ./FATFS/App/fatfs.o
 .debug_abbrev  0x0000000000002de4      0x13f ./FATFS/Target/user_diskio.o
 .debug_abbrev  0x0000000000002f23      0x178 ./Middlewares/Third_Party/FatFs/src/diskio.o
 .debug_abbrev  0x000000000000309b      0x269 ./Middlewares/Third_Party/FatFs/src/ff.o
 .debug_abbrev  0x0000000000003304      0x196 ./Middlewares/Third_Party/FatFs/src/ff_gen_drv.o

.debug_aranges  0x0000000000000000     0x1228
 .debug_aranges
                0x0000000000000000       0x30 ./Core/Src/adc.o
 .debug_aranges
                0x0000000000000030       0x48 ./Core/Src/display.o
 .debug_aranges
                0x0000000000000078       0x18 ./Core/Src/fonts.o
 .debug_aranges
                0x0000000000000090       0x98 ./Core/Src/game.o
 .debug_aranges
                0x0000000000000128       0x20 ./Core/Src/gpio.o
 .debug_aranges
                0x0000000000000148       0x38 ./Core/Src/main.o
 .debug_aranges
                0x0000000000000180       0x28 ./Core/Src/sd.o
 .debug_aranges
                0x00000000000001a8       0x38 ./Core/Src/spi.o
 .debug_aranges
                0x00000000000001e0       0xa8 ./Core/Src/st7735.o
 .debug_aranges
                0x0000000000000288       0x20 ./Core/Src/stm32f4xx_hal_msp.o
 .debug_aranges
                0x00000000000002a8       0x70 ./Core/Src/stm32f4xx_it.o
 .debug_aranges
                0x0000000000000318       0x20 ./Core/Src/sysmem.o
 .debug_aranges
                0x0000000000000338       0x28 ./Core/Src/system_stm32f4xx.o
 .debug_aranges
                0x0000000000000360       0x38 ./Core/Src/tim.o
 .debug_aranges
                0x0000000000000398       0x98 ./Core/Src/user_diskio_spi.o
 .debug_aranges
                0x0000000000000430       0x28 ./Core/Startup/startup_stm32f401ccux.o
 .debug_aranges
                0x0000000000000458       0xf0 ./Drivers/STM32F4xx_HAL_Driver/Src/stm32f4xx_hal.o
 .debug_aranges
                0x0000000000000548       0xe8 ./Drivers/STM32F4xx_HAL_Driver/Src/stm32f4xx_hal_adc.o
 .debug_aranges
                0x0000000000000630      0x118 ./Drivers/STM32F4xx_HAL_Driver/Src/stm32f4xx_hal_cortex.o
 .debug_aranges
                0x0000000000000748       0x58 ./Drivers/STM32F4xx_HAL_Driver/Src/stm32f4xx_hal_gpio.o
 .debug_aranges
                0x00000000000007a0       0x88 ./Drivers/STM32F4xx_HAL_Driver/Src/stm32f4xx_hal_rcc.o
 .debug_aranges
                0x0000000000000828      0x1d0 ./Drivers/STM32F4xx_HAL_Driver/Src/stm32f4xx_hal_spi.o
 .debug_aranges
                0x00000000000009f8      0x3d0 ./Drivers/STM32F4xx_HAL_Driver/Src/stm32f4xx_hal_tim.o
 .debug_aranges
                0x0000000000000dc8      0x168 ./Drivers/STM32F4xx_HAL_Driver/Src/stm32f4xx_hal_tim_ex.o
 .debug_aranges
                0x0000000000000f30       0x28 ./FATFS/App/fatfs.o
 .debug_aranges
                0x0000000000000f58       0x40 ./FATFS/Target/user_diskio.o
 .debug_aranges
                0x0000000000000f98       0x48 ./Middlewares/Third_Party/FatFs/src/diskio.o
 .debug_aranges
                0x0000000000000fe0      0x208 ./Middlewares/Third_Party/FatFs/src/ff.o
 .debug_aranges
                0x00000000000011e8       0x40 ./Middlewares/Third_Party/FatFs/src/ff_gen_drv.o

.debug_ranges   0x0000000000000000     0x1058
 .debug_ranges  0x0000000000000000       0x20 ./Core/Src/adc.o
 .debug_ranges  0x0000000000000020       0x38 ./Core/Src/display.o
 .debug_ranges  0x0000000000000058       0x88 ./Core/Src/game.o
 .debug_ranges  0x00000000000000e0       0x10 ./Core/Src/gpio.o
 .debug_ranges  0x00000000000000f0       0x28 ./Core/Src/main.o
 .debug_ranges  0x0000000000000118       0x18 ./Core/Src/sd.o
 .debug_ranges  0x0000000000000130       0x28 ./Core/Src/spi.o
 .debug_ranges  0x0000000000000158       0x98 ./Core/Src/st7735.o
 .debug_ranges  0x00000000000001f0       0x10 ./Core/Src/stm32f4xx_hal_msp.o
 .debug_ranges  0x0000000000000200       0x60 ./Core/Src/stm32f4xx_it.o
 .debug_ranges  0x0000000000000260       0x10 ./Core/Src/sysmem.o
 .debug_ranges  0x0000000000000270       0x18 ./Core/Src/system_stm32f4xx.o
 .debug_ranges  0x0000000000000288       0x28 ./Core/Src/tim.o
 .debug_ranges  0x00000000000002b0       0x88 ./Core/Src/user_diskio_spi.o
 .debug_ranges  0x0000000000000338       0x20 ./Core/Startup/startup_stm32f401ccux.o
 .debug_ranges  0x0000000000000358       0xe0 ./Drivers/STM32F4xx_HAL_Driver/Src/stm32f4xx_hal.o
 .debug_ranges  0x0000000000000438       0xd8 ./Drivers/STM32F4xx_HAL_Driver/Src/stm32f4xx_hal_adc.o
 .debug_ranges  0x0000000000000510      0x108 ./Drivers/STM32F4xx_HAL_Driver/Src/stm32f4xx_hal_cortex.o
 .debug_ranges  0x0000000000000618       0x48 ./Drivers/STM32F4xx_HAL_Driver/Src/stm32f4xx_hal_gpio.o
 .debug_ranges  0x0000000000000660       0x78 ./Drivers/STM32F4xx_HAL_Driver/Src/stm32f4xx_hal_rcc.o
 .debug_ranges  0x00000000000006d8      0x1c0 ./Drivers/STM32F4xx_HAL_Driver/Src/stm32f4xx_hal_spi.o
 .debug_ranges  0x0000000000000898      0x3c0 ./Drivers/STM32F4xx_HAL_Driver/Src/stm32f4xx_hal_tim.o
 .debug_ranges  0x0000000000000c58      0x158 ./Drivers/STM32F4xx_HAL_Driver/Src/stm32f4xx_hal_tim_ex.o
 .debug_ranges  0x0000000000000db0       0x18 ./FATFS/App/fatfs.o
 .debug_ranges  0x0000000000000dc8       0x30 ./FATFS/Target/user_diskio.o
 .debug_ranges  0x0000000000000df8       0x38 ./Middlewares/Third_Party/FatFs/src/diskio.o
 .debug_ranges  0x0000000000000e30      0x1f8 ./Middlewares/Third_Party/FatFs/src/ff.o
 .debug_ranges  0x0000000000001028       0x30 ./Middlewares/Third_Party/FatFs/src/ff_gen_drv.o

.debug_macro    0x0000000000000000    0x1ab62
 .debug_macro   0x0000000000000000      0x20f ./Core/Src/adc.o