Archive member included to satisfy reference by file (symbol)

d:/program files/stm32cubeide_1.11.2/stm32cubeide/plugins/com.st.stm32cube.ide.mcu.externaltools.gnu-tools-for-stm32.10.3-2021.10.win32_1.0.200.202301161003/tools/bin/../lib/gcc/arm-none-eabi/10.3.1/../../../../arm-none-eabi/lib/thumb/v7e-m+fp/hard\libc_nano.a(lib_a-errno.o)
                              ./Core/Src/syscalls.o (__errno)
d:/program files/stm32cubeide_1.11.2/stm32cubeide/plugins/com.st.stm32cube.ide.mcu.externaltools.gnu-tools-for-stm32.10.3-2021.10.win32_1.0.200.202301161003/tools/bin/../lib/gcc/arm-none-eabi/10.3.1/../../../../arm-none-eabi/lib/thumb/v7e-m+fp/hard\libc_nano.a(lib_a-exit.o)
                              d:/program files/stm32cubeide_1.11.2/stm32cubeide/plugins/com.st.stm32cube.ide.mcu.externaltools.gnu-tools-for-stm32.10.3-2021.10.win32_1.0.200.202301161003/tools/bin/../lib/gcc/arm-none-eabi/10.3.1/../../../../arm-none-eabi/lib/thumb/v7e-m+fp/hard/crt0.o (exit)
d:/program files/stm32cubeide_1.11.2/stm32cubeide/plugins/com.st.stm32cube.ide.mcu.externaltools.gnu-tools-for-stm32.10.3-2021.10.win32_1.0.200.202301161003/tools/bin/../lib/gcc/arm-none-eabi/10.3.1/../../../../arm-none-eabi/lib/thumb/v7e-m+fp/hard\libc_nano.a(lib_a-impure.o)
                              d:/program files/stm32cubeide_1.11.2/stm32cubeide/plugins/com.st.stm32cube.ide.mcu.externaltools.gnu-tools-for-stm32.10.3-2021.10.win32_1.0.200.202301161003/tools/bin/../lib/gcc/arm-none-eabi/10.3.1/../../../../arm-none-eabi/lib/thumb/v7e-m+fp/hard\libc_nano.a(lib_a-exit.o) (_global_impure_ptr)
d:/program files/stm32cubeide_1.11.2/stm32cubeide/plugins/com.st.stm32cube.ide.mcu.externaltools.gnu-tools-for-stm32.10.3-2021.10.win32_1.0.200.202301161003/tools/bin/../lib/gcc/arm-none-eabi/10.3.1/../../../../arm-none-eabi/lib/thumb/v7e-m+fp/hard\libc_nano.a(lib_a-init.o)
                              d:/program files/stm32cubeide_1.11.2/stm32cubeide/plugins/com.st.stm32cube.ide.mcu.externaltools.gnu-tools-for-stm32.10.3-2021.10.win32_1.0.200.202301161003/tools/bin/../lib/gcc/arm-none-eabi/10.3.1/../../../../arm-none-eabi/lib/thumb/v7e-m+fp/hard/crt0.o (__libc_init_array)
d:/program files/stm32cubeide_1.11.2/stm32cubeide/plugins/com.st.stm32cube.ide.mcu.externaltools.gnu-tools-for-stm32.10.3-2021.10.win32_1.0.200.202301161003/tools/bin/../lib/gcc/arm-none-eabi/10.3.1/../../../../arm-none-eabi/lib/thumb/v7e-m+fp/hard\libc_nano.a(lib_a-malloc.o)
                              ./Core/Src/st7735.o (malloc)
d:/program files/stm32cubeide_1.11.2/stm32cubeide/plugins/com.st.stm32cube.ide.mcu.externaltools.gnu-tools-for-stm32.10.3-2021.10.win32_1.0.200.202301161003/tools/bin/../lib/gcc/arm-none-eabi/10.3.1/../../../../arm-none-eabi/lib/thumb/v7e-m+fp/hard\libc_nano.a(lib_a-memset.o)
                              d:/program files/stm32cubeide_1.11.2/stm32cubeide/plugins/com.st.stm32cube.ide.mcu.externaltools.gnu-tools-for-stm32.10.3-2021.10.win32_1.0.200.202301161003/tools/bin/../lib/gcc/arm-none-eabi/10.3.1/../../../../arm-none-eabi/lib/thumb/v7e-m+fp/hard/crt0.o (memset)
d:/program files/stm32cubeide_1.11.2/stm32cubeide/plugins/com.st.stm32cube.ide.mcu.externaltools.gnu-tools-for-stm32.10.3-2021.10.win32_1.0.200.202301161003/tools/bin/../lib/gcc/arm-none-eabi/10.3.1/../../../../arm-none-eabi/lib/thumb/v7e-m+fp/hard\libc_nano.a(lib_a-nano-freer.o)
                              d:/program files/stm32cubeide_1.11.2/stm32cubeide/plugins/com.st.stm32cube.ide.mcu.externaltools.gnu-tools-for-stm32.10.3-2021.10.win32_1.0.200.202301161003/tools/bin/../lib/gcc/arm-none-eabi/10.3.1/../../../../arm-none-eabi/lib/thumb/v7e-m+fp/hard\libc_nano.a(lib_a-malloc.o) (_free_r)
d:/program files/stm32cubeide_1.11.2/stm32cubeide/plugins/com.st.stm32cube.ide.mcu.externaltools.gnu-tools-for-stm32.10.3-2021.10.win32_1.0.200.202301161003/tools/bin/../lib/gcc/arm-none-eabi/10.3.1/../../../../arm-none-eabi/lib/thumb/v7e-m+fp/hard\libc_nano.a(lib_a-nano-mallocr.o)
                              d:/program files/stm32cubeide_1.11.2/stm32cubeide/plugins/com.st.stm32cube.ide.mcu.externaltools.gnu-tools-for-stm32.10.3-2021.10.win32_1.0.200.202301161003/tools/bin/../lib/gcc/arm-none-eabi/10.3.1/../../../../arm-none-eabi/lib/thumb/v7e-m+fp/hard\libc_nano.a(lib_a-malloc.o) (_malloc_r)
d:/program files/stm32cubeide_1.11.2/stm32cubeide/plugins/com.st.stm32cube.ide.mcu.externaltools.gnu-tools-for-stm32.10.3-2021.10.win32_1.0.200.202301161003/tools/bin/../lib/gcc/arm-none-eabi/10.3.1/../../../../arm-none-eabi/lib/thumb/v7e-m+fp/hard\libc_nano.a(lib_a-sbrkr.o)
                              d:/program files/stm32cubeide_1.11.2/stm32cubeide/plugins/com.st.stm32cube.ide.mcu.externaltools.gnu-tools-for-stm32.10.3-2021.10.win32_1.0.200.202301161003/tools/bin/../lib/gcc/arm-none-eabi/10.3.1/../../../../arm-none-eabi/lib/thumb/v7e-m+fp/hard\libc_nano.a(lib_a-nano-mallocr.o) (_sbrk_r)
[...]
Memory Configuration

Name             Origin             Length             Attributes
RAM              0x0000000020000000 0x0000000000010000 xrw
FLASH            0x0000000008000000 0x0000000000040000 xr
*default*        0x0000000000000000 0xffffffffffffffff

Linker script and memory map

LOAD d:/program files/stm32cubeide_1.11.2/stm32cubeide/plugins/com.st.stm32cube.ide.mcu.externaltools.gnu-tools-for-stm32.10.3-2021.10.win32_1.0.200.202301161003/tools/bin/../lib/gcc/arm-none-eabi/10.3.1/thumb/v7e-m+fp/hard/crti.o
LOAD d:/program files/stm32cubeide_1.11.2/stm32cubeide/plugins/com.st.stm32cube.ide.mcu.externaltools.gnu-tools-for-stm32.10.3-2021.10.win32_1.0.200.202301161003/tools/bin/../lib/gcc/arm-none-eabi/10.3.1/thumb/v7e-m+fp/hard/crtbegin.o
LOAD d:/program files/stm32cubeide_1.11.2/stm32cubeide/plugins/com.st.stm32cube.ide.mcu.externaltools.gnu-tools-for-stm32.10.3-2021.10.win32_1.0.200.202301161003/tools/bin/../lib/gcc/arm-none-eabi/10.3.1/../../../../arm-none-eabi/lib/thumb/v7e-m+fp/hard/crt0.o
LOAD ./Core/Src/adc.o
LOAD ./Core/Src/display.o
LOAD ./Core/Src/dma.o
LOAD ./Core/Src/fonts.o
LOAD ./Core/Src/game.o
LOAD ./Core/Src/gpio.o
LOAD ./Core/Src/main.o
LOAD ./Core/Src/spi.o
LOAD ./Core/Src/st7735.o
LOAD ./Core/Src/stm32f4xx_hal_msp.o
LOAD ./Core/Src/stm32f4xx_it.o
LOAD ./Core/Src/syscalls.o
LOAD ./Core/Src/sysmem.o
LOAD ./Core/Src/system_stm32f4xx.o
LOAD ./Core/Src/tim.o
LOAD ./Core/Src/usart.o
LOAD ./Core/Startup/startup_stm32f401ccux.o
LOAD ./Drivers/STM32F4xx_HAL_Driver/Src/stm32f4xx_hal.o
LOAD ./Drivers/STM32F4xx_HAL_Driver/Src/stm32f4xx_hal_adc.o
LOAD ./Drivers/STM32F4xx_HAL_Driver/Src/stm32f4xx_hal_adc_ex.o
LOAD ./Drivers/STM32F4xx_HAL_Driver/Src/stm32f4xx_hal_cortex.o
LOAD ./Drivers/STM32F4xx_HAL_Driver/Src/stm32f4xx_hal_dma.o
LOAD ./Drivers/STM32F4xx_HAL_Driver/Src/stm32f4xx_hal_dma_ex.o
LOAD ./Drivers/STM32F4xx_HAL_Driver/Src/stm32f4xx_hal_exti.o
LOAD ./Drivers/STM32F4xx_HAL_Driver/Src/stm32f4xx_hal_flash.o
LOAD ./Drivers/STM32F4xx_HAL_Driver/Src/stm32f4xx_hal_flash_ex.o
LOAD ./Drivers/STM32F4xx_HAL_Driver/Src/stm32f4xx_hal_flash_ramfunc.o
LOAD ./Drivers/STM32F4xx_HAL_Driver/Src/stm32f4xx_hal_gpio.o
LOAD ./Drivers/STM32F4xx_HAL_Driver/Src/stm32f4xx_hal_pwr.o
LOAD ./Drivers/STM32F4xx_HAL_Driver/Src/stm32f4xx_hal_pwr_ex.o
LOAD ./Drivers/STM32F4xx_HAL_Driver/Src/stm32f4xx_hal_rcc.o
LOAD ./Drivers/STM32F4xx_HAL_Driver/Src/stm32f4xx_hal_rcc_ex.o
LOAD ./Drivers/STM32F4xx_HAL_Driver/Src/stm32f4xx_hal_spi.o
LOAD ./Drivers/STM32F4xx_HAL_Driver/Src/stm32f4xx_hal_tim.o
LOAD ./Drivers/STM32F4xx_HAL_Driver/Src/stm32f4xx_hal_tim_ex.o
LOAD ./Drivers/STM32F4xx_HAL_Driver/Src/stm32f4xx_hal_uart.o
LOAD ./Drivers/STM32F4xx_HAL_Driver/Src/stm32f4xx_ll_adc.o
START GROUP
LOAD d:/program files/stm32cubeide_1.11.2/stm32cubeide/plugins/com.st.stm32cube.ide.mcu.externaltools.gnu-tools-for-stm32.10.3-2021.10.win32_1.0.200.202301161003/tools/bin/../lib/gcc/arm-none-eabi/10.3.1/../../../../arm-none-eabi/lib/thumb/v7e-m+fp/hard\libc_nano.a
LOAD d:/program files/stm32cubeide_1.11.2/stm32cubeide/plugins/com.st.stm32cube.ide.mcu.externaltools.gnu-tools-for-stm32.10.3-2021.10.win32_1.0.200.202301161003/tools/bin/../lib/gcc/arm-none-eabi/10.3.1/../../../../arm-none-eabi/lib/thumb/v7e-m+fp/hard\libm.a
END GROUP
START GROUP
LOAD d:/program files/stm32cubeide_1.11.2/stm32cubeide/plugins/com.st.stm32cube.ide.mcu.externaltools.gnu-tools-for-stm32.10.3-2021.10.win32_1.0.200.202301161003/tools/bin/../lib/gcc/arm-none-eabi/10.3.1/thumb/v7e-m+fp/hard\libgcc.a
LOAD d:/program files/stm32cubeide_1.11.2/stm32cubeide/plugins/com.st.stm32cube.ide.mcu.externaltools.gnu-tools-for-stm32.10.3-2021.10.win32_1.0.200.202301161003/tools/bin/../lib/gcc/arm-none-eabi/10.3.1/../../../../arm-none-eabi/lib/thumb/v7e-m+fp/hard\libc_nano.a
END GROUP
START GROUP
LOAD d:/program files/stm32cubeide_1.11.2/stm32cubeide/plugins/com.st.stm32cube.ide.mcu.externaltools.gnu-tools-for-stm32.10.3-2021.10.win32_1.0.200.202301161003/tools/bin/../lib/gcc/arm-none-eabi/10.3.1/thumb/v7e-m+fp/hard\libgcc.a
LOAD d:/program files/stm32cubeide_1.11.2/stm32cubeide/plugins/com.st.stm32cube.ide.mcu.externaltools.gnu-tools-for-stm32.10.3-2021.10.win32_1.0.200.202301161003/tools/bin/../lib/gcc/arm-none-eabi/10.3.1/../../../../arm-none-eabi/lib/thumb/v7e-m+fp/hard\libc_nano.a
LOAD d:/program files/stm32cubeide_1.11.2/stm32cubeide/plugins/com.st.stm32cube.ide.mcu.externaltools.gnu-tools-for-stm32.10.3-2021.10.win32_1.0.200.202301161003/tools/bin/../lib/gcc/arm-none-eabi/10.3.1/../../../../arm-none-eabi/lib/thumb/v7e-m+fp/hard\libnosys.a
END GROUP
START GROUP
LOAD d:/program files/stm32cubeide_1.11.2/stm32cubeide/plugins/com.st.stm32cube.ide.mcu.externaltools.gnu-tools-for-stm32.10.3-2021.10.win32_1.0.200.202301161003/tools/bin/../lib/gcc/arm-none-eabi/10.3.1/thumb/v7e-m+fp/hard\libgcc.a
LOAD d:/program files/stm32cubeide_1.11.2/stm32cubeide/plugins/com.st.stm32cube.ide.mcu.externaltools.gnu-tools-for-stm32.10.3-2021.10.win32_1.0.200.202301161003/tools/bin/../lib/gcc/arm-none-eabi/10.3.1/../../../../arm-none-eabi/lib/thumb/v7e-m+fp/hard\libc_nano.a
LOAD d:/program files/stm32cubeide_1.11.2/stm32cubeide/plugins/com.st.stm32cube.ide.mcu.externaltools.gnu-tools-for-stm32.10.3-2021.10.win32_1.0.200.202301161003/tools/bin/../lib/gcc/arm-none-eabi/10.3.1/../../../../arm-none-eabi/lib/thumb/v7e-m+fp/hard\libnosys.a
END GROUP
LOAD d:/program files/stm32cubeide_1.11.2/stm32cubeide/plugins/com.st.stm32cube.ide.mcu.externaltools.gnu-tools-for-stm32.10.3-2021.10.win32_1.0.200.202301161003/tools/bin/../lib/gcc/arm-none-eabi/10.3.1/thumb/v7e-m+fp/hard/crtend.o
LOAD d:/program files/stm32cubeide_1.11.2/stm32cubeide/plugins/com.st.stm32cube.ide.mcu.externaltools.gnu-tools-for-stm32.10.3-2021.10.win32_1.0.200.202301161003/tools/bin/../lib/gcc/arm-none-eabi/10.3.1/thumb/v7e-m+fp/hard/crtn.o
                0x0000000020010000                _estack = (ORIGIN (RAM) + LENGTH (RAM))
                0x0000000000000200                _Min_Heap_Size = 0x200
                0x0000000000000400                _Min_Stack_Size = 0x400

.isr_vector     0x0000000008000000      0x194
                0x0000000008000000                . = ALIGN (0x4)
 *(.isr_vector)
 .isr_vector    0x0000000008000000      0x194 ./Core/Startup/startup_stm32f401ccux.o
                0x0000000008000000                g_pfnVectors
                0x0000000008000194                . = ALIGN (0x4)

.text           0x0000000008000194     0x5d2c
                0x0000000008000194                . = ALIGN (0x4)
 *(.text)
 .text          0x0000000008000194       0x40 d:/program files/stm32cubeide_1.11.2/stm32cubeide/plugins/com.st.stm32cube.ide.mcu.externaltools.gnu-tools-for-stm32.10.3-2021.10.win32_1.0.200.202301161003/tools/bin/../lib/gcc/arm-none-eabi/10.3.1/thumb/v7e-m+fp/hard/crtbegin.o
 .text          0x00000000080001d4      0x378 d:/program files/stm32cubeide_1.11.2/stm32cubeide/plugins/com.st.stm32cube.ide.mcu.externaltools.gnu-tools-for-stm32.10.3-2021.10.win32_1.0.200.202301161003/tools/bin/../lib/gcc/arm-none-eabi/10.3.1/thumb/v7e-m+fp/hard\libgcc.a(_arm_addsubdf3.o)
                0x00000000080001d4                __aeabi_drsub
                0x00000000080001dc                __aeabi_dsub
                0x00000000080001dc                __subdf3
                0x00000000080001e0                __aeabi_dadd
                0x00000000080001e0                __adddf3
                0x0000000008000458                __floatunsidf
                0x0000000008000458                __aeabi_ui2d
                0x0000000008000478                __floatsidf
                0x0000000008000478                __aeabi_i2d
                0x000000000800049c                __aeabi_f2d
                0x000000000800049c                __extendsfdf2
                0x00000000080004e0                __floatundidf
                0x00000000080004e0                __aeabi_ul2d
                0x00000000080004f0                __floatdidf
                0x00000000080004f0                __aeabi_l2d
 .text          0x000000000800054c      0x424 d:/program files/stm32cubeide_1.11.2/stm32cubeide/plugins/com.st.stm32cube.ide.mcu.externaltools.gnu-tools-for-stm32.10.3-2021.10.win32_1.0.200.202301161003/tools/bin/../lib/gcc/arm-none-eabi/10.3.1/thumb/v7e-m+fp/hard\libgcc.a(_arm_muldivdf3.o)
                0x000000000800054c                __aeabi_dmul
                0x000000000800054c                __muldf3
                0x00000000080007a0                __divdf3
                0x00000000080007a0                __aeabi_ddiv
 .text          0x0000000008000970       0x50 d:/program files/stm32cubeide_1.11.2/stm32cubeide/plugins/com.st.stm32cube.ide.mcu.externaltools.gnu-tools-for-stm32.10.3-2021.10.win32_1.0.200.202301161003/tools/bin/../lib/gcc/arm-none-eabi/10.3.1/thumb/v7e-m+fp/hard\libgcc.a(_arm_fixdfsi.o)
                0x0000000008000970                __aeabi_d2iz
                0x0000000008000970                __fixdfsi
 .text          0x00000000080009c0       0x30 d:/program files/stm32cubeide_1.11.2/stm32cubeide/plugins/com.st.stm32cube.ide.mcu.externaltools.gnu-tools-for-stm32.10.3-2021.10.win32_1.0.200.202301161003/tools/bin/../lib/gcc/arm-none-eabi/10.3.1/thumb/v7e-m+fp/hard\libgcc.a(_aeabi_uldivmod.o)
                0x00000000080009c0                __aeabi_uldivmod
 .text          0x00000000080009f0      0x2d0 d:/program files/stm32cubeide_1.11.2/stm32cubeide/plugins/com.st.stm32cube.ide.mcu.externaltools.gnu-tools-for-stm32.10.3-2021.10.win32_1.0.200.202301161003/tools/bin/../lib/gcc/arm-none-eabi/10.3.1/thumb/v7e-m+fp/hard\libgcc.a(_udivmoddi4.o)
                0x00000000080009f0                __udivmoddi4
 .text          0x0000000008000cc0        0x4 d:/program files/stm32cubeide_1.11.2/stm32cubeide/plugins/com.st.stm32cube.ide.mcu.externaltools.gnu-tools-for-stm32.10.3-2021.10.win32_1.0.200.202301161003/tools/bin/../lib/gcc/arm-none-eabi/10.3.1/thumb/v7e-m+fp/hard\libgcc.a(_dvmd_tls.o)
                0x0000000008000cc0                __aeabi_idiv0
                0x0000000008000cc0                __aeabi_ldiv0
 *(.text*)
 .text.MX_ADC1_Init
                0x0000000008000cc4       0xc8 ./Core/Src/adc.o
                0x0000000008000cc4                MX_ADC1_Init
 .text.HAL_ADC_MspInit
                0x0000000008000d8c       0x88 ./Core/Src/adc.o
                0x0000000008000d8c                HAL_ADC_MspInit
 .text.clearDisplay
                0x0000000008000e14        0xe ./Core/Src/display.o
                0x0000000008000e14                clearDisplay
 .text.drawNewGame
                0x0000000008000e22       0x42 ./Core/Src/display.o
                0x0000000008000e22                drawNewGame
 .text.drawGameOver
                0x0000000008000e64       0x3c ./Core/Src/display.o
                0x0000000008000e64                drawGameOver
 .text.MX_DMA_Init
                0x0000000008000ea0       0x50 ./Core/Src/dma.o
                0x0000000008000ea0                MX_DMA_Init
 .text.calculateJoystickTilt
                0x0000000008000ef0       0x70 ./Core/Src/game.o
                0x0000000008000ef0                calculateJoystickTilt
 .text.doGameTick
                0x0000000008000f60       0x44 ./Core/Src/game.o
                0x0000000008000f60                doGameTick
 .text.restartGame
                0x0000000008000fa4       0x32 ./Core/Src/game.o
                0x0000000008000fa4                restartGame
 *fill*         0x0000000008000fd6        0x2 
 .text.startBluetooth
                0x0000000008000fd8       0x28 ./Core/Src/game.o
                0x0000000008000fd8                startBluetooth
 .text.resetGameData
                0x0000000008001000       0x3c ./Core/Src/game.o
                0x0000000008001000                resetGameData
 .text.gameOver
                0x000000000800103c       0x18 ./Core/Src/game.o
                0x000000000800103c                gameOver
 .text.startGameTicks
                0x0000000008001054       0x1c ./Core/Src/game.o
                0x0000000008001054                startGameTicks
 .text.stopGameTicks
                0x0000000008001070       0x1c ./Core/Src/game.o
                0x0000000008001070                stopGameTicks
 .text.calculateTilt
                0x000000000800108c       0x5c ./Core/Src/game.o
                0x000000000800108c                calculateTilt
 .text.movePlayersPaddles
                0x00000000080010e8       0x78 ./Core/Src/game.o
                0x00000000080010e8                movePlayersPaddles
 .text.movePaddleUpY
                0x0000000008001160       0xce ./Core/Src/game.o
                0x0000000008001160                movePaddleUpY
 .text.movePaddleDownY
                0x000000000800122e       0x98 ./Core/Src/game.o
                0x000000000800122e                movePaddleDownY
 .text.movePaddleDownX
                0x00000000080012c6       0x94 ./Core/Src/game.o
                0x00000000080012c6                movePaddleDownX
 .text.movePaddleUpX
                0x000000000800135a       0xca ./Core/Src/game.o
                0x000000000800135a                movePaddleUpX
 .text.moveBallUpY
                0x0000000008001424       0xce ./Core/Src/game.o
                0x0000000008001424                moveBallUpY
 .text.moveBallDownY
                0x00000000080014f2       0x98 ./Core/Src/game.o
                0x00000000080014f2                moveBallDownY
 .text.moveBallDownX
                0x000000000800158a       0x9c ./Core/Src/game.o
                0x000000000800158a                moveBallDownX
 .text.moveBallUpX
                0x0000000008001626       0xd2 ./Core/Src/game.o
                0x0000000008001626                moveBallUpX
 .text.MX_GPIO_Init
                0x00000000080016f8      0x11c ./Core/Src/gpio.o
                0x00000000080016f8                MX_GPIO_Init
 .text.main     0x0000000008001814       0x74 ./Core/Src/main.o
                0x0000000008001814                main
 .text.SystemClock_Config
                0x0000000008001888       0xd4 ./Core/Src/main.o
                0x0000000008001888                SystemClock_Config
 .text.HAL_UART_RxCpltCallback
                0x000000000800195c       0xc4 ./Core/Src/main.o
                0x000000000800195c                HAL_UART_RxCpltCallback
 .text.Error_Handler
                0x0000000008001a20        0xa ./Core/Src/main.o
                0x0000000008001a20                Error_Handler
 *fill*         0x0000000008001a2a        0x2 
 .text.MX_SPI1_Init
                0x0000000008001a2c       0x6c ./Core/Src/spi.o
                0x0000000008001a2c                MX_SPI1_Init
 .text.HAL_SPI_MspInit
                0x0000000008001a98       0x90 ./Core/Src/spi.o
                0x0000000008001a98                HAL_SPI_MspInit
 .text.ST7735_Select
                0x0000000008001b28       0x18 ./Core/Src/st7735.o
 .text.ST7735_Unselect
                0x0000000008001b40       0x18 ./Core/Src/st7735.o
                0x0000000008001b40                ST7735_Unselect
 .text.ST7735_Reset
                0x0000000008001b58       0x2c ./Core/Src/st7735.o
 .text.ST7735_WriteCommand
                0x0000000008001b84       0x34 ./Core/Src/st7735.o
 .text.ST7735_WriteData
                0x0000000008001bb8       0x38 ./Core/Src/st7735.o
 .text.ST7735_ExecuteCommandList
                0x0000000008001bf0       0x92 ./Core/Src/st7735.o
 .text.ST7735_SetAddressWindow
                0x0000000008001c82       0x68 ./Core/Src/st7735.o
 *fill*         0x0000000008001cea        0x2 
 .text.ST7735_Init
                0x0000000008001cec       0x34 ./Core/Src/st7735.o
                0x0000000008001cec                ST7735_Init
 .text.ST7735_WriteChar
                0x0000000008001d20       0xee ./Core/Src/st7735.o
 .text.ST7735_WriteString
                0x0000000008001e0e       0x94 ./Core/Src/st7735.o
                0x0000000008001e0e                ST7735_WriteString
 *fill*         0x0000000008001ea2        0x2 
 .text.ST7735_FillRectangle
                0x0000000008001ea4       0xe8 ./Core/Src/st7735.o
                0x0000000008001ea4                ST7735_FillRectangle
 .text.ST7735_FillRectangleFast
                0x0000000008001f8c      0x10c ./Core/Src/st7735.o
                0x0000000008001f8c                ST7735_FillRectangleFast
 .text.ST7735_FillScreen
                0x0000000008002098       0x22 ./Core/Src/st7735.o
                0x0000000008002098                ST7735_FillScreen
 .text.ST7735_FillScreenFast
                0x00000000080020ba       0x22 ./Core/Src/st7735.o
                0x00000000080020ba                ST7735_FillScreenFast
 .text.HAL_MspInit
                0x00000000080020dc       0x50 ./Core/Src/stm32f4xx_hal_msp.o
                0x00000000080020dc                HAL_MspInit
 .text.NMI_Handler
                0x000000000800212c        0x6 ./Core/Src/stm32f4xx_it.o
                0x000000000800212c                NMI_Handler
 .text.HardFault_Handler
                0x0000000008002132        0x6 ./Core/Src/stm32f4xx_it.o
                0x0000000008002132                HardFault_Handler
 .text.MemManage_Handler
                0x0000000008002138        0x6 ./Core/Src/stm32f4xx_it.o
                0x0000000008002138                MemManage_Handler
 .text.BusFault_Handler
                0x000000000800213e        0x6 ./Core/Src/stm32f4xx_it.o
                0x000000000800213e                BusFault_Handler
 .text.UsageFault_Handler
                0x0000000008002144        0x6 ./Core/Src/stm32f4xx_it.o
                0x0000000008002144                UsageFault_Handler
 .text.SVC_Handler
                0x000000000800214a        0xe ./Core/Src/stm32f4xx_it.o
                0x000000000800214a                SVC_Handler
 .text.DebugMon_Handler
                0x0000000008002158        0xe ./Core/Src/stm32f4xx_it.o
                0x0000000008002158                DebugMon_Handler
 .text.PendSV_Handler
                0x0000000008002166        0xe ./Core/Src/stm32f4xx_it.o
                0x0000000008002166                PendSV_Handler
 .text.SysTick_Handler
                0x0000000008002174        0xc ./Core/Src/stm32f4xx_it.o
                0x0000000008002174                SysTick_Handler
 .text.TIM1_UP_TIM10_IRQHandler
                0x0000000008002180       0x14 ./Core/Src/stm32f4xx_it.o
                0x0000000008002180                TIM1_UP_TIM10_IRQHandler
 .text.TIM1_TRG_COM_TIM11_IRQHandler
                0x0000000008002194       0x14 ./Core/Src/stm32f4xx_it.o
                0x0000000008002194                TIM1_TRG_COM_TIM11_IRQHandler
 .text.DMA2_Stream2_IRQHandler
                0x00000000080021a8       0x14 ./Core/Src/stm32f4xx_it.o
                0x00000000080021a8                DMA2_Stream2_IRQHandler
 .text.DMA2_Stream7_IRQHandler
                0x00000000080021bc       0x14 ./Core/Src/stm32f4xx_it.o
                0x00000000080021bc                DMA2_Stream7_IRQHandler
 .text._sbrk    0x00000000080021d0       0x6c ./Core/Src/sysmem.o
                0x00000000080021d0                _sbrk
 .text.SystemInit
                0x000000000800223c       0x24 ./Core/Src/system_stm32f4xx.o
                0x000000000800223c                SystemInit
 .text.MX_TIM10_Init
                0x0000000008002260       0x48 ./Core/Src/tim.o
                0x0000000008002260                MX_TIM10_Init
 .text.MX_TIM11_Init
                0x00000000080022a8       0x48 ./Core/Src/tim.o
                0x00000000080022a8                MX_TIM11_Init
 .text.HAL_TIM_Base_MspInit
                0x00000000080022f0       0x8c ./Core/Src/tim.o
                0x00000000080022f0                HAL_TIM_Base_MspInit
 .text.MX_USART1_UART_Init
                0x000000000800237c       0x54 ./Core/Src/usart.o
                0x000000000800237c                MX_USART1_UART_Init
 .text.HAL_UART_MspInit
                0x00000000080023d0      0x160 ./Core/Src/usart.o
                0x00000000080023d0                HAL_UART_MspInit
 .text.Reset_Handler
                0x0000000008002530       0x50 ./Core/Startup/startup_stm32f401ccux.o
                0x0000000008002530                Reset_Handler
 .text.Default_Handler
                0x0000000008002580        0x2 ./Core/Startup/startup_stm32f401ccux.o
                0x0000000008002580                RTC_Alarm_IRQHandler
                0x0000000008002580                EXTI2_IRQHandler
                0x0000000008002580                SPI4_IRQHandler
                0x0000000008002580                TIM1_CC_IRQHandler
                0x0000000008002580                DMA2_Stream5_IRQHandler
                0x0000000008002580                DMA1_Stream5_IRQHandler
                0x0000000008002580                PVD_IRQHandler
                0x0000000008002580                SDIO_IRQHandler
                0x0000000008002580                TAMP_STAMP_IRQHandler
                0x0000000008002580                EXTI3_IRQHandler
                0x0000000008002580                I2C3_ER_IRQHandler
                0x0000000008002580                EXTI0_IRQHandler
                0x0000000008002580                I2C2_EV_IRQHandler
                0x0000000008002580                DMA1_Stream2_IRQHandler
                0x0000000008002580                FPU_IRQHandler
                0x0000000008002580                SPI1_IRQHandler
                0x0000000008002580                TIM1_BRK_TIM9_IRQHandler
                0x0000000008002580                DMA2_Stream3_IRQHandler
                0x0000000008002580                USART6_IRQHandler
                0x0000000008002580                DMA2_Stream0_IRQHandler
                0x0000000008002580                TIM4_IRQHandler
                0x0000000008002580                I2C1_EV_IRQHandler
                0x0000000008002580                DMA1_Stream6_IRQHandler
                0x0000000008002580                DMA1_Stream1_IRQHandler
                0x0000000008002580                TIM3_IRQHandler
                0x0000000008002580                RCC_IRQHandler
                0x0000000008002580                Default_Handler
                0x0000000008002580                EXTI15_10_IRQHandler
                0x0000000008002580                ADC_IRQHandler
                0x0000000008002580                DMA1_Stream7_IRQHandler
                0x0000000008002580                TIM5_IRQHandler
                0x0000000008002580                I2C3_EV_IRQHandler
                0x0000000008002580                EXTI9_5_IRQHandler
                0x0000000008002580                RTC_WKUP_IRQHandler
                0x0000000008002580                SPI2_IRQHandler
                0x0000000008002580                DMA1_Stream0_IRQHandler
                0x0000000008002580                EXTI4_IRQHandler
                0x0000000008002580                WWDG_IRQHandler
                0x0000000008002580                TIM2_IRQHandler
                0x0000000008002580                OTG_FS_WKUP_IRQHandler
                0x0000000008002580                EXTI1_IRQHandler
                0x0000000008002580                USART2_IRQHandler
                0x0000000008002580                I2C2_ER_IRQHandler
                0x0000000008002580                DMA2_Stream1_IRQHandler
                0x0000000008002580                FLASH_IRQHandler
                0x0000000008002580                DMA2_Stream4_IRQHandler
                0x0000000008002580                USART1_IRQHandler
                0x0000000008002580                OTG_FS_IRQHandler
                0x0000000008002580                SPI3_IRQHandler
                0x0000000008002580                DMA1_Stream4_IRQHandler
                0x0000000008002580                I2C1_ER_IRQHandler
                0x0000000008002580                DMA2_Stream6_IRQHandler
                0x0000000008002580                DMA1_Stream3_IRQHandler
 *fill*         0x0000000008002582        0x2 
 .text.HAL_Init
                0x0000000008002584       0x44 ./Drivers/STM32F4xx_HAL_Driver/Src/stm32f4xx_hal.o
                0x0000000008002584                HAL_Init
 .text.HAL_InitTick
                0x00000000080025c8       0x60 ./Drivers/STM32F4xx_HAL_Driver/Src/stm32f4xx_hal.o
                0x00000000080025c8                HAL_InitTick
 .text.HAL_IncTick
                0x0000000008002628       0x28 ./Drivers/STM32F4xx_HAL_Driver/Src/stm32f4xx_hal.o
                0x0000000008002628                HAL_IncTick
 .text.HAL_GetTick
                0x0000000008002650       0x18 ./Drivers/STM32F4xx_HAL_Driver/Src/stm32f4xx_hal.o
                0x0000000008002650                HAL_GetTick
 .text.HAL_Delay
                0x0000000008002668       0x48 ./Drivers/STM32F4xx_HAL_Driver/Src/stm32f4xx_hal.o
                0x0000000008002668                HAL_Delay
 .text.HAL_ADC_Init
                0x00000000080026b0       0x86 ./Drivers/STM32F4xx_HAL_Driver/Src/stm32f4xx_hal_adc.o
                0x00000000080026b0                HAL_ADC_Init
 *fill*         0x0000000008002736        0x2 
 .text.HAL_ADC_Start
                0x0000000008002738      0x168 ./Drivers/STM32F4xx_HAL_Driver/Src/stm32f4xx_hal_adc.o
                0x0000000008002738                HAL_ADC_Start
 .text.HAL_ADC_PollForConversion
                0x00000000080028a0      0x116 ./Drivers/STM32F4xx_HAL_Driver/Src/stm32f4xx_hal_adc.o
                0x00000000080028a0                HAL_ADC_PollForConversion
 .text.HAL_ADC_GetValue
                0x00000000080029b6       0x1a ./Drivers/STM32F4xx_HAL_Driver/Src/stm32f4xx_hal_adc.o
                0x00000000080029b6                HAL_ADC_GetValue
 .text.HAL_ADC_ConfigChannel
                0x00000000080029d0      0x244 ./Drivers/STM32F4xx_HAL_Driver/Src/stm32f4xx_hal_adc.o
                0x00000000080029d0                HAL_ADC_ConfigChannel
 .text.ADC_Init
                0x0000000008002c14      0x1f8 ./Drivers/STM32F4xx_HAL_Driver/Src/stm32f4xx_hal_adc.o
 .text.__NVIC_SetPriorityGrouping
                0x0000000008002e0c       0x48 ./Drivers/STM32F4xx_HAL_Driver/Src/stm32f4xx_hal_cortex.o
 .text.__NVIC_GetPriorityGrouping
                0x0000000008002e54       0x1c ./Drivers/STM32F4xx_HAL_Driver/Src/stm32f4xx_hal_cortex.o
 .text.__NVIC_EnableIRQ
                0x0000000008002e70       0x3c ./Drivers/STM32F4xx_HAL_Driver/Src/stm32f4xx_hal_cortex.o
 .text.__NVIC_SetPriority
                0x0000000008002eac       0x54 ./Drivers/STM32F4xx_HAL_Driver/Src/stm32f4xx_hal_cortex.o
 .text.NVIC_EncodePriority
                0x0000000008002f00       0x66 ./Drivers/STM32F4xx_HAL_Driver/Src/stm32f4xx_hal_cortex.o
 *fill*         0x0000000008002f66        0x2 
 .text.SysTick_Config
                0x0000000008002f68       0x44 ./Drivers/STM32F4xx_HAL_Driver/Src/stm32f4xx_hal_cortex.o
 .text.HAL_NVIC_SetPriorityGrouping
                0x0000000008002fac       0x16 ./Drivers/STM32F4xx_HAL_Driver/Src/stm32f4xx_hal_cortex.o
                0x0000000008002fac                HAL_NVIC_SetPriorityGrouping
 .text.HAL_NVIC_SetPriority
                0x0000000008002fc2       0x38 ./Drivers/STM32F4xx_HAL_Driver/Src/stm32f4xx_hal_cortex.o
                0x0000000008002fc2                HAL_NVIC_SetPriority
 .text.HAL_NVIC_EnableIRQ
                0x0000000008002ffa       0x1c ./Drivers/STM32F4xx_HAL_Driver/Src/stm32f4xx_hal_cortex.o
                0x0000000008002ffa                HAL_NVIC_EnableIRQ
 .text.HAL_SYSTICK_Config
                0x0000000008003016       0x18 ./Drivers/STM32F4xx_HAL_Driver/Src/stm32f4xx_hal_cortex.o
                0x0000000008003016                HAL_SYSTICK_Config
 *fill*         0x000000000800302e        0x2 
 .text.HAL_DMA_Init
                0x0000000008003030      0x15c ./Drivers/STM32F4xx_HAL_Driver/Src/stm32f4xx_hal_dma.o
                0x0000000008003030                HAL_DMA_Init
 .text.HAL_DMA_Start_IT
                0x000000000800318c       0xb0 ./Drivers/STM32F4xx_HAL_Driver/Src/stm32f4xx_hal_dma.o
                0x000000000800318c                HAL_DMA_Start_IT
 .text.HAL_DMA_Abort
                0x000000000800323c       0xe0 ./Drivers/STM32F4xx_HAL_Driver/Src/stm32f4xx_hal_dma.o
                0x000000000800323c                HAL_DMA_Abort
 .text.HAL_DMA_IRQHandler
                0x000000000800331c      0x314 ./Drivers/STM32F4xx_HAL_Driver/Src/stm32f4xx_hal_dma.o
                0x000000000800331c                HAL_DMA_IRQHandler
 .text.DMA_SetConfig
                0x0000000008003630       0x5c ./Drivers/STM32F4xx_HAL_Driver/Src/stm32f4xx_hal_dma.o
 .text.DMA_CalcBaseAndBitshift
                0x000000000800368c       0x6c ./Drivers/STM32F4xx_HAL_Driver/Src/stm32f4xx_hal_dma.o
 .text.DMA_CheckFifoParam
                0x00000000080036f8       0xf8 ./Drivers/STM32F4xx_HAL_Driver/Src/stm32f4xx_hal_dma.o
 .text.HAL_GPIO_Init
                0x00000000080037f0      0x308 ./Drivers/STM32F4xx_HAL_Driver/Src/stm32f4xx_hal_gpio.o
                0x00000000080037f0                HAL_GPIO_Init
 .text.HAL_GPIO_WritePin
                0x0000000008003af8       0x32 ./Drivers/STM32F4xx_HAL_Driver/Src/stm32f4xx_hal_gpio.o
                0x0000000008003af8                HAL_GPIO_WritePin
 *fill*         0x0000000008003b2a        0x2 
 .text.HAL_RCC_OscConfig
                0x0000000008003b2c      0x4f0 ./Drivers/STM32F4xx_HAL_Driver/Src/stm32f4xx_hal_rcc.o
                0x0000000008003b2c                HAL_RCC_OscConfig
 .text.HAL_RCC_ClockConfig
                0x000000000800401c      0x1cc ./Drivers/STM32F4xx_HAL_Driver/Src/stm32f4xx_hal_rcc.o
                0x000000000800401c                HAL_RCC_ClockConfig
 .text.HAL_RCC_GetSysClockFreq
                0x00000000080041e8      0x18c ./Drivers/STM32F4xx_HAL_Driver/Src/stm32f4xx_hal_rcc.o
                0x00000000080041e8                HAL_RCC_GetSysClockFreq
 .text.HAL_RCC_GetHCLKFreq
                0x0000000008004374       0x18 ./Drivers/STM32F4xx_HAL_Driver/Src/stm32f4xx_hal_rcc.o
                0x0000000008004374                HAL_RCC_GetHCLKFreq
 .text.HAL_RCC_GetPCLK1Freq
                0x000000000800438c       0x28 ./Drivers/STM32F4xx_HAL_Driver/Src/stm32f4xx_hal_rcc.o
                0x000000000800438c                HAL_RCC_GetPCLK1Freq
 .text.HAL_RCC_GetPCLK2Freq
                0x00000000080043b4       0x28 ./Drivers/STM32F4xx_HAL_Driver/Src/stm32f4xx_hal_rcc.o
                0x00000000080043b4                HAL_RCC_GetPCLK2Freq
 .text.HAL_SPI_Init
                0x00000000080043dc      0x112 ./Drivers/STM32F4xx_HAL_Driver/Src/stm32f4xx_hal_spi.o
                0x00000000080043dc                HAL_SPI_Init
 .text.HAL_SPI_Transmit
                0x00000000080044ee      0x278 ./Drivers/STM32F4xx_HAL_Driver/Src/stm32f4xx_hal_spi.o
                0x00000000080044ee                HAL_SPI_Transmit
 *fill*         0x0000000008004766        0x2 
 .text.SPI_WaitFlagStateUntilTimeout
                0x0000000008004768      0x110 ./Drivers/STM32F4xx_HAL_Driver/Src/stm32f4xx_hal_spi.o
 .text.SPI_EndRxTxTransaction
                0x0000000008004878       0x84 ./Drivers/STM32F4xx_HAL_Driver/Src/stm32f4xx_hal_spi.o
 .text.HAL_TIM_Base_Init
                0x00000000080048fc       0x9e ./Drivers/STM32F4xx_HAL_Driver/Src/stm32f4xx_hal_tim.o
                0x00000000080048fc                HAL_TIM_Base_Init
 *fill*         0x000000000800499a        0x2 
 .text.HAL_TIM_Base_Start_IT
                0x000000000800499c       0xc4 ./Drivers/STM32F4xx_HAL_Driver/Src/stm32f4xx_hal_tim.o
                0x000000000800499c                HAL_TIM_Base_Start_IT
 .text.HAL_TIM_Base_Stop_IT
                0x0000000008004a60       0x5e ./Drivers/STM32F4xx_HAL_Driver/Src/stm32f4xx_hal_tim.o
                0x0000000008004a60                HAL_TIM_Base_Stop_IT
 .text.HAL_TIM_IRQHandler
                0x0000000008004abe      0x210 ./Drivers/STM32F4xx_HAL_Driver/Src/stm32f4xx_hal_tim.o
                0x0000000008004abe                HAL_TIM_IRQHandler
 .text.HAL_TIM_PeriodElapsedCallback
                0x0000000008004cce       0x14 ./Drivers/STM32F4xx_HAL_Driver/Src/stm32f4xx_hal_tim.o
                0x0000000008004cce                HAL_TIM_PeriodElapsedCallback
 .text.HAL_TIM_OC_DelayElapsedCallback
                0x0000000008004ce2       0x14 ./Drivers/STM32F4xx_HAL_Driver/Src/stm32f4xx_hal_tim.o
                0x0000000008004ce2                HAL_TIM_OC_DelayElapsedCallback
 .text.HAL_TIM_IC_CaptureCallback
                0x0000000008004cf6       0x14 ./Drivers/STM32F4xx_HAL_Driver/Src/stm32f4xx_hal_tim.o
                0x0000000008004cf6                HAL_TIM_IC_CaptureCallback
 .text.HAL_TIM_PWM_PulseFinishedCallback
                0x0000000008004d0a       0x14 ./Drivers/STM32F4xx_HAL_Driver/Src/stm32f4xx_hal_tim.o
                0x0000000008004d0a                HAL_TIM_PWM_PulseFinishedCallback
 .text.HAL_TIM_TriggerCallback
                0x0000000008004d1e       0x14 ./Drivers/STM32F4xx_HAL_Driver/Src/stm32f4xx_hal_tim.o
                0x0000000008004d1e                HAL_TIM_TriggerCallback
 *fill*         0x0000000008004d32        0x2 
 .text.TIM_Base_SetConfig
                0x0000000008004d34      0x100 ./Drivers/STM32F4xx_HAL_Driver/Src/stm32f4xx_hal_tim.o
                0x0000000008004d34                TIM_Base_SetConfig
 .text.HAL_TIMEx_CommutCallback
                0x0000000008004e34       0x14 ./Drivers/STM32F4xx_HAL_Driver/Src/stm32f4xx_hal_tim_ex.o
                0x0000000008004e34                HAL_TIMEx_CommutCallback
 .text.HAL_TIMEx_BreakCallback
                0x0000000008004e48       0x14 ./Drivers/STM32F4xx_HAL_Driver/Src/stm32f4xx_hal_tim_ex.o
                0x0000000008004e48                HAL_TIMEx_BreakCallback
 .text.HAL_UART_Init
                0x0000000008004e5c       0x9a ./Drivers/STM32F4xx_HAL_Driver/Src/stm32f4xx_hal_uart.o
                0x0000000008004e5c                HAL_UART_Init
 *fill*         0x0000000008004ef6        0x2 
 .text.HAL_UART_Transmit_DMA
                0x0000000008004ef8       0xfc ./Drivers/STM32F4xx_HAL_Driver/Src/stm32f4xx_hal_uart.o
                0x0000000008004ef8                HAL_UART_Transmit_DMA
 .text.HAL_UART_Receive_DMA
                0x0000000008004ff4       0x60 ./Drivers/STM32F4xx_HAL_Driver/Src/stm32f4xx_hal_uart.o
                0x0000000008004ff4                HAL_UART_Receive_DMA
 .text.HAL_UART_DMAStop
                0x0000000008005054       0xfe ./Drivers/STM32F4xx_HAL_Driver/Src/stm32f4xx_hal_uart.o
                0x0000000008005054                HAL_UART_DMAStop
 .text.HAL_UART_TxCpltCallback
                0x0000000008005152       0x14 ./Drivers/STM32F4xx_HAL_Driver/Src/stm32f4xx_hal_uart.o
                0x0000000008005152                HAL_UART_TxCpltCallback
 .text.HAL_UART_TxHalfCpltCallback
                0x0000000008005166       0x14 ./Drivers/STM32F4xx_HAL_Driver/Src/stm32f4xx_hal_uart.o
                0x0000000008005166                HAL_UART_TxHalfCpltCallback
 .text.HAL_UART_RxHalfCpltCallback
                0x000000000800517a       0x14 ./Drivers/STM32F4xx_HAL_Driver/Src/stm32f4xx_hal_uart.o
                0x000000000800517a                HAL_UART_RxHalfCpltCallback
 .text.HAL_UART_ErrorCallback
                0x000000000800518e       0x14 ./Drivers/STM32F4xx_HAL_Driver/Src/stm32f4xx_hal_uart.o
                0x000000000800518e                HAL_UART_ErrorCallback
 .text.HAL_UARTEx_RxEventCallback
                0x00000000080051a2       0x18 ./Drivers/STM32F4xx_HAL_Driver/Src/stm32f4xx_hal_uart.o
                0x00000000080051a2                HAL_UARTEx_RxEventCallback
 .text.UART_DMATransmitCplt
                0x00000000080051ba       0x9a ./Drivers/STM32F4xx_HAL_Driver/Src/stm32f4xx_hal_uart.o
 .text.UART_DMATxHalfCplt
                0x0000000008005254       0x1c ./Drivers/STM32F4xx_HAL_Driver/Src/stm32f4xx_hal_uart.o
 .text.UART_DMAReceiveCplt
                0x0000000008005270      0x126 ./Drivers/STM32F4xx_HAL_Driver/Src/stm32f4xx_hal_uart.o
 .text.UART_DMARxHalfCplt
                0x0000000008005396       0x36 ./Drivers/STM32F4xx_HAL_Driver/Src/stm32f4xx_hal_uart.o
 .text.UART_DMAError
                0x00000000080053cc       0x94 ./Drivers/STM32F4xx_HAL_Driver/Src/stm32f4xx_hal_uart.o
 .text.UART_Start_Receive_DMA
                0x0000000008005460      0x13c ./Drivers/STM32F4xx_HAL_Driver/Src/stm32f4xx_hal_uart.o
                0x0000000008005460                UART_Start_Receive_DMA
 .text.UART_EndTxTransfer
                0x000000000800559c       0x50 ./Drivers/STM32F4xx_HAL_Driver/Src/stm32f4xx_hal_uart.o
 .text.UART_EndRxTransfer
                0x00000000080055ec       0xc6 ./Drivers/STM32F4xx_HAL_Driver/Src/stm32f4xx_hal_uart.o
 *fill*         0x00000000080056b2        0x2 
 .text.UART_SetConfig
                0x00000000080056b4      0x4e8 ./Drivers/STM32F4xx_HAL_Driver/Src/stm32f4xx_hal_uart.o
 .text.__errno  0x0000000008005b9c        0xc d:/program files/stm32cubeide_1.11.2/stm32cubeide/plugins/com.st.stm32cube.ide.mcu.externaltools.gnu-tools-for-stm32.10.3-2021.10.win32_1.0.200.202301161003/tools/bin/../lib/gcc/arm-none-eabi/10.3.1/../../../../arm-none-eabi/lib/thumb/v7e-m+fp/hard\libc_nano.a(lib_a-errno.o)
                0x0000000008005b9c                __errno
 .text.__libc_init_array
                0x0000000008005ba8       0x48 d:/program files/stm32cubeide_1.11.2/stm32cubeide/plugins/com.st.stm32cube.ide.mcu.externaltools.gnu-tools-for-stm32.10.3-2021.10.win32_1.0.200.202301161003/tools/bin/../lib/gcc/arm-none-eabi/10.3.1/../../../../arm-none-eabi/lib/thumb/v7e-m+fp/hard\libc_nano.a(lib_a-init.o)
                0x0000000008005ba8                __libc_init_array
 .text.malloc   0x0000000008005bf0       0x10 d:/program files/stm32cubeide_1.11.2/stm32cubeide/plugins/com.st.stm32cube.ide.mcu.externaltools.gnu-tools-for-stm32.10.3-2021.10.win32_1.0.200.202301161003/tools/bin/../lib/gcc/arm-none-eabi/10.3.1/../../../../arm-none-eabi/lib/thumb/v7e-m+fp/hard\libc_nano.a(lib_a-malloc.o)
                0x0000000008005bf0                malloc
 .text.free     0x0000000008005c00       0x10 d:/program files/stm32cubeide_1.11.2/stm32cubeide/plugins/com.st.stm32cube.ide.mcu.externaltools.gnu-tools-for-stm32.10.3-2021.10.win32_1.0.200.202301161003/tools/bin/../lib/gcc/arm-none-eabi/10.3.1/../../../../arm-none-eabi/lib/thumb/v7e-m+fp/hard\libc_nano.a(lib_a-malloc.o)
                0x0000000008005c00                free
 .text.memset   0x0000000008005c10       0x10 d:/program files/stm32cubeide_1.11.2/stm32cubeide/plugins/com.st.stm32cube.ide.mcu.externaltools.gnu-tools-for-stm32.10.3-2021.10.win32_1.0.200.202301161003/tools/bin/../lib/gcc/arm-none-eabi/10.3.1/../../../../arm-none-eabi/lib/thumb/v7e-m+fp/hard\libc_nano.a(lib_a-memset.o)
                0x0000000008005c10                memset
 .text._free_r  0x0000000008005c20       0x98 d:/program files/stm32cubeide_1.11.2/stm32cubeide/plugins/com.st.stm32cube.ide.mcu.externaltools.gnu-tools-for-stm32.10.3-2021.10.win32_1.0.200.202301161003/tools/bin/../lib/gcc/arm-none-eabi/10.3.1/../../../../arm-none-eabi/lib/thumb/v7e-m+fp/hard\libc_nano.a(lib_a-nano-freer.o)
                0x0000000008005c20                _free_r
 .text.sbrk_aligned
                0x0000000008005cb8       0x40 d:/program files/stm32cubeide_1.11.2/stm32cubeide/plugins/com.st.stm32cube.ide.mcu.externaltools.gnu-tools-for-stm32.10.3-2021.10.win32_1.0.200.202301161003/tools/bin/../lib/gcc/arm-none-eabi/10.3.1/../../../../arm-none-eabi/lib/thumb/v7e-m+fp/hard\libc_nano.a(lib_a-nano-mallocr.o)
 .text._malloc_r
                0x0000000008005cf8       0xe8 d:/program files/stm32cubeide_1.11.2/stm32cubeide/plugins/com.st.stm32cube.ide.mcu.externaltools.gnu-tools-for-stm32.10.3-2021.10.win32_1.0.200.202301161003/tools/bin/../lib/gcc/arm-none-eabi/10.3.1/../../../../arm-none-eabi/lib/thumb/v7e-m+fp/hard\libc_nano.a(lib_a-nano-mallocr.o)
                0x0000000008005cf8                _malloc_r
 .text._sbrk_r  0x0000000008005de0       0x20 d:/program files/stm32cubeide_1.11.2/stm32cubeide/plugins/com.st.stm32cube.ide.mcu.externaltools.gnu-tools-for-stm32.10.3-2021.10.win32_1.0.200.202301161003/tools/bin/../lib/gcc/arm-none-eabi/10.3.1/../../../../arm-none-eabi/lib/thumb/v7e-m+fp/hard\libc_nano.a(lib_a-sbrkr.o)
                0x0000000008005de0                _sbrk_r
 .text.__malloc_lock
                0x0000000008005e00        0xc d:/program files/stm32cubeide_1.11.2/stm32cubeide/plugins/com.st.stm32cube.ide.mcu.externaltools.gnu-tools-for-stm32.10.3-2021.10.win32_1.0.200.202301161003/tools/bin/../lib/gcc/arm-none-eabi/10.3.1/../../../../arm-none-eabi/lib/thumb/v7e-m+fp/hard\libc_nano.a(lib_a-mlock.o)
                0x0000000008005e00                __malloc_lock
 .text.__malloc_unlock
                0x0000000008005e0c        0xc d:/program files/stm32cubeide_1.11.2/stm32cubeide/plugins/com.st.stm32cube.ide.mcu.externaltools.gnu-tools-for-stm32.10.3-2021.10.win32_1.0.200.202301161003/tools/bin/../lib/gcc/arm-none-eabi/10.3.1/../../../../arm-none-eabi/lib/thumb/v7e-m+fp/hard\libc_nano.a(lib_a-mlock.o)
                0x0000000008005e0c                __malloc_unlock
 .text.__retarget_lock_acquire_recursive
                0x0000000008005e18        0x2 d:/program files/stm32cubeide_1.11.2/stm32cubeide/plugins/com.st.stm32cube.ide.mcu.externaltools.gnu-tools-for-stm32.10.3-2021.10.win32_1.0.200.202301161003/tools/bin/../lib/gcc/arm-none-eabi/10.3.1/../../../../arm-none-eabi/lib/thumb/v7e-m+fp/hard\libc_nano.a(lib_a-lock.o)
                0x0000000008005e18                __retarget_lock_acquire_recursive
 .text.__retarget_lock_release_recursive
                0x0000000008005e1a        0x2 d:/program files/stm32cubeide_1.11.2/stm32cubeide/plugins/com.st.stm32cube.ide.mcu.externaltools.gnu-tools-for-stm32.10.3-2021.10.win32_1.0.200.202301161003/tools/bin/../lib/gcc/arm-none-eabi/10.3.1/../../../../arm-none-eabi/lib/thumb/v7e-m+fp/hard\libc_nano.a(lib_a-lock.o)
                0x0000000008005e1a                __retarget_lock_release_recursive
 .text.round    0x0000000008005e1c       0x8c d:/program files/stm32cubeide_1.11.2/stm32cubeide/plugins/com.st.stm32cube.ide.mcu.externaltools.gnu-tools-for-stm32.10.3-2021.10.win32_1.0.200.202301161003/tools/bin/../lib/gcc/arm-none-eabi/10.3.1/../../../../arm-none-eabi/lib/thumb/v7e-m+fp/hard\libm.a(lib_a-s_round.o)
                0x0000000008005e1c                round
 *(.glue_7)
 .glue_7        0x0000000008005ea8        0x0 linker stubs
 *(.glue_7t)
 .glue_7t       0x0000000008005ea8        0x0 linker stubs
 *(.eh_frame)
 .eh_frame      0x0000000008005ea8        0x0 d:/program files/stm32cubeide_1.11.2/stm32cubeide/plugins/com.st.stm32cube.ide.mcu.externaltools.gnu-tools-for-stm32.10.3-2021.10.win32_1.0.200.202301161003/tools/bin/../lib/gcc/arm-none-eabi/10.3.1/thumb/v7e-m+fp/hard/crtbegin.o
 *(.init)
 .init          0x0000000008005ea8        0x4 d:/program files/stm32cubeide_1.11.2/stm32cubeide/plugins/com.st.stm32cube.ide.mcu.externaltools.gnu-tools-for-stm32.10.3-2021.10.win32_1.0.200.202301161003/tools/bin/../lib/gcc/arm-none-eabi/10.3.1/thumb/v7e-m+fp/hard/crti.o
                0x0000000008005ea8                _init
 .init          0x0000000008005eac        0x8 d:/program files/stm32cubeide_1.11.2/stm32cubeide/plugins/com.st.stm32cube.ide.mcu.externaltools.gnu-tools-for-stm32.10.3-2021.10.win32_1.0.200.202301161003/tools/bin/../lib/gcc/arm-none-eabi/10.3.1/thumb/v7e-m+fp/hard/crtn.o
 *(.fini)
 .fini          0x0000000008005eb4        0x4 d:/program files/stm32cubeide_1.11.2/stm32cubeide/plugins/com.st.stm32cube.ide.mcu.externaltools.gnu-tools-for-stm32.10.3-2021.10.win32_1.0.200.202301161003/tools/bin/../lib/gcc/arm-none-eabi/10.3.1/thumb/v7e-m+fp/hard/crti.o
                0x0000000008005eb4                _fini
 .fini          0x0000000008005eb8        0x8 d:/program files/stm32cubeide_1.11.2/stm32cubeide/plugins/com.st.stm32cube.ide.mcu.externaltools.gnu-tools-for-stm32.10.3-2021.10.win32_1.0.200.202301161003/tools/bin/../lib/gcc/arm-none-eabi/10.3.1/thumb/v7e-m+fp/hard/crtn.o
                0x0000000008005ec0                . = ALIGN (0x4)
                0x0000000008005ec0                _etext = .

.vfp11_veneer   0x0000000008005ec0        0x0
 .vfp11_veneer  0x0000000008005ec0        0x0 linker stubs

.v4_bx          0x0000000008005ec0        0x0
 .v4_bx         0x0000000008005ec0        0x0 linker stubs

.iplt           0x0000000008005ec0        0x0
 .iplt          0x0000000008005ec0        0x0 d:/program files/stm32cubeide_1.11.2/stm32cubeide/plugins/com.st.stm32cube.ide.mcu.externaltools.gnu-tools-for-stm32.10.3-2021.10.win32_1.0.200.202301161003/tools/bin/../lib/gcc/arm-none-eabi/10.3.1/thumb/v7e-m+fp/hard/crtbegin.o

.rodata         0x0000000008005ec0      0xe0c
                0x0000000008005ec0                . = ALIGN (0x4)
 *(.rodata)
 .rodata        0x0000000008005ec0        0xa ./Core/Src/display.o
 *fill*         0x0000000008005eca        0x2 
 .rodata        0x0000000008005ecc        0xb ./Core/Src/main.o
 *(.rodata*)
 *fill*         0x0000000008005ed7        0x1 
 .rodata.Font11x18
                0x0000000008005ed8      0xd5c ./Core/Src/fonts.o
 .rodata.init_cmds1
                0x0000000008006c34       0x3b ./Core/Src/st7735.o
 *fill*         0x0000000008006c6f        0x1 
 .rodata.init_cmds2
                0x0000000008006c70        0xd ./Core/Src/st7735.o
 *fill*         0x0000000008006c7d        0x3 
 .rodata.init_cmds3
                0x0000000008006c80       0x2b ./Core/Src/st7735.o
 *fill*         0x0000000008006cab        0x1 
 .rodata.AHBPrescTable
                0x0000000008006cac       0x10 ./Core/Src/system_stm32f4xx.o
                0x0000000008006cac                AHBPrescTable
 .rodata.APBPrescTable
                0x0000000008006cbc        0x8 ./Core/Src/system_stm32f4xx.o
                0x0000000008006cbc                APBPrescTable
 .rodata.flagBitshiftOffset.0
                0x0000000008006cc4        0x8 ./Drivers/STM32F4xx_HAL_Driver/Src/stm32f4xx_hal_dma.o
                0x0000000008006ccc                . = ALIGN (0x4)

.ARM.extab      0x0000000008006ccc        0x0
                0x0000000008006ccc                . = ALIGN (0x4)
 *(.ARM.extab* .gnu.linkonce.armextab.*)
                0x0000000008006ccc                . = ALIGN (0x4)

.ARM            0x0000000008006ccc        0x8
                0x0000000008006ccc                . = ALIGN (0x4)
                0x0000000008006ccc                __exidx_start = .
 *(.ARM.exidx*)
 .ARM.exidx     0x0000000008006ccc        0x8 d:/program files/stm32cubeide_1.11.2/stm32cubeide/plugins/com.st.stm32cube.ide.mcu.externaltools.gnu-tools-for-stm32.10.3-2021.10.win32_1.0.200.202301161003/tools/bin/../lib/gcc/arm-none-eabi/10.3.1/thumb/v7e-m+fp/hard\libgcc.a(_udivmoddi4.o)
                0x0000000008006cd4                __exidx_end = .
                0x0000000008006cd4                . = ALIGN (0x4)

.rel.dyn        0x0000000008006cd4        0x0
 .rel.iplt      0x0000000008006cd4        0x0 d:/program files/stm32cubeide_1.11.2/stm32cubeide/plugins/com.st.stm32cube.ide.mcu.externaltools.gnu-tools-for-stm32.10.3-2021.10.win32_1.0.200.202301161003/tools/bin/../lib/gcc/arm-none-eabi/10.3.1/thumb/v7e-m+fp/hard/crtbegin.o

.preinit_array  0x0000000008006cd4        0x0
                0x0000000008006cd4                . = ALIGN (0x4)
                0x0000000008006cd4                PROVIDE (__preinit_array_start = .)
 *(.preinit_array*)
                0x0000000008006cd4                PROVIDE (__preinit_array_end = .)
                0x0000000008006cd4                . = ALIGN (0x4)

.init_array     0x0000000008006cd4        0x4
                0x0000000008006cd4                . = ALIGN (0x4)
                0x0000000008006cd4                PROVIDE (__init_array_start = .)
 *(SORT_BY_NAME(.init_array.*))
 *(.init_array*)
 .init_array    0x0000000008006cd4        0x4 d:/program files/stm32cubeide_1.11.2/stm32cubeide/plugins/com.st.stm32cube.ide.mcu.externaltools.gnu-tools-for-stm32.10.3-2021.10.win32_1.0.200.202301161003/tools/bin/../lib/gcc/arm-none-eabi/10.3.1/thumb/v7e-m+fp/hard/crtbegin.o
                0x0000000008006cd8                PROVIDE (__init_array_end = .)
                0x0000000008006cd8                . = ALIGN (0x4)

.fini_array     0x0000000008006cd8        0x4
                0x0000000008006cd8                . = ALIGN (0x4)
                [!provide]                        PROVIDE (__fini_array_start = .)
 *(SORT_BY_NAME(.fini_array.*))
 *(.fini_array*)
 .fini_array    0x0000000008006cd8        0x4 d:/program files/stm32cubeide_1.11.2/stm32cubeide/plugins/com.st.stm32cube.ide.mcu.externaltools.gnu-tools-for-stm32.10.3-2021.10.win32_1.0.200.202301161003/tools/bin/../lib/gcc/arm-none-eabi/10.3.1/thumb/v7e-m+fp/hard/crtbegin.o
                [!provide]                        PROVIDE (__fini_array_end = .)
                0x0000000008006cdc                . = ALIGN (0x4)
                0x0000000008006cdc                _sidata = LOADADDR (.data)

.data           0x0000000020000000       0x78 load address 0x0000000008006cdc
                0x0000000020000000                . = ALIGN (0x4)
                0x0000000020000000                _sdata = .
 *(.data)
 *(.data*)
 .data.Font_11x18
                0x0000000020000000        0x8 ./Core/Src/fonts.o
                0x0000000020000000                Font_11x18
 .data.SystemCoreClock
                0x0000000020000008        0x4 ./Core/Src/system_stm32f4xx.o
                0x0000000020000008                SystemCoreClock
 .data.uwTickPrio
                0x000000002000000c        0x4 ./Drivers/STM32F4xx_HAL_Driver/Src/stm32f4xx_hal.o
                0x000000002000000c                uwTickPrio
 .data.uwTickFreq
                0x0000000020000010        0x1 ./Drivers/STM32F4xx_HAL_Driver/Src/stm32f4xx_hal.o
                0x0000000020000010                uwTickFreq
 *fill*         0x0000000020000011        0x3 
 .data._impure_ptr
                0x0000000020000014        0x4 d:/program files/stm32cubeide_1.11.2/stm32cubeide/plugins/com.st.stm32cube.ide.mcu.externaltools.gnu-tools-for-stm32.10.3-2021.10.win32_1.0.200.202301161003/tools/bin/../lib/gcc/arm-none-eabi/10.3.1/../../../../arm-none-eabi/lib/thumb/v7e-m+fp/hard\libc_nano.a(lib_a-impure.o)
                0x0000000020000014                _impure_ptr
 .data.impure_data
                0x0000000020000018       0x60 d:/program files/stm32cubeide_1.11.2/stm32cubeide/plugins/com.st.stm32cube.ide.mcu.externaltools.gnu-tools-for-stm32.10.3-2021.10.win32_1.0.200.202301161003/tools/bin/../lib/gcc/arm-none-eabi/10.3.1/../../../../arm-none-eabi/lib/thumb/v7e-m+fp/hard\libc_nano.a(lib_a-impure.o)
 *(.RamFunc)
 *(.RamFunc*)
                0x0000000020000078                . = ALIGN (0x4)
                0x0000000020000078                _edata = .

.igot.plt       0x0000000020000078        0x0 load address 0x0000000008006d54
 .igot.plt      0x0000000020000078        0x0 d:/program files/stm32cubeide_1.11.2/stm32cubeide/plugins/com.st.stm32cube.ide.mcu.externaltools.gnu-tools-for-stm32.10.3-2021.10.win32_1.0.200.202301161003/tools/bin/../lib/gcc/arm-none-eabi/10.3.1/thumb/v7e-m+fp/hard/crtbegin.o
                0x0000000020000078                . = ALIGN (0x4)

.bss            0x0000000020000078      0x294 load address 0x0000000008006d54
                0x0000000020000078                _sbss = .
                0x0000000020000078                __bss_start__ = _sbss
 *(.bss)
 .bss           0x0000000020000078       0x1c d:/program files/stm32cubeide_1.11.2/stm32cubeide/plugins/com.st.stm32cube.ide.mcu.externaltools.gnu-tools-for-stm32.10.3-2021.10.win32_1.0.200.202301161003/tools/bin/../lib/gcc/arm-none-eabi/10.3.1/thumb/v7e-m+fp/hard/crtbegin.o
 *(.bss*)
 .bss.hadc1     0x0000000020000094       0x48 ./Core/Src/adc.o
                0x0000000020000094                hadc1
 .bss.bt_data   0x00000000200000dc        0x7 ./Core/Src/game.o
                0x00000000200000dc                bt_data
 *fill*         0x00000000200000e3        0x1 
 .bss.joystick_tilt
                0x00000000200000e4        0x2 ./Core/Src/game.o
                0x00000000200000e4                joystick_tilt
 *fill*         0x00000000200000e6        0x2 
 .bss.p1        0x00000000200000e8        0x8 ./Core/Src/main.o
                0x00000000200000e8                p1
 .bss.p2        0x00000000200000f0        0x8 ./Core/Src/main.o
                0x00000000200000f0                p2
 .bss.b         0x00000000200000f8        0x8 ./Core/Src/main.o
                0x00000000200000f8                b
 .bss.game_over_flag
                0x0000000020000100        0x4 ./Core/Src/main.o
                0x0000000020000100                game_over_flag
 .bss.uart_sync_flag
                0x0000000020000104        0x4 ./Core/Src/main.o
                0x0000000020000104                uart_sync_flag
 .bss.hspi1     0x0000000020000108       0x58 ./Core/Src/spi.o
                0x0000000020000108                hspi1
 .bss.__sbrk_heap_end
                0x0000000020000160        0x4 ./Core/Src/sysmem.o
 .bss.htim10    0x0000000020000164       0x48 ./Core/Src/tim.o
                0x0000000020000164                htim10
 .bss.htim11    0x00000000200001ac       0x48 ./Core/Src/tim.o
                0x00000000200001ac                htim11
 .bss.huart1    0x00000000200001f4       0x44 ./Core/Src/usart.o
                0x00000000200001f4                huart1
 .bss.hdma_usart1_rx
                0x0000000020000238       0x60 ./Core/Src/usart.o
                0x0000000020000238                hdma_usart1_rx
 .bss.hdma_usart1_tx
                0x0000000020000298       0x60 ./Core/Src/usart.o
                0x0000000020000298                hdma_usart1_tx
 .bss.uwTick    0x00000000200002f8        0x4 ./Drivers/STM32F4xx_HAL_Driver/Src/stm32f4xx_hal.o
                0x00000000200002f8                uwTick
 .bss.__malloc_free_list
                0x00000000200002fc        0x4 d:/program files/stm32cubeide_1.11.2/stm32cubeide/plugins/com.st.stm32cube.ide.mcu.externaltools.gnu-tools-for-stm32.10.3-2021.10.win32_1.0.200.202301161003/tools/bin/../lib/gcc/arm-none-eabi/10.3.1/../../../../arm-none-eabi/lib/thumb/v7e-m+fp/hard\libc_nano.a(lib_a-nano-mallocr.o)
                0x00000000200002fc                __malloc_free_list
 .bss.__malloc_sbrk_start
                0x0000000020000300        0x4 d:/program files/stm32cubeide_1.11.2/stm32cubeide/plugins/com.st.stm32cube.ide.mcu.externaltools.gnu-tools-for-stm32.10.3-2021.10.win32_1.0.200.202301161003/tools/bin/../lib/gcc/arm-none-eabi/10.3.1/../../../../arm-none-eabi/lib/thumb/v7e-m+fp/hard\libc_nano.a(lib_a-nano-mallocr.o)
                0x0000000020000300                __malloc_sbrk_start
 .bss.errno     0x0000000020000304        0x4 d:/program files/stm32cubeide_1.11.2/stm32cubeide/plugins/com.st.stm32cube.ide.mcu.externaltools.gnu-tools-for-stm32.10.3-2021.10.win32_1.0.200.202301161003/tools/bin/../lib/gcc/arm-none-eabi/10.3.1/../../../../arm-none-eabi/lib/thumb/v7e-m+fp/hard\libc_nano.a(lib_a-reent.o)
                0x0000000020000304                errno
 .bss.__lock___malloc_recursive_mutex
                0x0000000020000308        0x1 d:/program files/stm32cubeide_1.11.2/stm32cubeide/plugins/com.st.stm32cube.ide.mcu.externaltools.gnu-tools-for-stm32.10.3-2021.10.win32_1.0.200.202301161003/tools/bin/../lib/gcc/arm-none-eabi/10.3.1/../../../../arm-none-eabi/lib/thumb/v7e-m+fp/hard\libc_nano.a(lib_a-lock.o)
                0x0000000020000308                __lock___malloc_recursive_mutex
 *(COMMON)
                0x000000002000030c                . = ALIGN (0x4)
 *fill*         0x0000000020000309        0x3 
                0x000000002000030c                _ebss = .
                0x000000002000030c                __bss_end__ = _ebss

._user_heap_stack
                0x000000002000030c      0x604 load address 0x0000000008006d54
                0x0000000020000310                . = ALIGN (0x8)
 *fill*         0x000000002000030c        0x4 
                [!provide]                        PROVIDE (end = .)
                0x0000000020000310                PROVIDE (_end = .)
                0x0000000020000510                . = (. + _Min_Heap_Size)
 *fill*         0x0000000020000310      0x200 
                0x0000000020000910                . = (. + _Min_Stack_Size)
 *fill*         0x0000000020000510      0x400 
                0x0000000020000910                . = ALIGN (0x8)

/DISCARD/
 libc.a(*)
 libm.a(*)
 libgcc.a(*)

.ARM.attributes
                0x0000000000000000       0x30
 *(.ARM.attributes)
 .ARM.attributes
                0x0000000000000000       0x1e d:/program files/stm32cubeide_1.11.2/stm32cubeide/plugins/com.st.stm32cube.ide.mcu.externaltools.gnu-tools-for-stm32.10.3-2021.10.win32_1.0.200.202301161003/tools/bin/../lib/gcc/arm-none-eabi/10.3.1/thumb/v7e-m+fp/hard/crti.o
 .ARM.attributes
                0x000000000000001e       0x34 d:/program files/stm32cubeide_1.11.2/stm32cubeide/plugins/com.st.stm32cube.ide.mcu.externaltools.gnu-tools-for-stm32.10.3-2021.10.win32_1.0.200.202301161003/tools/bin/../lib/gcc/arm-none-eabi/10.3.1/thumb/v7e-m+fp/hard/crtbegin.o
 .ARM.attributes
                0x0000000000000052       0x34 ./Core/Src/adc.o
 .ARM.attributes
                0x0000000000000086       0x34 ./Core/Src/display.o
 .ARM.attributes
                0x00000000000000ba       0x34 ./Core/Src/dma.o
 .ARM.attributes
                0x00000000000000ee       0x34 ./Core/Src/fonts.o
 .ARM.attributes
                0x0000000000000122       0x34 ./Core/Src/game.o
 .ARM.attributes
                0x0000000000000156       0x34 ./Core/Src/gpio.o
 .ARM.attributes
                0x000000000000018a       0x34 ./Core/Src/main.o
 .ARM.attributes
                0x00000000000001be       0x34 ./Core/Src/spi.o
 .ARM.attributes
                0x00000000000001f2       0x34 ./Core/Src/st7735.o
 .ARM.attributes
                0x0000000000000226       0x34 ./Core/Src/stm32f4xx_hal_msp.o
 .ARM.attributes
                0x000000000000025a       0x34 ./Core/Src/stm32f4xx_it.o
 .ARM.attributes
                0x000000000000028e       0x34 ./Core/Src/sysmem.o
 .ARM.attributes
                0x00000000000002c2       0x34 ./Core/Src/system_stm32f4xx.o
 .ARM.attributes
                0x00000000000002f6       0x34 ./Core/Src/tim.o
 .ARM.attributes
                0x000000000000032a       0x34 ./Core/Src/usart.o
 .ARM.attributes
                0x000000000000035e       0x21 ./Core/Startup/startup_stm32f401ccux.o
 .ARM.attributes
                0x000000000000037f       0x34 ./Drivers/STM32F4xx_HAL_Driver/Src/stm32f4xx_hal.o
 .ARM.attributes
                0x00000000000003b3       0x34 ./Drivers/STM32F4xx_HAL_Driver/Src/stm32f4xx_hal_adc.o
 .ARM.attributes
                0x00000000000003e7       0x34 ./Drivers/STM32F4xx_HAL_Driver/Src/stm32f4xx_hal_cortex.o
 .ARM.attributes
                0x000000000000041b       0x34 ./Drivers/STM32F4xx_HAL_Driver/Src/stm32f4xx_hal_dma.o
 .ARM.attributes
                0x000000000000044f       0x34 ./Drivers/STM32F4xx_HAL_Driver/Src/stm32f4xx_hal_gpio.o
 .ARM.attributes
                0x0000000000000483       0x34 ./Drivers/STM32F4xx_HAL_Driver/Src/stm32f4xx_hal_rcc.o
 .ARM.attributes
                0x00000000000004b7       0x34 ./Drivers/STM32F4xx_HAL_Driver/Src/stm32f4xx_hal_spi.o
 .ARM.attributes
                0x00000000000004eb       0x34 ./Drivers/STM32F4xx_HAL_Driver/Src/stm32f4xx_hal_tim.o
 .ARM.attributes
                0x000000000000051f       0x34 ./Drivers/STM32F4xx_HAL_Driver/Src/stm32f4xx_hal_tim_ex.o
 .ARM.attributes
                0x0000000000000553       0x34 ./Drivers/STM32F4xx_HAL_Driver/Src/stm32f4xx_hal_uart.o
 .ARM.attributes
                0x0000000000000587       0x34 d:/program files/stm32cubeide_1.11.2/stm32cubeide/plugins/com.st.stm32cube.ide.mcu.externaltools.gnu-tools-for-stm32.10.3-2021.10.win32_1.0.200.202301161003/tools/bin/../lib/gcc/arm-none-eabi/10.3.1/../../../../arm-none-eabi/lib/thumb/v7e-m+fp/hard\libc_nano.a(lib_a-errno.o)
 .ARM.attributes
                0x00000000000005bb       0x34 d:/program files/stm32cubeide_1.11.2/stm32cubeide/plugins/com.st.stm32cube.ide.mcu.externaltools.gnu-tools-for-stm32.10.3-2021.10.win32_1.0.200.202301161003/tools/bin/../lib/gcc/arm-none-eabi/10.3.1/../../../../arm-none-eabi/lib/thumb/v7e-m+fp/hard\libc_nano.a(lib_a-impure.o)
 .ARM.attributes
                0x00000000000005ef       0x34 d:/program files/stm32cubeide_1.11.2/stm32cubeide/plugins/com.st.stm32cube.ide.mcu.externaltools.gnu-tools-for-stm32.10.3-2021.10.win32_1.0.200.202301161003/tools/bin/../lib/gcc/arm-none-eabi/10.3.1/../../../../arm-none-eabi/lib/thumb/v7e-m+fp/hard\libc_nano.a(lib_a-init.o)
 .ARM.attributes
                0x0000000000000623       0x34 d:/program files/stm32cubeide_1.11.2/stm32cubeide/plugins/com.st.stm32cube.ide.mcu.externaltools.gnu-tools-for-stm32.10.3-2021.10.win32_1.0.200.202301161003/tools/bin/../lib/gcc/arm-none-eabi/10.3.1/../../../../arm-none-eabi/lib/thumb/v7e-m+fp/hard\libc_nano.a(lib_a-malloc.o)
 .ARM.attributes
                0x0000000000000657       0x34 d:/program files/stm32cubeide_1.11.2/stm32cubeide/plugins/com.st.stm32cube.ide.mcu.externaltools.gnu-tools-for-stm32.10.3-2021.10.win32_1.0.200.202301161003/tools/bin/../lib/gcc/arm-none-eabi/10.3.1/../../../../arm-none-eabi/lib/thumb/v7e-m+fp/hard\libc_nano.a(lib_a-memset.o)
 .ARM.attributes
                0x000000000000068b       0x34 d:/program files/stm32cubeide_1.11.2/stm32cubeide/plugins/com.st.stm32cube.ide.mcu.externaltools.gnu-tools-for-stm32.10.3-2021.10.win32_1.0.200.202301161003/tools/bin/../lib/gcc/arm-none-eabi/10.3.1/../../../../arm-none-eabi/lib/thumb/v7e-m+fp/hard\libc_nano.a(lib_a-nano-freer.o)
 .ARM.attributes
                0x00000000000006bf       0x34 d:/program files/stm32cubeide_1.11.2/stm32cubeide/plugins/com.st.stm32cube.ide.mcu.externaltools.gnu-tools-for-stm32.10.3-2021.10.win32_1.0.200.202301161003/tools/bin/../lib/gcc/arm-none-eabi/10.3.1/../../../../arm-none-eabi/lib/thumb/v7e-m+fp/hard\libc_nano.a(lib_a-nano-mallocr.o)
 .ARM.attributes
                0x00000000000006f3       0x34 d:/program files/stm32cubeide_1.11.2/stm32cubeide/plugins/com.st.stm32cube.ide.mcu.externaltools.gnu-tools-for-stm32.10.3-2021.10.win32_1.0.200.202301161003/tools/bin/../lib/gcc/arm-none-eabi/10.3.1/../../../../arm-none-eabi/lib/thumb/v7e-m+fp/hard\libc_nano.a(lib_a-sbrkr.o)
 .ARM.attributes
                0x0000000000000727       0x34 d:/program files/stm32cubeide_1.11.2/stm32cubeide/plugins/com.st.stm32cube.ide.mcu.externaltools.gnu-tools-for-stm32.10.3-2021.10.win32_1.0.200.202301161003/tools/bin/../lib/gcc/arm-none-eabi/10.3.1/../../../../arm-none-eabi/lib/thumb/v7e-m+fp/hard\libc_nano.a(lib_a-mlock.o)
 .ARM.attributes
                0x000000000000075b       0x34 d:/program files/stm32cubeide_1.11.2/stm32cubeide/plugins/com.st.stm32cube.ide.mcu.externaltools.gnu-tools-for-stm32.10.3-2021.10.win32_1.0.200.202301161003/tools/bin/../lib/gcc/arm-none-eabi/10.3.1/../../../../arm-none-eabi/lib/thumb/v7e-m+fp/hard\libc_nano.a(lib_a-reent.o)
 .ARM.attributes
                0x000000000000078f       0x34 d:/program files/stm32cubeide_1.11.2/stm32cubeide/plugins/com.st.stm32cube.ide.mcu.externaltools.gnu-tools-for-stm32.10.3-2021.10.win32_1.0.200.202301161003/tools/bin/../lib/gcc/arm-none-eabi/10.3.1/../../../../arm-none-eabi/lib/thumb/v7e-m+fp/hard\libc_nano.a(lib_a-lock.o)
 .ARM.attributes
                0x00000000000007c3       0x34 d:/program files/stm32cubeide_1.11.2/stm32cubeide/plugins/com.st.stm32cube.ide.mcu.externaltools.gnu-tools-for-stm32.10.3-2021.10.win32_1.0.200.202301161003/tools/bin/../lib/gcc/arm-none-eabi/10.3.1/../../../../arm-none-eabi/lib/thumb/v7e-m+fp/hard\libm.a(lib_a-s_round.o)
 .ARM.attributes
                0x00000000000007f7       0x1e d:/program files/stm32cubeide_1.11.2/stm32cubeide/plugins/com.st.stm32cube.ide.mcu.externaltools.gnu-tools-for-stm32.10.3-2021.10.win32_1.0.200.202301161003/tools/bin/../lib/gcc/arm-none-eabi/10.3.1/thumb/v7e-m+fp/hard\libgcc.a(_arm_addsubdf3.o)
 .ARM.attributes
                0x0000000000000815       0x1e d:/program files/stm32cubeide_1.11.2/stm32cubeide/plugins/com.st.stm32cube.ide.mcu.externaltools.gnu-tools-for-stm32.10.3-2021.10.win32_1.0.200.202301161003/tools/bin/../lib/gcc/arm-none-eabi/10.3.1/thumb/v7e-m+fp/hard\libgcc.a(_arm_muldivdf3.o)
 .ARM.attributes
                0x0000000000000833       0x1e d:/program files/stm32cubeide_1.11.2/stm32cubeide/plugins/com.st.stm32cube.ide.mcu.externaltools.gnu-tools-for-stm32.10.3-2021.10.win32_1.0.200.202301161003/tools/bin/../lib/gcc/arm-none-eabi/10.3.1/thumb/v7e-m+fp/hard\libgcc.a(_arm_fixdfsi.o)
 .ARM.attributes
                0x0000000000000851       0x1e d:/program files/stm32cubeide_1.11.2/stm32cubeide/plugins/com.st.stm32cube.ide.mcu.externaltools.gnu-tools-for-stm32.10.3-2021.10.win32_1.0.200.202301161003/tools/bin/../lib/gcc/arm-none-eabi/10.3.1/thumb/v7e-m+fp/hard\libgcc.a(_aeabi_uldivmod.o)
 .ARM.attributes
                0x000000000000086f       0x34 d:/program files/stm32cubeide_1.11.2/stm32cubeide/plugins/com.st.stm32cube.ide.mcu.externaltools.gnu-tools-for-stm32.10.3-2021.10.win32_1.0.200.202301161003/tools/bin/../lib/gcc/arm-none-eabi/10.3.1/thumb/v7e-m+fp/hard\libgcc.a(_udivmoddi4.o)
 .ARM.attributes
                0x00000000000008a3       0x1e d:/program files/stm32cubeide_1.11.2/stm32cubeide/plugins/com.st.stm32cube.ide.mcu.externaltools.gnu-tools-for-stm32.10.3-2021.10.win32_1.0.200.202301161003/tools/bin/../lib/gcc/arm-none-eabi/10.3.1/thumb/v7e-m+fp/hard\libgcc.a(_dvmd_tls.o)
 .ARM.attributes
                0x00000000000008c1       0x1e d:/program files/stm32cubeide_1.11.2/stm32cubeide/plugins/com.st.stm32cube.ide.mcu.externaltools.gnu-tools-for-stm32.10.3-2021.10.win32_1.0.200.202301161003/tools/bin/../lib/gcc/arm-none-eabi/10.3.1/thumb/v7e-m+fp/hard/crtn.o
OUTPUT(PONG.elf elf32-littlearm)
LOAD linker stubs
LOAD d:/program files/stm32cubeide_1.11.2/stm32cubeide/plugins/com.st.stm32cube.ide.mcu.externaltools.gnu-tools-for-stm32.10.3-2021.10.win32_1.0.200.202301161003/tools/bin/../lib/gcc/arm-none-eabi/10.3.1/../../../../arm-none-eabi/lib/thumb/v7e-m+fp/hard\libc.a
LOAD d:/program files/stm32cubeide_1.11.2/stm32cubeide/plugins/com.st.stm32cube.ide.mcu.externaltools.gnu-tools-for-stm32.10.3-2021.10.win32_1.0.200.202301161003/tools/bin/../lib/gcc/arm-none-eabi/10.3.1/../../../../arm-none-eabi/lib/thumb/v7e-m+fp/hard\libm.a
LOAD d:/program files/stm32cubeide_1.11.2/stm32cubeide/plugins/com.st.stm32cube.ide.mcu.externaltools.gnu-tools-for-stm32.10.3-2021.10.win32_1.0.200.202301161003/tools/bin/../lib/gcc/arm-none-eabi/10.3.1/thumb/v7e-m+fp/hard\libgcc.a

.debug_info     0x0000000000000000    0x13cfe
 .debug_info    0x0000000000000000      0xa4d ./Core/Src/adc.o
 .debug_info    0x0000000000000a4d      0x27e ./Core/Src/display.o
 .debug_info    0x0000000000000ccb      0x482 ./Core/Src/dma.o
 .debug_info    0x000000000000114d      0x1ae ./Core/Src/fonts.o
 .debug_info    0x00000000000012fb     0x11b4 ./Core/Src/game.o
 .debug_info    0x00000000000024af      0x49d ./Core/Src/gpio.o
 .debug_info    0x000000000000294c      0xcbb ./Core/Src/main.o
 .debug_info    0x0000000000003607      0xa0f ./Core/Src/spi.o
 .debug_info    0x0000000000004016      0xd47 ./Core/Src/st7735.o
 .debug_info    0x0000000000004d5d      0x2d4 ./Core/Src/stm32f4xx_hal_msp.o
 .debug_info    0x0000000000005031      0x79b ./Core/Src/stm32f4xx_it.o
 .debug_info    0x00000000000057cc      0x171 ./Core/Src/sysmem.o
 .debug_info    0x000000000000593d      0x54f ./Core/Src/system_stm32f4xx.o
 .debug_info    0x0000000000005e8c      0xb54 ./Core/Src/tim.o
 .debug_info    0x00000000000069e0      0xa16 ./Core/Src/usart.o
 .debug_info    0x00000000000073f6       0x22 ./Core/Startup/startup_stm32f401ccux.o
 .debug_info    0x0000000000007418      0x906 ./Drivers/STM32F4xx_HAL_Driver/Src/stm32f4xx_hal.o
 .debug_info    0x0000000000007d1e      0xd68 ./Drivers/STM32F4xx_HAL_Driver/Src/stm32f4xx_hal_adc.o
 .debug_info    0x0000000000008a86      0xd85 ./Drivers/STM32F4xx_HAL_Driver/Src/stm32f4xx_hal_cortex.o
 .debug_info    0x000000000000980b      0x947 ./Drivers/STM32F4xx_HAL_Driver/Src/stm32f4xx_hal_dma.o
 .debug_info    0x000000000000a152      0x78e ./Drivers/STM32F4xx_HAL_Driver/Src/stm32f4xx_hal_gpio.o
 .debug_info    0x000000000000a8e0      0x98c ./Drivers/STM32F4xx_HAL_Driver/Src/stm32f4xx_hal_rcc.o
 .debug_info    0x000000000000b26c     0x1750 ./Drivers/STM32F4xx_HAL_Driver/Src/stm32f4xx_hal_spi.o
 .debug_info    0x000000000000c9bc     0x2bb6 ./Drivers/STM32F4xx_HAL_Driver/Src/stm32f4xx_hal_tim.o
 .debug_info    0x000000000000f572     0x15d8 ./Drivers/STM32F4xx_HAL_Driver/Src/stm32f4xx_hal_tim_ex.o
 .debug_info    0x0000000000010b4a     0x31b4 ./Drivers/STM32F4xx_HAL_Driver/Src/stm32f4xx_hal_uart.o

.debug_abbrev   0x0000000000000000     0x2fdb
 .debug_abbrev  0x0000000000000000      0x1e0 ./Core/Src/adc.o
 .debug_abbrev  0x00000000000001e0      0x131 ./Core/Src/display.o
 .debug_abbrev  0x0000000000000311      0x10a ./Core/Src/dma.o
 .debug_abbrev  0x000000000000041b       0xad ./Core/Src/fonts.o
 .debug_abbrev  0x00000000000004c8      0x259 ./Core/Src/game.o
 .debug_abbrev  0x0000000000000721      0x146 ./Core/Src/gpio.o
 .debug_abbrev  0x0000000000000867      0x285 ./Core/Src/main.o
 .debug_abbrev  0x0000000000000aec      0x1e0 ./Core/Src/spi.o
 .debug_abbrev  0x0000000000000ccc      0x295 ./Core/Src/st7735.o
 .debug_abbrev  0x0000000000000f61       0xd4 ./Core/Src/stm32f4xx_hal_msp.o
 .debug_abbrev  0x0000000000001035      0x195 ./Core/Src/stm32f4xx_it.o
 .debug_abbrev  0x00000000000011ca       0xbb ./Core/Src/sysmem.o
 .debug_abbrev  0x0000000000001285      0x116 ./Core/Src/system_stm32f4xx.o
 .debug_abbrev  0x000000000000139b      0x1fc ./Core/Src/tim.o
 .debug_abbrev  0x0000000000001597      0x1fa ./Core/Src/usart.o
 .debug_abbrev  0x0000000000001791       0x12 ./Core/Startup/startup_stm32f401ccux.o
 .debug_abbrev  0x00000000000017a3      0x23e ./Drivers/STM32F4xx_HAL_Driver/Src/stm32f4xx_hal.o
 .debug_abbrev  0x00000000000019e1      0x204 ./Drivers/STM32F4xx_HAL_Driver/Src/stm32f4xx_hal_adc.o
 .debug_abbrev  0x0000000000001be5      0x316 ./Drivers/STM32F4xx_HAL_Driver/Src/stm32f4xx_hal_cortex.o
 .debug_abbrev  0x0000000000001efb      0x21b ./Drivers/STM32F4xx_HAL_Driver/Src/stm32f4xx_hal_dma.o
 .debug_abbrev  0x0000000000002116      0x1c4 ./Drivers/STM32F4xx_HAL_Driver/Src/stm32f4xx_hal_gpio.o
 .debug_abbrev  0x00000000000022da      0x2aa ./Drivers/STM32F4xx_HAL_Driver/Src/stm32f4xx_hal_rcc.o
 .debug_abbrev  0x0000000000002584      0x26e ./Drivers/STM32F4xx_HAL_Driver/Src/stm32f4xx_hal_spi.o
 .debug_abbrev  0x00000000000027f2      0x26e ./Drivers/STM32F4xx_HAL_Driver/Src/stm32f4xx_hal_tim.o
 .debug_abbrev  0x0000000000002a60      0x276 ./Drivers/STM32F4xx_HAL_Driver/Src/stm32f4xx_hal_tim_ex.o
 .debug_abbrev  0x0000000000002cd6      0x305 ./Drivers/STM32F4xx_HAL_Driver/Src/stm32f4xx_hal_uart.o

.debug_aranges  0x0000000000000000     0x1168
 .debug_aranges
                0x0000000000000000       0x30 ./Core/Src/adc.o
 .debug_aranges
                0x0000000000000030       0x48 ./Core/Src/display.o
 .debug_aranges
                0x0000000000000078       0x20 ./Core/Src/dma.o
 .debug_aranges
                0x0000000000000098       0x18 ./Core/Src/fonts.o
 .debug_aranges
                0x00000000000000b0       0xa8 ./Core/Src/game.o
 .debug_aranges
                0x0000000000000158       0x20 ./Core/Src/gpio.o
 .debug_aranges
                0x0000000000000178       0x38 ./Core/Src/main.o
 .debug_aranges
                0x00000000000001b0       0x30 ./Core/Src/spi.o
 .debug_aranges
                0x00000000000001e0       0xa8 ./Core/Src/st7735.o
 .debug_aranges
                0x0000000000000288       0x20 ./Core/Src/stm32f4xx_hal_msp.o
 .debug_aranges
                0x00000000000002a8       0x80 ./Core/Src/stm32f4xx_it.o
 .debug_aranges
                0x0000000000000328       0x20 ./Core/Src/sysmem.o
 .debug_aranges
                0x0000000000000348       0x28 ./Core/Src/system_stm32f4xx.o
 .debug_aranges
                0x0000000000000370       0x38 ./Core/Src/tim.o
 .debug_aranges
                0x00000000000003a8       0x30 ./Core/Src/usart.o
 .debug_aranges
                0x00000000000003d8       0x28 ./Core/Startup/startup_stm32f401ccux.o
 .debug_aranges
                0x0000000000000400       0xf0 ./Drivers/STM32F4xx_HAL_Driver/Src/stm32f4xx_hal.o
 .debug_aranges
                0x00000000000004f0       0xe8 ./Drivers/STM32F4xx_HAL_Driver/Src/stm32f4xx_hal_adc.o
 .debug_aranges
                0x00000000000005d8      0x118 ./Drivers/STM32F4xx_HAL_Driver/Src/stm32f4xx_hal_cortex.o
 .debug_aranges
                0x00000000000006f0       0x90 ./Drivers/STM32F4xx_HAL_Driver/Src/stm32f4xx_hal_dma.o
 .debug_aranges
                0x0000000000000780       0x58 ./Drivers/STM32F4xx_HAL_Driver/Src/stm32f4xx_hal_gpio.o
 .debug_aranges
                0x00000000000007d8       0x88 ./Drivers/STM32F4xx_HAL_Driver/Src/stm32f4xx_hal_rcc.o
 .debug_aranges
                0x0000000000000860      0x1d0 ./Drivers/STM32F4xx_HAL_Driver/Src/stm32f4xx_hal_spi.o
 .debug_aranges
                0x0000000000000a30      0x3d0 ./Drivers/STM32F4xx_HAL_Driver/Src/stm32f4xx_hal_tim.o
 .debug_aranges
                0x0000000000000e00      0x168 ./Drivers/STM32F4xx_HAL_Driver/Src/stm32f4xx_hal_tim_ex.o
 .debug_aranges
                0x0000000000000f68      0x200 ./Drivers/STM32F4xx_HAL_Driver/Src/stm32f4xx_hal_uart.o

.debug_ranges   0x0000000000000000      0xff8
 .debug_ranges  0x0000000000000000       0x20 ./Core/Src/adc.o
 .debug_ranges  0x0000000000000020       0x38 ./Core/Src/display.o
 .debug_ranges  0x0000000000000058       0x10 ./Core/Src/dma.o
 .debug_ranges  0x0000000000000068       0x98 ./Core/Src/game.o
 .debug_ranges  0x0000000000000100       0x10 ./Core/Src/gpio.o
 .debug_ranges  0x0000000000000110       0x28 ./Core/Src/main.o
 .debug_ranges  0x0000000000000138       0x20 ./Core/Src/spi.o
 .debug_ranges  0x0000000000000158       0x98 ./Core/Src/st7735.o
 .debug_ranges  0x00000000000001f0       0x10 ./Core/Src/stm32f4xx_hal_msp.o
 .debug_ranges  0x0000000000000200       0x70 ./Core/Src/stm32f4xx_it.o
 .debug_ranges  0x0000000000000270       0x10 ./Core/Src/sysmem.o
 .debug_ranges  0x0000000000000280       0x18 ./Core/Src/system_stm32f4xx.o
 .debug_ranges  0x0000000000000298       0x28 ./Core/Src/tim.o
 .debug_ranges  0x00000000000002c0       0x20 ./Core/Src/usart.o
 .debug_ranges  0x00000000000002e0       0x20 ./Core/Startup/startup_stm32f401ccux.o
 .debug_ranges  0x0000000000000300       0xe0 ./Drivers/STM32F4xx_HAL_Driver/Src/stm32f4xx_hal.o
 .debug_ranges  0x00000000000003e0       0xd8 ./Drivers/STM32F4xx_HAL_Driver/Src/stm32f4xx_hal_adc.o
 .debug_ranges  0x00000000000004b8      0x108 ./Drivers/STM32F4xx_HAL_Driver/Src/stm32f4xx_hal_cortex.o
 .debug_ranges  0x00000000000005c0       0x80 ./Drivers/STM32F4xx_HAL_Driver/Src/stm32f4xx_hal_dma.o
 .debug_ranges  0x0000000000000640       0x48 ./Drivers/STM32F4xx_HAL_Driver/Src/stm32f4xx_hal_gpio.o
 .debug_ranges  0x0000000000000688       0x78 ./Drivers/STM32F4xx_HAL_Driver/Src/stm32f4xx_hal_rcc.o
 .debug_ranges  0x0000000000000700      0x1c0 ./Drivers/STM32F4xx_HAL_Driver/Src/stm32f4xx_hal_spi.o
 .debug_ranges  0x00000000000008c0      0x3c0 ./Drivers/STM32F4xx_HAL_Driver/Src/stm32f4xx_hal_tim.o
 .debug_ranges  0x0000000000000c80      0x158 ./Drivers/STM32F4xx_HAL_Driver/Src/stm32f4xx_hal_tim_ex.o
 .debug_ranges  0x0000000000000dd8      0x220 ./Drivers/STM32F4xx_HAL_Driver/Src/stm32f4xx_hal_uart.o

.debug_macro    0x0000000000000000    0x193af
 .debug_macro   0x0000000000000000      0x219 ./Core/Src/adc.o
 .debug_macro   0x0000000000000219      0xa78 ./Core/Src/adc.o
 .debug_macro   0x0000000000000c91      0x2a7 ./Core/Src/adc.o
 .debug_macro   0x0000000000000f38       0x2e ./Core/Src/adc.o
 .debug_macro   0x0000000000000f66       0x28 ./Core/Src/adc.o
 .debug_macro   0x0000000000000f8e       0x22 ./Core/Src/adc.o
 .debug_macro   0x0000000000000fb0       0x8e ./Core/Src/adc.o
 .debug_macro   0x000000000000103e       0x51 ./Core/Src/adc.o
 .debug_macro   0x000000000000108f      0x103 ./Core/Src/adc.o
 .debug_macro   0x0000000000001192       0x6a ./Core/Src/adc.o
 .debug_macro   0x00000000000011fc      0x1df ./Core/Src/adc.o
 .debug_macro   0x00000000000013db       0x1c ./Core/Src/adc.o
 .debug_macro   0x00000000000013f7       0x22 ./Core/Src/adc.o
 .debug_macro   0x0000000000001419       0xd9 ./Core/Src/adc.o
 .debug_macro   0x00000000000014f2     0x102d ./Core/Src/adc.o
 .debug_macro   0x000000000000251f      0x11f ./Core/Src/adc.o
 .debug_macro   0x000000000000263e     0xb86c ./Core/Src/adc.o
 .debug_macro   0x000000000000deaa       0x6d ./Core/Src/adc.o
 .debug_macro   0x000000000000df17     0x367e ./Core/Src/adc.o
 .debug_macro   0x0000000000011595      0x174 ./Core/Src/adc.o
 .debug_macro   0x0000000000011709       0x5c ./Core/Src/adc.o
 .debug_macro   0x0000000000011765      0x416 ./Core/Src/adc.o
 .debug_macro   0x0000000000011b7b      0x9fe ./Core/Src/adc.o
 .debug_macro   0x0000000000012579      0x115 ./Core/Src/adc.o
 .debug_macro   0x000000000001268e       0xf8 ./Core/Src/adc.o
 .debug_macro   0x0000000000012786       0xa5 ./Core/Src/adc.o
 .debug_macro   0x000000000001282b      0x15f ./Core/Src/adc.o
 .debug_macro   0x000000000001298a      0x287 ./Core/Src/adc.o
 .debug_macro   0x0000000000012c11       0x5f ./Core/Src/adc.o
 .debug_macro   0x0000000000012c70      0x236 ./Core/Src/adc.o
 .debug_macro   0x0000000000012ea6      0x9e1 ./Core/Src/adc.o
 .debug_macro   0x0000000000013887      0x38b ./Core/Src/adc.o
 .debug_macro   0x0000000000013c12      0x176 ./Core/Src/adc.o
 .debug_macro   0x0000000000013d88       0xf9 ./Core/Src/adc.o
 .debug_macro   0x0000000000013e81      0x132 ./Core/Src/adc.o
 .debug_macro   0x0000000000013fb3      0x23a ./Core/Src/adc.o
 .debug_macro   0x00000000000141ed       0x2e ./Core/Src/adc.o
 .debug_macro   0x000000000001421b      0x11a ./Core/Src/adc.o
 .debug_macro   0x0000000000014335       0x85 ./Core/Src/adc.o
 .debug_macro   0x00000000000143ba       0x89 ./Core/Src/adc.o
 .debug_macro   0x0000000000014443      0x225 ./Core/Src/adc.o
 .debug_macro   0x0000000000014668      0x8e6 ./Core/Src/adc.o
 .debug_macro   0x0000000000014f4e       0x47 ./Core/Src/adc.o
 .debug_macro   0x0000000000014f95      0x295 ./Core/Src/adc.o
 .debug_macro   0x000000000001522a      0x126 ./Core/Src/adc.o
 .debug_macro   0x0000000000015350       0x58 ./Core/Src/adc.o
 .debug_macro   0x00000000000153a8      0x249 ./Core/Src/display.o
 .debug_macro   0x00000000000155f1       0x10 ./Core/Src/display.o
 .debug_macro   0x0000000000015601       0x22 ./Core/Src/display.o
 .debug_macro   0x0000000000015623      0x1c5 ./Core/Src/display.o
 .debug_macro   0x00000000000157e8       0x22 ./Core/Src/display.o
 .debug_macro   0x000000000001580a      0x219 ./Core/Src/dma.o
 .debug_macro   0x0000000000015a23       0x6d ./Core/Src/fonts.o
 .debug_macro   0x0000000000015a90      0x331 ./Core/Src/game.o
 .debug_macro   0x0000000000015dc1       0x10 ./Core/Src/game.o
 .debug_macro   0x0000000000015dd1       0x5e ./Core/Src/game.o
 .debug_macro   0x0000000000015e2f       0x52 ./Core/Src/game.o
 .debug_macro   0x0000000000015e81       0x1e ./Core/Src/game.o
 .debug_macro   0x0000000000015e9f       0x3c ./Core/Src/game.o
 .debug_macro   0x0000000000015edb       0x34 ./Core/Src/game.o
 .debug_macro   0x0000000000015f0f       0x16 ./Core/Src/game.o
 .debug_macro   0x0000000000015f25       0x43 ./Core/Src/game.o
 .debug_macro   0x0000000000015f68       0x34 ./Core/Src/game.o
 .debug_macro   0x0000000000015f9c       0x10 ./Core/Src/game.o
 .debug_macro   0x0000000000015fac       0x58 ./Core/Src/game.o
 .debug_macro   0x0000000000016004       0x71 ./Core/Src/game.o
 .debug_macro   0x0000000000016075       0x1c ./Core/Src/game.o
 .debug_macro   0x0000000000016091      0x12a ./Core/Src/game.o
 .debug_macro   0x00000000000161bb      0x341 ./Core/Src/game.o
 .debug_macro   0x00000000000164fc      0x19b ./Core/Src/game.o
 .debug_macro   0x0000000000016697       0x16 ./Core/Src/game.o
 .debug_macro   0x00000000000166ad       0x35 ./Core/Src/game.o
 .debug_macro   0x00000000000166e2       0x16 ./Core/Src/game.o
 .debug_macro   0x00000000000166f8       0x29 ./Core/Src/game.o
 .debug_macro   0x0000000000016721      0x219 ./Core/Src/gpio.o
 .debug_macro   0x000000000001693a      0x293 ./Core/Src/main.o
 .debug_macro   0x0000000000016bcd      0x219 ./Core/Src/spi.o
 .debug_macro   0x0000000000016de6      0x327 ./Core/Src/st7735.o
 .debug_macro   0x000000000001710d       0x3c ./Core/Src/st7735.o
 .debug_macro   0x0000000000017149       0x10 ./Core/Src/st7735.o
 .debug_macro   0x0000000000017159       0x20 ./Core/Src/st7735.o
 .debug_macro   0x0000000000017179      0x20f ./Core/Src/stm32f4xx_hal_msp.o
 .debug_macro   0x0000000000017388      0x219 ./Core/Src/stm32f4xx_it.o
 .debug_macro   0x00000000000175a1       0xff ./Core/Src/sysmem.o
 .debug_macro   0x00000000000176a0      0x23b ./Core/Src/sysmem.o
 .debug_macro   0x00000000000178db      0x200 ./Core/Src/system_stm32f4xx.o
 .debug_macro   0x0000000000017adb      0x219 ./Core/Src/tim.o
 .debug_macro   0x0000000000017cf4      0x219 ./Core/Src/usart.o
 .debug_macro   0x0000000000017f0d      0x260 ./Drivers/STM32F4xx_HAL_Driver/Src/stm32f4xx_hal.o
 .debug_macro   0x000000000001816d      0x201 ./Drivers/STM32F4xx_HAL_Driver/Src/stm32f4xx_hal_adc.o
 .debug_macro   0x000000000001836e      0x200 ./Drivers/STM32F4xx_HAL_Driver/Src/stm32f4xx_hal_cortex.o
 .debug_macro   0x000000000001856e      0x206 ./Drivers/STM32F4xx_HAL_Driver/Src/stm32f4xx_hal_dma.o
 .debug_macro   0x0000000000018774      0x206 ./Drivers/STM32F4xx_HAL_Driver/Src/stm32f4xx_hal_gpio.o
 .debug_macro   0x000000000001897a      0x224 ./Drivers/STM32F4xx_HAL_Driver/Src/stm32f4xx_hal_rcc.o
 .debug_macro   0x0000000000018b9e      0x20f ./Drivers/STM32F4xx_HAL_Driver/Src/stm32f4xx_hal_spi.o
 .debug_macro   0x0000000000018dad      0x201 ./Drivers/STM32F4xx_HAL_Driver/Src/stm32f4xx_hal_tim.o
 .debug_macro   0x0000000000018fae      0x200 ./Drivers/STM32F4xx_HAL_Driver/Src/stm32f4xx_hal_tim_ex.o
 .debug_macro   0x00000000000191ae      0x201 ./Drivers/STM32F4xx_HAL_Driver/Src/stm32f4xx_hal_uart.o

.debug_line     0x0000000000000000    0x165fb
 .debug_line    0x0000000000000000      0x7df ./Core/Src/adc.o
 .debug_line    0x00000000000007df      0x818 ./Core/Src/display.o
 .debug_line    0x0000000000000ff7      0x74b ./Core/Src/dma.o
 .debug_line    0x0000000000001742      0x3b3 ./Core/Src/fonts.o
 .debug_line    0x0000000000001af5     0x1095 ./Core/Src/game.o
 .debug_line    0x0000000000002b8a      0x779 ./Core/Src/gpio.o
 .debug_line    0x0000000000003303      0x8e6 ./Core/Src/main.o
 .debug_line    0x0000000000003be9      0x7bf ./Core/Src/spi.o
 .debug_line    0x00000000000043a8      0xd09 ./Core/Src/st7735.o
 .debug_line    0x00000000000050b1      0x74d ./Core/Src/stm32f4xx_hal_msp.o
 .debug_line    0x00000000000057fe      0x870 ./Core/Src/stm32f4xx_it.o
 .debug_line    0x000000000000606e      0x52b ./Core/Src/sysmem.o
 .debug_line    0x0000000000006599      0x7cf ./Core/Src/system_stm32f4xx.o
 .debug_line    0x0000000000006d68      0x7f0 ./Core/Src/tim.o
 .debug_line    0x0000000000007558      0x805 ./Core/Src/usart.o
 .debug_line    0x0000000000007d5d       0x88 ./Core/Startup/startup_stm32f401ccux.o
 .debug_line    0x0000000000007de5      0xa35 ./Drivers/STM32F4xx_HAL_Driver/Src/stm32f4xx_hal.o
 .debug_line    0x000000000000881a     0x11df ./Drivers/STM32F4xx_HAL_Driver/Src/stm32f4xx_hal_adc.o
 .debug_line    0x00000000000099f9      0xce4 ./Drivers/STM32F4xx_HAL_Driver/Src/stm32f4xx_hal_cortex.o
 .debug_line    0x000000000000a6dd      0xf99 ./Drivers/STM32F4xx_HAL_Driver/Src/stm32f4xx_hal_dma.o
 .debug_line    0x000000000000b676      0xb6d ./Drivers/STM32F4xx_HAL_Driver/Src/stm32f4xx_hal_gpio.o
 .debug_line    0x000000000000c1e3      0xdaf ./Drivers/STM32F4xx_HAL_Driver/Src/stm32f4xx_hal_rcc.o
 .debug_line    0x000000000000cf92     0x1cbf ./Drivers/STM32F4xx_HAL_Driver/Src/stm32f4xx_hal_spi.o
 .debug_line    0x000000000000ec51     0x3503 ./Drivers/STM32F4xx_HAL_Driver/Src/stm32f4xx_hal_tim.o
 .debug_line    0x0000000000012154     0x19cd ./Drivers/STM32F4xx_HAL_Driver/Src/stm32f4xx_hal_tim_ex.o
 .debug_line    0x0000000000013b21     0x2ada ./Drivers/STM32F4xx_HAL_Driver/Src/stm32f4xx_hal_uart.o

.debug_str      0x0000000000000000    0x9b60a
 .debug_str     0x0000000000000000    0x92dd6 ./Core/Src/adc.o
                                      0x930d1 (size before relaxing)
 .debug_str     0x0000000000092dd6      0x7a5 ./Core/Src/display.o
                                      0x93205 (size before relaxing)
 .debug_str     0x000000000009357b      0x3dd ./Core/Src/dma.o
                                      0x92f4f (size before relaxing)
 .debug_str     0x0000000000093958       0x46 ./Core/Src/fonts.o
                                       0x3c81 (size before relaxing)
 .debug_str     0x000000000009399e     0x3d32 ./Core/Src/game.o
                                      0x9735c (size before relaxing)
 .debug_str     0x00000000000976d0       0x68 ./Core/Src/gpio.o
                                      0x92c5f (size before relaxing)
 .debug_str     0x0000000000097738      0x244 ./Core/Src/main.o
                                      0x93a06 (size before relaxing)
 .debug_str     0x000000000009797c      0x1bb ./Core/Src/spi.o
                                      0x930eb (size before relaxing)
 .debug_str     0x0000000000097b37      0x2a7 ./Core/Src/st7735.o
                                      0x96653 (size before relaxing)
 .debug_str     0x0000000000097dde       0x2c ./Core/Src/stm32f4xx_hal_msp.o
                                      0x92b94 (size before relaxing)
 .debug_str     0x0000000000097e0a      0x174 ./Core/Src/stm32f4xx_it.o
                                      0x930f6 (size before relaxing)
 .debug_str     0x0000000000097f7e      0x4da ./Core/Src/sysmem.o
                                       0x5db7 (size before relaxing)
 .debug_str     0x0000000000098458       0xdb ./Core/Src/system_stm32f4xx.o
                                      0x92b02 (size before relaxing)
 .debug_str     0x0000000000098533       0x73 ./Core/Src/tim.o
                                      0x93535 (size before relaxing)
 .debug_str     0x00000000000985a6       0x5f ./Core/Src/usart.o
                                      0x9312e (size before relaxing)
 .debug_str     0x0000000000098605       0x36 ./Core/Startup/startup_stm32f401ccux.o
                                         0x61 (size before relaxing)
 .debug_str     0x000000000009863b      0x603 ./Drivers/STM32F4xx_HAL_Driver/Src/stm32f4xx_hal.o
                                      0x93524 (size before relaxing)
 .debug_str     0x0000000000098c3e      0x297 ./Drivers/STM32F4xx_HAL_Driver/Src/stm32f4xx_hal_adc.o
                                      0x930dd (size before relaxing)
 .debug_str     0x0000000000098ed5      0x326 ./Drivers/STM32F4xx_HAL_Driver/Src/stm32f4xx_hal_cortex.o
                                      0x93245 (size before relaxing)
 .debug_str     0x00000000000991fb      0x2c7 ./Drivers/STM32F4xx_HAL_Driver/Src/stm32f4xx_hal_dma.o
                                      0x92f0a (size before relaxing)
 .debug_str     0x00000000000994c2      0x121 ./Drivers/STM32F4xx_HAL_Driver/Src/stm32f4xx_hal_gpio.o
                                      0x92c7d (size before relaxing)
 .debug_str     0x00000000000995e3      0x233 ./Drivers/STM32F4xx_HAL_Driver/Src/stm32f4xx_hal_rcc.o
                                      0x92f36 (size before relaxing)
 .debug_str     0x0000000000099816      0x55b ./Drivers/STM32F4xx_HAL_Driver/Src/stm32f4xx_hal_spi.o
                                      0x933b4 (size before relaxing)
 .debug_str     0x0000000000099d71      0xe01 ./Drivers/STM32F4xx_HAL_Driver/Src/stm32f4xx_hal_tim.o
                                      0x93e6a (size before relaxing)
 .debug_str     0x000000000009ab72      0x503 ./Drivers/STM32F4xx_HAL_Driver/Src/stm32f4xx_hal_tim_ex.o
                                      0x93686 (size before relaxing)
 .debug_str     0x000000000009b075      0x595 ./Drivers/STM32F4xx_HAL_Driver/Src/stm32f4xx_hal_uart.o
                                      0x934c3 (size before relaxing)

.comment        0x0000000000000000       0x50
 .comment       0x0000000000000000       0x50 ./Core/Src/adc.o
                                         0x51 (size before relaxing)
 .comment       0x0000000000000050       0x51 ./Core/Src/display.o
 .comment       0x0000000000000050       0x51 ./Core/Src/dma.o
 .comment       0x0000000000000050       0x51 ./Core/Src/fonts.o
 .comment       0x0000000000000050       0x51 ./Core/Src/game.o
 .comment       0x0000000000000050       0x51 ./Core/Src/gpio.o
 .comment       0x0000000000000050       0x51 ./Core/Src/main.o
 .comment       0x0000000000000050       0x51 ./Core/Src/spi.o
 .comment       0x0000000000000050       0x51 ./Core/Src/st7735.o
 .comment       0x0000000000000050       0x51 ./Core/Src/stm32f4xx_hal_msp.o
 .comment       0x0000000000000050       0x51 ./Core/Src/stm32f4xx_it.o
 .comment       0x0000000000000050       0x51 ./Core/Src/sysmem.o
 .comment       0x0000000000000050       0x51 ./Core/Src/system_stm32f4xx.o
 .comment       0x0000000000000050       0x51 ./Core/Src/tim.o
 .comment       0x0000000000000050       0x51 ./Core/Src/usart.o
 .comment       0x0000000000000050       0x51 ./Drivers/STM32F4xx_HAL_Driver/Src/stm32f4xx_hal.o
 .comment       0x0000000000000050       0x51 ./Drivers/STM32F4xx_HAL_Driver/Src/stm32f4xx_hal_adc.o
 .comment       0x0000000000000050       0x51 ./Drivers/STM32F4xx_HAL_Driver/Src/stm32f4xx_hal_cortex.o
 .comment       0x0000000000000050       0x51 ./Drivers/STM32F4xx_HAL_Driver/Src/stm32f4xx_hal_dma.o
 .comment       0x0000000000000050       0x51 ./Drivers/STM32F4xx_HAL_Driver/Src/stm32f4xx_hal_gpio.o
 .comment       0x0000000000000050       0x51 ./Drivers/STM32F4xx_HAL_Driver/Src/stm32f4xx_hal_rcc.o
 .comment       0x0000000000000050       0x51 ./Drivers/STM32F4xx_HAL_Driver/Src/stm32f4xx_hal_spi.o
 .comment       0x0000000000000050       0x51 ./Drivers/STM32F4xx_HAL_Driver/Src/stm32f4xx_hal_tim.o
 .comment       0x0000000000000050       0x51 ./Drivers/STM32F4xx_HAL_Driver/Src/stm32f4xx_hal_tim_ex.o
 .comment       0x0000000000000050       0x51 ./Drivers/STM32F4xx_HAL_Driver/Src/stm32f4xx_hal_uart.o

.debug_frame    0x0000000000000000     0x4a60
 .debug_frame   0x0000000000000000       0x7c ./Core/Src/adc.o
 .debug_frame   0x000000000000007c       0xe4 ./Core/Src/display.o
 .debug_frame   0x0000000000000160       0x34 ./Core/Src/dma.o
 .debug_frame   0x0000000000000194      0x2a4 ./Core/Src/game.o
 .debug_frame   0x0000000000000438       0x34 ./Core/Src/gpio.o
 .debug_frame   0x000000000000046c       0x90 ./Core/Src/main.o
 .debug_frame   0x00000000000004fc       0x74 ./Core/Src/spi.o
 .debug_frame   0x0000000000000570      0x2a4 ./Core/Src/st7735.o
 .debug_frame   0x0000000000000814       0x38 ./Core/Src/stm32f4xx_hal_msp.o
 .debug_frame   0x000000000000084c      0x174 ./Core/Src/stm32f4xx_it.o
 .debug_frame   0x00000000000009c0       0x34 ./Core/Src/sysmem.o
 .debug_frame   0x00000000000009f4       0x58 ./Core/Src/system_stm32f4xx.o
 .debug_frame   0x0000000000000a4c       0x90 ./Core/Src/tim.o
 .debug_frame   0x0000000000000adc       0x74 ./Core/Src/usart.o
 .debug_frame   0x0000000000000b50      0x374 ./Drivers/STM32F4xx_HAL_Driver/Src/stm32f4xx_hal.o
 .debug_frame   0x0000000000000ec4      0x3fc ./Drivers/STM32F4xx_HAL_Driver/Src/stm32f4xx_hal_adc.o
 .debug_frame   0x00000000000012c0      0x498 ./Drivers/STM32F4xx_HAL_Driver/Src/stm32f4xx_hal_cortex.o
 .debug_frame   0x0000000000001758      0x250 ./Drivers/STM32F4xx_HAL_Driver/Src/stm32f4xx_hal_dma.o
 .debug_frame   0x00000000000019a8      0x14c ./Drivers/STM32F4xx_HAL_Driver/Src/stm32f4xx_hal_gpio.o
 .debug_frame   0x0000000000001af4      0x1f4 ./Drivers/STM32F4xx_HAL_Driver/Src/stm32f4xx_hal_rcc.o
 .debug_frame   0x0000000000001ce8      0x824 ./Drivers/STM32F4xx_HAL_Driver/Src/stm32f4xx_hal_spi.o
 .debug_frame   0x000000000000250c     0x11bc ./Drivers/STM32F4xx_HAL_Driver/Src/stm32f4xx_hal_tim.o
 .debug_frame   0x00000000000036c8      0x638 ./Drivers/STM32F4xx_HAL_Driver/Src/stm32f4xx_hal_tim_ex.o
 .debug_frame   0x0000000000003d00      0x92c ./Drivers/STM32F4xx_HAL_Driver/Src/stm32f4xx_hal_uart.o
 .debug_frame   0x000000000000462c       0x20 d:/program files/stm32cubeide_1.11.2/stm32cubeide/plugins/com.st.stm32cube.ide.mcu.externaltools.gnu-tools-for-stm32.10.3-2021.10.win32_1.0.200.202301161003/tools/bin/../lib/gcc/arm-none-eabi/10.3.1/../../../../arm-none-eabi/lib/thumb/v7e-m+fp/hard\libc_nano.a(lib_a-errno.o)
 .debug_frame   0x000000000000464c       0x2c d:/program files/stm32cubeide_1.11.2/stm32cubeide/plugins/com.st.stm32cube.ide.mcu.externaltools.gnu-tools-for-stm32.10.3-2021.10.win32_1.0.200.202301161003/tools/bin/../lib/gcc/arm-none-eabi/10.3.1/../../../../arm-none-eabi/lib/thumb/v7e-m+fp/hard\libc_nano.a(lib_a-init.o)
 .debug_frame   0x0000000000004678       0x30 d:/program files/stm32cubeide_1.11.2/stm32cubeide/plugins/com.st.stm32cube.ide.mcu.externaltools.gnu-tools-for-stm32.10.3-2021.10.win32_1.0.200.202301161003/tools/bin/../lib/gcc/arm-none-eabi/10.3.1/../../../../arm-none-eabi/lib/thumb/v7e-m+fp/hard\libc_nano.a(lib_a-malloc.o)
 .debug_frame   0x00000000000046a8       0x20 d:/program files/stm32cubeide_1.11.2/stm32cubeide/plugins/com.st.stm32cube.ide.mcu.externaltools.gnu-tools-for-stm32.10.3-2021.10.win32_1.0.200.202301161003/tools/bin/../lib/gcc/arm-none-eabi/10.3.1/../../../../arm-none-eabi/lib/thumb/v7e-m+fp/hard\libc_nano.a(lib_a-memset.o)
 .debug_frame   0x00000000000046c8       0x38 d:/program files/stm32cubeide_1.11.2/stm32cubeide/plugins/com.st.stm32cube.ide.mcu.externaltools.gnu-tools-for-stm32.10.3-2021.10.win32_1.0.200.202301161003/tools/bin/../lib/gcc/arm-none-eabi/10.3.1/../../../../arm-none-eabi/lib/thumb/v7e-m+fp/hard\libc_nano.a(lib_a-nano-freer.o)
 .debug_frame   0x0000000000004700       0x4c d:/program files/stm32cubeide_1.11.2/stm32cubeide/plugins/com.st.stm32cube.ide.mcu.externaltools.gnu-tools-for-stm32.10.3-2021.10.win32_1.0.200.202301161003/tools/bin/../lib/gcc/arm-none-eabi/10.3.1/../../../../arm-none-eabi/lib/thumb/v7e-m+fp/hard\libc_nano.a(lib_a-nano-mallocr.o)