../Core/Src/game.c:17:6:calculateJoystickTilt	24	static
../Core/Src/game.c:28:6:doGameTick	16	static
../Core/Src/game.c:37:6:restartGame	24	static
../Core/Src/game.c:47:6:startBluetooth	8	static
../Core/Src/game.c:52:6:resetGameData	24	static
../Core/Src/game.c:62:6:gameOver	16	static
../Core/Src/game.c:68:6:startGameTicks	8	static
../Core/Src/game.c:74:6:stopGameTicks	8	static
../Core/Src/game.c:80:5:calculateTilt	16	static
../Core/Src/game.c:84:6:movePlayersPaddles	16	static
../Core/Src/game.c:97:6:movePaddleUpY	32	static
../Core/Src/game.c:108:6:movePaddleDownY	32	static
../Core/Src/game.c:118:6:movePaddleDownX	32	static
../Core/Src/game.c:128:6:movePaddleUpX	32	static
../Core/Src/game.c:139:6:moveBallUpY	32	static
../Core/Src/game.c:150:6:moveBallDownY	32	static
../Core/Src/game.c:160:6:moveBallDownX	32	static
../Core/Src/game.c:170:6:moveBallUpX	32	static
