../Core/Src/game.c:14:6:doGameTick	24	static
../Core/Src/game.c:21:6:wallBounce	16	static
../Core/Src/game.c:29:6:paddleBounce	24	static
../Core/Src/game.c:41:6:calculatePaddleBounce	32	static
../Core/Src/game.c:47:6:updateBall	16	static
../Core/Src/game.c:54:6:calculateBallPosition	16	static
../Core/Src/game.c:63:6:restartGame	24	static
../Core/Src/game.c:73:6:resetGameData	24	static
../Core/Src/game.c:91:6:gameOver	16	static
../Core/Src/game.c:97:6:startGameTicks	8	static
../Core/Src/game.c:103:6:stopGameTicks	8	static
../Core/Src/game.c:109:5:calculateTilt	16	static
../Core/Src/game.c:113:6:movePaddleX	40	static
../Core/Src/game.c:125:6:movePaddleY	32	static
../Core/Src/game.c:136:6:calculateJoystickTilt	48	static
../Core/Src/game.c:146:6:movePlayersPaddles	32	static
