Archive member included to satisfy reference by file (symbol)

d:/program files/stm32cubeide_1.11.2/stm32cubeide/plugins/com.st.stm32cube.ide.mcu.externaltools.gnu-tools-for-stm32.10.3-2021.10.win32_1.0.200.202301161003/tools/bin/../lib/gcc/arm-none-eabi/10.3.1/../../../../arm-none-eabi/lib/thumb/v7e-m+fp/hard\libc_nano.a(lib_a-atoi.o)
                              ./Core/Src/game.o (atoi)
d:/program files/stm32cubeide_1.11.2/stm32cubeide/plugins/com.st.stm32cube.ide.mcu.externaltools.gnu-tools-for-stm32.10.3-2021.10.win32_1.0.200.202301161003/tools/bin/../lib/gcc/arm-none-eabi/10.3.1/../../../../arm-none-eabi/lib/thumb/v7e-m+fp/hard\libc_nano.a(lib_a-errno.o)
                              ./Core/Src/syscalls.o (__errno)
d:/program files/stm32cubeide_1.11.2/stm32cubeide/plugins/com.st.stm32cube.ide.mcu.externaltools.gnu-tools-for-stm32.10.3-2021.10.win32_1.0.200.202301161003/tools/bin/../lib/gcc/arm-none-eabi/10.3.1/../../../../arm-none-eabi/lib/thumb/v7e-m+fp/hard\libc_nano.a(lib_a-exit.o)
                              d:/program files/stm32cubeide_1.11.2/stm32cubeide/plugins/com.st.stm32cube.ide.mcu.externaltools.gnu-tools-for-stm32.10.3-2021.10.win32_1.0.200.202301161003/tools/bin/../lib/gcc/arm-none-eabi/10.3.1/../../../../arm-none-eabi/lib/thumb/v7e-m+fp/hard/crt0.o (exit)
d:/program files/stm32cubeide_1.11.2/stm32cubeide/plugins/com.st.stm32cube.ide.mcu.externaltools.gnu-tools-for-stm32.10.3-2021.10.win32_1.0.200.202301161003/tools/bin/../lib/gcc/arm-none-eabi/10.3.1/../../../../arm-none-eabi/lib/thumb/v7e-m+fp/hard\libc_nano.a(lib_a-impure.o)
                              d:/program files/stm32cubeide_1.11.2/stm32cubeide/plugins/com.st.stm32cube.ide.mcu.externaltools.gnu-tools-for-stm32.10.3-2021.10.win32_1.0.200.202301161003/tools/bin/../lib/gcc/arm-none-eabi/10.3.1/../../../../arm-none-eabi/lib/thumb/v7e-m+fp/hard\libc_nano.a(lib_a-exit.o) (_global_impure_ptr)
d:/program files/stm32cubeide_1.11.2/stm32cubeide/plugins/com.st.stm32cube.ide.mcu.externaltools.gnu-tools-for-stm32.10.3-2021.10.win32_1.0.200.202301161003/tools/bin/../lib/gcc/arm-none-eabi/10.3.1/../../../../arm-none-eabi/lib/thumb/v7e-m+fp/hard\libc_nano.a(lib_a-init.o)
                              d:/program files/stm32cubeide_1.11.2/stm32cubeide/plugins/com.st.stm32cube.ide.mcu.externaltools.gnu-tools-for-stm32.10.3-2021.10.win32_1.0.200.202301161003/tools/bin/../lib/gcc/arm-none-eabi/10.3.1/../../../../arm-none-eabi/lib/thumb/v7e-m+fp/hard/crt0.o (__libc_init_array)
d:/program files/stm32cubeide_1.11.2/stm32cubeide/plugins/com.st.stm32cube.ide.mcu.externaltools.gnu-tools-for-stm32.10.3-2021.10.win32_1.0.200.202301161003/tools/bin/../lib/gcc/arm-none-eabi/10.3.1/../../../../arm-none-eabi/lib/thumb/v7e-m+fp/hard\libc_nano.a(lib_a-itoa.o)
                              ./Core/Src/display.o (itoa)
d:/program files/stm32cubeide_1.11.2/stm32cubeide/plugins/com.st.stm32cube.ide.mcu.externaltools.gnu-tools-for-stm32.10.3-2021.10.win32_1.0.200.202301161003/tools/bin/../lib/gcc/arm-none-eabi/10.3.1/../../../../arm-none-eabi/lib/thumb/v7e-m+fp/hard\libc_nano.a(lib_a-malloc.o)
                              ./Core/Src/st7735.o (malloc)
d:/program files/stm32cubeide_1.11.2/stm32cubeide/plugins/com.st.stm32cube.ide.mcu.externaltools.gnu-tools-for-stm32.10.3-2021.10.win32_1.0.200.202301161003/tools/bin/../lib/gcc/arm-none-eabi/10.3.1/../../../../arm-none-eabi/lib/thumb/v7e-m+fp/hard\libc_nano.a(lib_a-memset.o)
                              d:/program files/stm32cubeide_1.11.2/stm32cubeide/plugins/com.st.stm32cube.ide.mcu.externaltools.gnu-tools-for-stm32.10.3-2021.10.win32_1.0.200.202301161003/tools/bin/../lib/gcc/arm-none-eabi/10.3.1/../../../../arm-none-eabi/lib/thumb/v7e-m+fp/hard/crt0.o (memset)
d:/program files/stm32cubeide_1.11.2/stm32cubeide/plugins/com.st.stm32cube.ide.mcu.externaltools.gnu-tools-for-stm32.10.3-2021.10.win32_1.0.200.202301161003/tools/bin/../lib/gcc/arm-none-eabi/10.3.1/../../../../arm-none-eabi/lib/thumb/v7e-m+fp/hard\libc_nano.a(lib_a-nano-freer.o)
                              d:/program files/stm32cubeide_1.11.2/stm32cubeide/plugins/com.st.stm32cube.ide.mcu.externaltools.gnu-tools-for-stm32.10.3-2021.10.win32_1.0.200.202301161003/tools/bin/../lib/gcc/arm-none-eabi/10.3.1/../../../../arm-none-eabi/lib/thumb/v7e-m+fp/hard\libc_nano.a(lib_a-malloc.o) (_free_r)
d:/program files/stm32cubeide_1.11.2/stm32cubeide/plugins/com.st.stm32cube.ide.mcu.externaltools.gnu-tools-for-stm32.10.3-2021.10.win32_1.0.200.202301161003/tools/bin/../lib/gcc/arm-none-eabi/10.3.1/../../../../arm-none-eabi/lib/thumb/v7e-m+fp/hard\libc_nano.a(lib_a-nano-mallocr.o)
                              d:/program files/stm32cubeide_1.11.2/stm32cubeide/plugins/com.st.stm32cube.ide.mcu.externaltools.gnu-tools-for-stm32.10.3-2021.10.win32_1.0.200.202301161003/tools/bin/../lib/gcc/arm-none-eabi/10.3.1/../../../../arm-none-eabi/lib/thumb/v7e-m+fp/hard\libc_nano.a(lib_a-malloc.o) (_malloc_r)
[...]
Memory Configuration

Name             Origin             Length             Attributes
RAM              0x0000000020000000 0x0000000000010000 xrw
FLASH            0x0000000008000000 0x0000000000040000 xr
*default*        0x0000000000000000 0xffffffffffffffff

Linker script and memory map

LOAD d:/program files/stm32cubeide_1.11.2/stm32cubeide/plugins/com.st.stm32cube.ide.mcu.externaltools.gnu-tools-for-stm32.10.3-2021.10.win32_1.0.200.202301161003/tools/bin/../lib/gcc/arm-none-eabi/10.3.1/thumb/v7e-m+fp/hard/crti.o
LOAD d:/program files/stm32cubeide_1.11.2/stm32cubeide/plugins/com.st.stm32cube.ide.mcu.externaltools.gnu-tools-for-stm32.10.3-2021.10.win32_1.0.200.202301161003/tools/bin/../lib/gcc/arm-none-eabi/10.3.1/thumb/v7e-m+fp/hard/crtbegin.o
LOAD d:/program files/stm32cubeide_1.11.2/stm32cubeide/plugins/com.st.stm32cube.ide.mcu.externaltools.gnu-tools-for-stm32.10.3-2021.10.win32_1.0.200.202301161003/tools/bin/../lib/gcc/arm-none-eabi/10.3.1/../../../../arm-none-eabi/lib/thumb/v7e-m+fp/hard/crt0.o
LOAD ./Core/Src/adc.o
LOAD ./Core/Src/ball.o
LOAD ./Core/Src/bluetooth.o
LOAD ./Core/Src/display.o
LOAD ./Core/Src/dma.o
LOAD ./Core/Src/fonts.o
LOAD ./Core/Src/game.o
LOAD ./Core/Src/gpio.o
LOAD ./Core/Src/main.o
LOAD ./Core/Src/paddle.o
LOAD ./Core/Src/sd.o
LOAD ./Core/Src/spi.o
LOAD ./Core/Src/st7735.o
LOAD ./Core/Src/stm32f4xx_hal_msp.o
LOAD ./Core/Src/stm32f4xx_it.o
LOAD ./Core/Src/syscalls.o
LOAD ./Core/Src/sysmem.o
LOAD ./Core/Src/system_stm32f4xx.o
LOAD ./Core/Src/tim.o
LOAD ./Core/Src/usart.o
LOAD ./Core/Src/user_diskio_spi.o
LOAD ./Core/Startup/startup_stm32f401ccux.o
LOAD ./Drivers/STM32F4xx_HAL_Driver/Src/stm32f4xx_hal.o
LOAD ./Drivers/STM32F4xx_HAL_Driver/Src/stm32f4xx_hal_adc.o
LOAD ./Drivers/STM32F4xx_HAL_Driver/Src/stm32f4xx_hal_adc_ex.o
LOAD ./Drivers/STM32F4xx_HAL_Driver/Src/stm32f4xx_hal_cortex.o
LOAD ./Drivers/STM32F4xx_HAL_Driver/Src/stm32f4xx_hal_dma.o
LOAD ./Drivers/STM32F4xx_HAL_Driver/Src/stm32f4xx_hal_dma_ex.o
LOAD ./Drivers/STM32F4xx_HAL_Driver/Src/stm32f4xx_hal_exti.o
LOAD ./Drivers/STM32F4xx_HAL_Driver/Src/stm32f4xx_hal_flash.o
LOAD ./Drivers/STM32F4xx_HAL_Driver/Src/stm32f4xx_hal_flash_ex.o
LOAD ./Drivers/STM32F4xx_HAL_Driver/Src/stm32f4xx_hal_flash_ramfunc.o
LOAD ./Drivers/STM32F4xx_HAL_Driver/Src/stm32f4xx_hal_gpio.o
LOAD ./Drivers/STM32F4xx_HAL_Driver/Src/stm32f4xx_hal_pwr.o
LOAD ./Drivers/STM32F4xx_HAL_Driver/Src/stm32f4xx_hal_pwr_ex.o
LOAD ./Drivers/STM32F4xx_HAL_Driver/Src/stm32f4xx_hal_rcc.o
LOAD ./Drivers/STM32F4xx_HAL_Driver/Src/stm32f4xx_hal_rcc_ex.o
LOAD ./Drivers/STM32F4xx_HAL_Driver/Src/stm32f4xx_hal_spi.o
LOAD ./Drivers/STM32F4xx_HAL_Driver/Src/stm32f4xx_hal_tim.o
LOAD ./Drivers/STM32F4xx_HAL_Driver/Src/stm32f4xx_hal_tim_ex.o
LOAD ./Drivers/STM32F4xx_HAL_Driver/Src/stm32f4xx_hal_uart.o
LOAD ./Drivers/STM32F4xx_HAL_Driver/Src/stm32f4xx_ll_adc.o
LOAD ./FATFS/App/fatfs.o
LOAD ./FATFS/Target/user_diskio.o
LOAD ./Middlewares/Third_Party/FatFs/src/diskio.o
LOAD ./Middlewares/Third_Party/FatFs/src/ff.o
LOAD ./Middlewares/Third_Party/FatFs/src/ff_gen_drv.o
LOAD ./Middlewares/Third_Party/FatFs/src/option/syscall.o
START GROUP
LOAD d:/program files/stm32cubeide_1.11.2/stm32cubeide/plugins/com.st.stm32cube.ide.mcu.externaltools.gnu-tools-for-stm32.10.3-2021.10.win32_1.0.200.202301161003/tools/bin/../lib/gcc/arm-none-eabi/10.3.1/../../../../arm-none-eabi/lib/thumb/v7e-m+fp/hard\libc_nano.a
LOAD d:/program files/stm32cubeide_1.11.2/stm32cubeide/plugins/com.st.stm32cube.ide.mcu.externaltools.gnu-tools-for-stm32.10.3-2021.10.win32_1.0.200.202301161003/tools/bin/../lib/gcc/arm-none-eabi/10.3.1/../../../../arm-none-eabi/lib/thumb/v7e-m+fp/hard\libm.a
END GROUP
START GROUP
LOAD d:/program files/stm32cubeide_1.11.2/stm32cubeide/plugins/com.st.stm32cube.ide.mcu.externaltools.gnu-tools-for-stm32.10.3-2021.10.win32_1.0.200.202301161003/tools/bin/../lib/gcc/arm-none-eabi/10.3.1/thumb/v7e-m+fp/hard\libgcc.a
LOAD d:/program files/stm32cubeide_1.11.2/stm32cubeide/plugins/com.st.stm32cube.ide.mcu.externaltools.gnu-tools-for-stm32.10.3-2021.10.win32_1.0.200.202301161003/tools/bin/../lib/gcc/arm-none-eabi/10.3.1/../../../../arm-none-eabi/lib/thumb/v7e-m+fp/hard\libc_nano.a
END GROUP
START GROUP
LOAD d:/program files/stm32cubeide_1.11.2/stm32cubeide/plugins/com.st.stm32cube.ide.mcu.externaltools.gnu-tools-for-stm32.10.3-2021.10.win32_1.0.200.202301161003/tools/bin/../lib/gcc/arm-none-eabi/10.3.1/thumb/v7e-m+fp/hard\libgcc.a
LOAD d:/program files/stm32cubeide_1.11.2/stm32cubeide/plugins/com.st.stm32cube.ide.mcu.externaltools.gnu-tools-for-stm32.10.3-2021.10.win32_1.0.200.202301161003/tools/bin/../lib/gcc/arm-none-eabi/10.3.1/../../../../arm-none-eabi/lib/thumb/v7e-m+fp/hard\libc_nano.a
LOAD d:/program files/stm32cubeide_1.11.2/stm32cubeide/plugins/com.st.stm32cube.ide.mcu.externaltools.gnu-tools-for-stm32.10.3-2021.10.win32_1.0.200.202301161003/tools/bin/../lib/gcc/arm-none-eabi/10.3.1/../../../../arm-none-eabi/lib/thumb/v7e-m+fp/hard\libnosys.a
END GROUP
START GROUP
LOAD d:/program files/stm32cubeide_1.11.2/stm32cubeide/plugins/com.st.stm32cube.ide.mcu.externaltools.gnu-tools-for-stm32.10.3-2021.10.win32_1.0.200.202301161003/tools/bin/../lib/gcc/arm-none-eabi/10.3.1/thumb/v7e-m+fp/hard\libgcc.a
LOAD d:/program files/stm32cubeide_1.11.2/stm32cubeide/plugins/com.st.stm32cube.ide.mcu.externaltools.gnu-tools-for-stm32.10.3-2021.10.win32_1.0.200.202301161003/tools/bin/../lib/gcc/arm-none-eabi/10.3.1/../../../../arm-none-eabi/lib/thumb/v7e-m+fp/hard\libc_nano.a
LOAD d:/program files/stm32cubeide_1.11.2/stm32cubeide/plugins/com.st.stm32cube.ide.mcu.externaltools.gnu-tools-for-stm32.10.3-2021.10.win32_1.0.200.202301161003/tools/bin/../lib/gcc/arm-none-eabi/10.3.1/../../../../arm-none-eabi/lib/thumb/v7e-m+fp/hard\libnosys.a
END GROUP
LOAD d:/program files/stm32cubeide_1.11.2/stm32cubeide/plugins/com.st.stm32cube.ide.mcu.externaltools.gnu-tools-for-stm32.10.3-2021.10.win32_1.0.200.202301161003/tools/bin/../lib/gcc/arm-none-eabi/10.3.1/thumb/v7e-m+fp/hard/crtend.o
LOAD d:/program files/stm32cubeide_1.11.2/stm32cubeide/plugins/com.st.stm32cube.ide.mcu.externaltools.gnu-tools-for-stm32.10.3-2021.10.win32_1.0.200.202301161003/tools/bin/../lib/gcc/arm-none-eabi/10.3.1/thumb/v7e-m+fp/hard/crtn.o
                0x0000000020010000                _estack = (ORIGIN (RAM) + LENGTH (RAM))
                0x0000000000000200                _Min_Heap_Size = 0x200
                0x0000000000000400                _Min_Stack_Size = 0x400

.isr_vector     0x0000000008000000      0x194
                0x0000000008000000                . = ALIGN (0x4)
 *(.isr_vector)
 .isr_vector    0x0000000008000000      0x194 ./Core/Startup/startup_stm32f401ccux.o
                0x0000000008000000                g_pfnVectors
                0x0000000008000194                . = ALIGN (0x4)

.text           0x0000000008000198     0xa80c
                0x0000000008000198                . = ALIGN (0x4)
 *(.text)
 .text          0x0000000008000198       0x40 d:/program files/stm32cubeide_1.11.2/stm32cubeide/plugins/com.st.stm32cube.ide.mcu.externaltools.gnu-tools-for-stm32.10.3-2021.10.win32_1.0.200.202301161003/tools/bin/../lib/gcc/arm-none-eabi/10.3.1/thumb/v7e-m+fp/hard/crtbegin.o
 .text          0x00000000080001d8      0x378 d:/program files/stm32cubeide_1.11.2/stm32cubeide/plugins/com.st.stm32cube.ide.mcu.externaltools.gnu-tools-for-stm32.10.3-2021.10.win32_1.0.200.202301161003/tools/bin/../lib/gcc/arm-none-eabi/10.3.1/thumb/v7e-m+fp/hard\libgcc.a(_arm_addsubdf3.o)
                0x00000000080001d8                __aeabi_drsub
                0x00000000080001e0                __aeabi_dsub
                0x00000000080001e0                __subdf3
                0x00000000080001e4                __aeabi_dadd
                0x00000000080001e4                __adddf3
                0x000000000800045c                __floatunsidf
                0x000000000800045c                __aeabi_ui2d
                0x000000000800047c                __floatsidf
                0x000000000800047c                __aeabi_i2d
                0x00000000080004a0                __aeabi_f2d
                0x00000000080004a0                __extendsfdf2
                0x00000000080004e4                __floatundidf
                0x00000000080004e4                __aeabi_ul2d
                0x00000000080004f4                __floatdidf
                0x00000000080004f4                __aeabi_l2d
 .text          0x0000000008000550      0x424 d:/program files/stm32cubeide_1.11.2/stm32cubeide/plugins/com.st.stm32cube.ide.mcu.externaltools.gnu-tools-for-stm32.10.3-2021.10.win32_1.0.200.202301161003/tools/bin/../lib/gcc/arm-none-eabi/10.3.1/thumb/v7e-m+fp/hard\libgcc.a(_arm_muldivdf3.o)
                0x0000000008000550                __aeabi_dmul
                0x0000000008000550                __muldf3
                0x00000000080007a4                __divdf3
                0x00000000080007a4                __aeabi_ddiv
 .text          0x0000000008000974      0x110 d:/program files/stm32cubeide_1.11.2/stm32cubeide/plugins/com.st.stm32cube.ide.mcu.externaltools.gnu-tools-for-stm32.10.3-2021.10.win32_1.0.200.202301161003/tools/bin/../lib/gcc/arm-none-eabi/10.3.1/thumb/v7e-m+fp/hard\libgcc.a(_arm_cmpdf2.o)
                0x0000000008000974                __gtdf2
                0x0000000008000974                __gedf2
                0x000000000800097c                __ltdf2
                0x000000000800097c                __ledf2
                0x0000000008000984                __nedf2
                0x0000000008000984                __eqdf2
                0x0000000008000984                __cmpdf2
                0x0000000008000a00                __aeabi_cdrcmple
                0x0000000008000a10                __aeabi_cdcmpeq
                0x0000000008000a10                __aeabi_cdcmple
                0x0000000008000a20                __aeabi_dcmpeq
                0x0000000008000a34                __aeabi_dcmplt
                0x0000000008000a48                __aeabi_dcmple
                0x0000000008000a5c                __aeabi_dcmpge
                0x0000000008000a70                __aeabi_dcmpgt
 .text          0x0000000008000a84       0x50 d:/program files/stm32cubeide_1.11.2/stm32cubeide/plugins/com.st.stm32cube.ide.mcu.externaltools.gnu-tools-for-stm32.10.3-2021.10.win32_1.0.200.202301161003/tools/bin/../lib/gcc/arm-none-eabi/10.3.1/thumb/v7e-m+fp/hard\libgcc.a(_arm_fixdfsi.o)
                0x0000000008000a84                __aeabi_d2iz
                0x0000000008000a84                __fixdfsi
 .text          0x0000000008000ad4       0xa0 d:/program files/stm32cubeide_1.11.2/stm32cubeide/plugins/com.st.stm32cube.ide.mcu.externaltools.gnu-tools-for-stm32.10.3-2021.10.win32_1.0.200.202301161003/tools/bin/../lib/gcc/arm-none-eabi/10.3.1/thumb/v7e-m+fp/hard\libgcc.a(_arm_truncdfsf2.o)
                0x0000000008000ad4                __truncdfsf2
                0x0000000008000ad4                __aeabi_d2f
 .text          0x0000000008000b74       0x30 d:/program files/stm32cubeide_1.11.2/stm32cubeide/plugins/com.st.stm32cube.ide.mcu.externaltools.gnu-tools-for-stm32.10.3-2021.10.win32_1.0.200.202301161003/tools/bin/../lib/gcc/arm-none-eabi/10.3.1/thumb/v7e-m+fp/hard\libgcc.a(_aeabi_uldivmod.o)
                0x0000000008000b74                __aeabi_uldivmod
 .text          0x0000000008000ba4      0x2d0 d:/program files/stm32cubeide_1.11.2/stm32cubeide/plugins/com.st.stm32cube.ide.mcu.externaltools.gnu-tools-for-stm32.10.3-2021.10.win32_1.0.200.202301161003/tools/bin/../lib/gcc/arm-none-eabi/10.3.1/thumb/v7e-m+fp/hard\libgcc.a(_udivmoddi4.o)
                0x0000000008000ba4                __udivmoddi4
 .text          0x0000000008000e74        0x4 d:/program files/stm32cubeide_1.11.2/stm32cubeide/plugins/com.st.stm32cube.ide.mcu.externaltools.gnu-tools-for-stm32.10.3-2021.10.win32_1.0.200.202301161003/tools/bin/../lib/gcc/arm-none-eabi/10.3.1/thumb/v7e-m+fp/hard\libgcc.a(_dvmd_tls.o)
                0x0000000008000e74                __aeabi_idiv0
                0x0000000008000e74                __aeabi_ldiv0
 *(.text*)
 .text.MX_ADC1_Init
                0x0000000008000e78       0xc8 ./Core/Src/adc.o
                0x0000000008000e78                MX_ADC1_Init
 .text.HAL_ADC_MspInit
                0x0000000008000f40       0x88 ./Core/Src/adc.o
                0x0000000008000f40                HAL_ADC_MspInit
 .text.updateBall
                0x0000000008000fc8       0x3e ./Core/Src/ball.o
                0x0000000008000fc8                updateBall
 .text.calculateBallPosition
                0x0000000008001006       0xac ./Core/Src/ball.o
                0x0000000008001006                calculateBallPosition
 .text.wallBounce
                0x00000000080010b2       0x36 ./Core/Src/ball.o
                0x00000000080010b2                wallBounce
 .text.paddleBounce
                0x00000000080010e8       0x82 ./Core/Src/ball.o
                0x00000000080010e8                paddleBounce
 *fill*         0x000000000800116a        0x6 
 .text.calculatePaddleBounce
                0x0000000008001170      0x110 ./Core/Src/ball.o
                0x0000000008001170                calculatePaddleBounce
 .text.startBluetooth
                0x0000000008001280       0x28 ./Core/Src/bluetooth.o
                0x0000000008001280                startBluetooth
 .text.convertPaddlesToChar
                0x00000000080012a8       0x44 ./Core/Src/bluetooth.o
                0x00000000080012a8                convertPaddlesToChar
 .text.convertBallToChar
                0x00000000080012ec       0x2c ./Core/Src/bluetooth.o
                0x00000000080012ec                convertBallToChar
 .text.eraseBall
                0x0000000008001318       0x26 ./Core/Src/display.o
                0x0000000008001318                eraseBall
 .text.drawBall
                0x000000000800133e       0x28 ./Core/Src/display.o
                0x000000000800133e                drawBall
 .text.clearDisplay
                0x0000000008001366        0xe ./Core/Src/display.o
                0x0000000008001366                clearDisplay
 .text.drawNewGame
                0x0000000008001374       0x42 ./Core/Src/display.o
                0x0000000008001374                drawNewGame
 *fill*         0x00000000080013b6        0x2 
 .text.drawGameOver
                0x00000000080013b8       0xb0 ./Core/Src/display.o
                0x00000000080013b8                drawGameOver
 .text.drawPaddleMovementX
                0x0000000008001468       0x9c ./Core/Src/display.o
                0x0000000008001468                drawPaddleMovementX
 .text.drawPaddleMovementY
                0x0000000008001504       0x74 ./Core/Src/display.o
                0x0000000008001504                drawPaddleMovementY
 .text.MX_DMA_Init
                0x0000000008001578       0x50 ./Core/Src/dma.o
                0x0000000008001578                MX_DMA_Init
 .text.doGameTick
                0x00000000080015c8       0x30 ./Core/Src/game.o
                0x00000000080015c8                doGameTick
 .text.restartGame
                0x00000000080015f8       0x50 ./Core/Src/game.o
                0x00000000080015f8                restartGame
 .text.resetGameData
                0x0000000008001648       0x84 ./Core/Src/game.o
                0x0000000008001648                resetGameData
 .text.gameOver
                0x00000000080016cc       0x54 ./Core/Src/game.o
                0x00000000080016cc                gameOver
 .text.saveNewScore
                0x0000000008001720       0x30 ./Core/Src/game.o
                0x0000000008001720                saveNewScore
 .text.checkHighScore
                0x0000000008001750       0x74 ./Core/Src/game.o
                0x0000000008001750                checkHighScore
 .text.startGameTicks
                0x00000000080017c4       0x14 ./Core/Src/game.o
                0x00000000080017c4                startGameTicks
 .text.stopGameTicks
                0x00000000080017d8       0x14 ./Core/Src/game.o
                0x00000000080017d8                stopGameTicks
 .text.checkGameOver
                0x00000000080017ec       0x2e ./Core/Src/game.o
                0x00000000080017ec                checkGameOver
 *fill*         0x000000000800181a        0x2 
 .text.checkRestartGame
                0x000000000800181c       0x38 ./Core/Src/game.o
                0x000000000800181c                checkRestartGame
 .text.MX_GPIO_Init
                0x0000000008001854      0x134 ./Core/Src/gpio.o
                0x0000000008001854                MX_GPIO_Init
 .text.main     0x0000000008001988       0x80 ./Core/Src/main.o
                0x0000000008001988                main
 .text.SystemClock_Config
                0x0000000008001a08       0xd4 ./Core/Src/main.o
                0x0000000008001a08                SystemClock_Config
 .text.HAL_TIM_PeriodElapsedCallback
                0x0000000008001adc       0x6c ./Core/Src/main.o
                0x0000000008001adc                HAL_TIM_PeriodElapsedCallback
 .text.Error_Handler
                0x0000000008001b48        0xa ./Core/Src/main.o
                0x0000000008001b48                Error_Handler
 *fill*         0x0000000008001b52        0x2 
 .text.calculateTilt
                0x0000000008001b54       0x74 ./Core/Src/paddle.o
                0x0000000008001b54                calculateTilt
 .text.movePaddleX
                0x0000000008001bc8       0x8a ./Core/Src/paddle.o
                0x0000000008001bc8                movePaddleX
 .text.movePaddleY
                0x0000000008001c52       0x7a ./Core/Src/paddle.o
                0x0000000008001c52                movePaddleY
 .text.calculateJoystickTilt
                0x0000000008001ccc       0x6c ./Core/Src/paddle.o
                0x0000000008001ccc                calculateJoystickTilt
 .text.movePlayersPaddles
                0x0000000008001d38       0x5c ./Core/Src/paddle.o
                0x0000000008001d38                movePlayersPaddles
 .text.SD_Init  0x0000000008001d94       0x40 ./Core/Src/sd.o
                0x0000000008001d94                SD_Init
 .text.SD_saveScore
                0x0000000008001dd4       0x78 ./Core/Src/sd.o
                0x0000000008001dd4                SD_saveScore
 .text.SD_readScore
                0x0000000008001e4c       0x98 ./Core/Src/sd.o
                0x0000000008001e4c                SD_readScore
 .text.MX_SPI1_Init
                0x0000000008001ee4       0x6c ./Core/Src/spi.o
                0x0000000008001ee4                MX_SPI1_Init
 .text.MX_SPI2_Init
                0x0000000008001f50       0x6c ./Core/Src/spi.o
                0x0000000008001f50                MX_SPI2_Init
 .text.HAL_SPI_MspInit
                0x0000000008001fbc       0xfc ./Core/Src/spi.o
                0x0000000008001fbc                HAL_SPI_MspInit
 .text.ST7735_Select
                0x00000000080020b8       0x18 ./Core/Src/st7735.o
 .text.ST7735_Unselect
                0x00000000080020d0       0x18 ./Core/Src/st7735.o
                0x00000000080020d0                ST7735_Unselect
 .text.ST7735_Reset
                0x00000000080020e8       0x2c ./Core/Src/st7735.o
 .text.ST7735_WriteCommand
                0x0000000008002114       0x34 ./Core/Src/st7735.o
 .text.ST7735_WriteData
                0x0000000008002148       0x38 ./Core/Src/st7735.o
 .text.ST7735_ExecuteCommandList
                0x0000000008002180       0x92 ./Core/Src/st7735.o
 .text.ST7735_SetAddressWindow
                0x0000000008002212       0x78 ./Core/Src/st7735.o
 *fill*         0x000000000800228a        0x2 
 .text.ST7735_Init
                0x000000000800228c       0x34 ./Core/Src/st7735.o
                0x000000000800228c                ST7735_Init
 .text.ST7735_WriteChar
                0x00000000080022c0       0xee ./Core/Src/st7735.o
 .text.ST7735_WriteString
                0x00000000080023ae       0x94 ./Core/Src/st7735.o
                0x00000000080023ae                ST7735_WriteString
 *fill*         0x0000000008002442        0x2 
 .text.ST7735_FillRectangle
                0x0000000008002444       0xe8 ./Core/Src/st7735.o
                0x0000000008002444                ST7735_FillRectangle
 .text.ST7735_FillRectangleFast
                0x000000000800252c      0x10c ./Core/Src/st7735.o
                0x000000000800252c                ST7735_FillRectangleFast
 .text.ST7735_FillScreen
                0x0000000008002638       0x22 ./Core/Src/st7735.o
                0x0000000008002638                ST7735_FillScreen
 .text.ST7735_FillScreenFast
                0x000000000800265a       0x22 ./Core/Src/st7735.o
                0x000000000800265a                ST7735_FillScreenFast
 .text.HAL_MspInit
                0x000000000800267c       0x50 ./Core/Src/stm32f4xx_hal_msp.o
                0x000000000800267c                HAL_MspInit
 .text.NMI_Handler
                0x00000000080026cc        0x6 ./Core/Src/stm32f4xx_it.o
                0x00000000080026cc                NMI_Handler
 .text.HardFault_Handler
                0x00000000080026d2        0x6 ./Core/Src/stm32f4xx_it.o
                0x00000000080026d2                HardFault_Handler
 .text.MemManage_Handler
                0x00000000080026d8        0x6 ./Core/Src/stm32f4xx_it.o
                0x00000000080026d8                MemManage_Handler
 .text.BusFault_Handler
                0x00000000080026de        0x6 ./Core/Src/stm32f4xx_it.o
                0x00000000080026de                BusFault_Handler
 .text.UsageFault_Handler
                0x00000000080026e4        0x6 ./Core/Src/stm32f4xx_it.o
                0x00000000080026e4                UsageFault_Handler
 .text.SVC_Handler
                0x00000000080026ea        0xe ./Core/Src/stm32f4xx_it.o
                0x00000000080026ea                SVC_Handler
 .text.DebugMon_Handler
                0x00000000080026f8        0xe ./Core/Src/stm32f4xx_it.o
                0x00000000080026f8                DebugMon_Handler
 .text.PendSV_Handler
                0x0000000008002706        0xe ./Core/Src/stm32f4xx_it.o
                0x0000000008002706                PendSV_Handler
 .text.SysTick_Handler
                0x0000000008002714        0xc ./Core/Src/stm32f4xx_it.o
                0x0000000008002714                SysTick_Handler
 .text.TIM1_UP_TIM10_IRQHandler
                0x0000000008002720       0x14 ./Core/Src/stm32f4xx_it.o
                0x0000000008002720                TIM1_UP_TIM10_IRQHandler
 .text.TIM1_TRG_COM_TIM11_IRQHandler
                0x0000000008002734       0x14 ./Core/Src/stm32f4xx_it.o
                0x0000000008002734                TIM1_TRG_COM_TIM11_IRQHandler
 .text.DMA2_Stream2_IRQHandler
                0x0000000008002748       0x14 ./Core/Src/stm32f4xx_it.o
                0x0000000008002748                DMA2_Stream2_IRQHandler
 .text.DMA2_Stream7_IRQHandler
                0x000000000800275c       0x14 ./Core/Src/stm32f4xx_it.o
                0x000000000800275c                DMA2_Stream7_IRQHandler
 .text._sbrk    0x0000000008002770       0x6c ./Core/Src/sysmem.o
                0x0000000008002770                _sbrk
 .text.SystemInit
                0x00000000080027dc       0x24 ./Core/Src/system_stm32f4xx.o
                0x00000000080027dc                SystemInit
 .text.MX_TIM10_Init
                0x0000000008002800       0x48 ./Core/Src/tim.o
                0x0000000008002800                MX_TIM10_Init
 .text.MX_TIM11_Init
                0x0000000008002848       0x48 ./Core/Src/tim.o
                0x0000000008002848                MX_TIM11_Init
 .text.HAL_TIM_Base_MspInit
                0x0000000008002890       0x8c ./Core/Src/tim.o
                0x0000000008002890                HAL_TIM_Base_MspInit
 .text.MX_USART1_UART_Init
                0x000000000800291c       0x54 ./Core/Src/usart.o
                0x000000000800291c                MX_USART1_UART_Init
 .text.HAL_UART_MspInit
                0x0000000008002970      0x160 ./Core/Src/usart.o
                0x0000000008002970                HAL_UART_MspInit
 .text.SPI_Timer_On
                0x0000000008002ad0       0x28 ./Core/Src/user_diskio_spi.o
                0x0000000008002ad0                SPI_Timer_On
 .text.SPI_Timer_Status
                0x0000000008002af8       0x2c ./Core/Src/user_diskio_spi.o
                0x0000000008002af8                SPI_Timer_Status
 .text.xchg_spi
                0x0000000008002b24       0x2c ./Core/Src/user_diskio_spi.o
 .text.rcvr_spi_multi
                0x0000000008002b50       0x38 ./Core/Src/user_diskio_spi.o
 .text.xmit_spi_multi
                0x0000000008002b88       0x36 ./Core/Src/user_diskio_spi.o
 .text.wait_ready
                0x0000000008002bbe       0x46 ./Core/Src/user_diskio_spi.o
 .text.despiselect
                0x0000000008002c04       0x1c ./Core/Src/user_diskio_spi.o
 .text.spiselect
                0x0000000008002c20       0x34 ./Core/Src/user_diskio_spi.o
 .text.rcvr_datablock
                0x0000000008002c54       0x52 ./Core/Src/user_diskio_spi.o
 .text.xmit_datablock
                0x0000000008002ca6       0x64 ./Core/Src/user_diskio_spi.o
 .text.send_cmd
                0x0000000008002d0a       0xde ./Core/Src/user_diskio_spi.o
 .text.USER_SPI_initialize
                0x0000000008002de8      0x1d8 ./Core/Src/user_diskio_spi.o
                0x0000000008002de8                USER_SPI_initialize
 .text.USER_SPI_status
                0x0000000008002fc0       0x2c ./Core/Src/user_diskio_spi.o
                0x0000000008002fc0                USER_SPI_status
 .text.USER_SPI_read
                0x0000000008002fec       0xcc ./Core/Src/user_diskio_spi.o
                0x0000000008002fec                USER_SPI_read
 .text.USER_SPI_write
                0x00000000080030b8       0xf8 ./Core/Src/user_diskio_spi.o
                0x00000000080030b8                USER_SPI_write
 .text.USER_SPI_ioctl
                0x00000000080031b0      0x2e0 ./Core/Src/user_diskio_spi.o
                0x00000000080031b0                USER_SPI_ioctl
 .text.Reset_Handler
                0x0000000008003490       0x50 ./Core/Startup/startup_stm32f401ccux.o
                0x0000000008003490                Reset_Handler
 .text.Default_Handler
                0x00000000080034e0        0x2 ./Core/Startup/startup_stm32f401ccux.o
                0x00000000080034e0                RTC_Alarm_IRQHandler
                0x00000000080034e0                EXTI2_IRQHandler
                0x00000000080034e0                SPI4_IRQHandler
                0x00000000080034e0                TIM1_CC_IRQHandler
                0x00000000080034e0                DMA2_Stream5_IRQHandler
                0x00000000080034e0                DMA1_Stream5_IRQHandler
                0x00000000080034e0                PVD_IRQHandler
                0x00000000080034e0                SDIO_IRQHandler
                0x00000000080034e0                TAMP_STAMP_IRQHandler
                0x00000000080034e0                EXTI3_IRQHandler
                0x00000000080034e0                I2C3_ER_IRQHandler
                0x00000000080034e0                EXTI0_IRQHandler
                0x00000000080034e0                I2C2_EV_IRQHandler
                0x00000000080034e0                DMA1_Stream2_IRQHandler
                0x00000000080034e0                FPU_IRQHandler
                0x00000000080034e0                SPI1_IRQHandler
                0x00000000080034e0                TIM1_BRK_TIM9_IRQHandler
                0x00000000080034e0                DMA2_Stream3_IRQHandler
                0x00000000080034e0                USART6_IRQHandler
                0x00000000080034e0                DMA2_Stream0_IRQHandler
                0x00000000080034e0                TIM4_IRQHandler
                0x00000000080034e0                I2C1_EV_IRQHandler
                0x00000000080034e0                DMA1_Stream6_IRQHandler
                0x00000000080034e0                DMA1_Stream1_IRQHandler
                0x00000000080034e0                TIM3_IRQHandler
                0x00000000080034e0                RCC_IRQHandler
                0x00000000080034e0                Default_Handler
                0x00000000080034e0                EXTI15_10_IRQHandler
                0x00000000080034e0                ADC_IRQHandler
                0x00000000080034e0                DMA1_Stream7_IRQHandler
                0x00000000080034e0                TIM5_IRQHandler
                0x00000000080034e0                I2C3_EV_IRQHandler
                0x00000000080034e0                EXTI9_5_IRQHandler
                0x00000000080034e0                RTC_WKUP_IRQHandler
                0x00000000080034e0                SPI2_IRQHandler
                0x00000000080034e0                DMA1_Stream0_IRQHandler
                0x00000000080034e0                EXTI4_IRQHandler
                0x00000000080034e0                WWDG_IRQHandler
                0x00000000080034e0                TIM2_IRQHandler
                0x00000000080034e0                OTG_FS_WKUP_IRQHandler
                0x00000000080034e0                EXTI1_IRQHandler
                0x00000000080034e0                USART2_IRQHandler
                0x00000000080034e0                I2C2_ER_IRQHandler
                0x00000000080034e0                DMA2_Stream1_IRQHandler
                0x00000000080034e0                FLASH_IRQHandler
                0x00000000080034e0                DMA2_Stream4_IRQHandler
                0x00000000080034e0                USART1_IRQHandler
                0x00000000080034e0                OTG_FS_IRQHandler
                0x00000000080034e0                SPI3_IRQHandler
                0x00000000080034e0                DMA1_Stream4_IRQHandler
                0x00000000080034e0                I2C1_ER_IRQHandler
                0x00000000080034e0                DMA2_Stream6_IRQHandler
                0x00000000080034e0                DMA1_Stream3_IRQHandler
 *fill*         0x00000000080034e2        0x2 
 .text.HAL_Init
                0x00000000080034e4       0x44 ./Drivers/STM32F4xx_HAL_Driver/Src/stm32f4xx_hal.o
                0x00000000080034e4                HAL_Init
 .text.HAL_InitTick
                0x0000000008003528       0x60 ./Drivers/STM32F4xx_HAL_Driver/Src/stm32f4xx_hal.o
                0x0000000008003528                HAL_InitTick
 .text.HAL_IncTick
                0x0000000008003588       0x28 ./Drivers/STM32F4xx_HAL_Driver/Src/stm32f4xx_hal.o
                0x0000000008003588                HAL_IncTick
 .text.HAL_GetTick
                0x00000000080035b0       0x18 ./Drivers/STM32F4xx_HAL_Driver/Src/stm32f4xx_hal.o
                0x00000000080035b0                HAL_GetTick
 .text.HAL_Delay
                0x00000000080035c8       0x48 ./Drivers/STM32F4xx_HAL_Driver/Src/stm32f4xx_hal.o
                0x00000000080035c8                HAL_Delay
 .text.HAL_ADC_Init
                0x0000000008003610       0x86 ./Drivers/STM32F4xx_HAL_Driver/Src/stm32f4xx_hal_adc.o
                0x0000000008003610                HAL_ADC_Init
 *fill*         0x0000000008003696        0x2 
 .text.HAL_ADC_Start
                0x0000000008003698      0x168 ./Drivers/STM32F4xx_HAL_Driver/Src/stm32f4xx_hal_adc.o
                0x0000000008003698                HAL_ADC_Start
 .text.HAL_ADC_PollForConversion
                0x0000000008003800      0x116 ./Drivers/STM32F4xx_HAL_Driver/Src/stm32f4xx_hal_adc.o
                0x0000000008003800                HAL_ADC_PollForConversion
 .text.HAL_ADC_GetValue
                0x0000000008003916       0x1a ./Drivers/STM32F4xx_HAL_Driver/Src/stm32f4xx_hal_adc.o
                0x0000000008003916                HAL_ADC_GetValue
 .text.HAL_ADC_ConfigChannel
                0x0000000008003930      0x244 ./Drivers/STM32F4xx_HAL_Driver/Src/stm32f4xx_hal_adc.o
                0x0000000008003930                HAL_ADC_ConfigChannel
 .text.ADC_Init
                0x0000000008003b74      0x1f8 ./Drivers/STM32F4xx_HAL_Driver/Src/stm32f4xx_hal_adc.o
 .text.__NVIC_SetPriorityGrouping
                0x0000000008003d6c       0x48 ./Drivers/STM32F4xx_HAL_Driver/Src/stm32f4xx_hal_cortex.o
 .text.__NVIC_GetPriorityGrouping
                0x0000000008003db4       0x1c ./Drivers/STM32F4xx_HAL_Driver/Src/stm32f4xx_hal_cortex.o
 .text.__NVIC_EnableIRQ
                0x0000000008003dd0       0x3c ./Drivers/STM32F4xx_HAL_Driver/Src/stm32f4xx_hal_cortex.o
 .text.__NVIC_SetPriority
                0x0000000008003e0c       0x54 ./Drivers/STM32F4xx_HAL_Driver/Src/stm32f4xx_hal_cortex.o
 .text.NVIC_EncodePriority
                0x0000000008003e60       0x66 ./Drivers/STM32F4xx_HAL_Driver/Src/stm32f4xx_hal_cortex.o
 *fill*         0x0000000008003ec6        0x2 
 .text.SysTick_Config
                0x0000000008003ec8       0x44 ./Drivers/STM32F4xx_HAL_Driver/Src/stm32f4xx_hal_cortex.o
 .text.HAL_NVIC_SetPriorityGrouping
                0x0000000008003f0c       0x16 ./Drivers/STM32F4xx_HAL_Driver/Src/stm32f4xx_hal_cortex.o
                0x0000000008003f0c                HAL_NVIC_SetPriorityGrouping
 .text.HAL_NVIC_SetPriority
                0x0000000008003f22       0x38 ./Drivers/STM32F4xx_HAL_Driver/Src/stm32f4xx_hal_cortex.o
                0x0000000008003f22                HAL_NVIC_SetPriority
 .text.HAL_NVIC_EnableIRQ
                0x0000000008003f5a       0x1c ./Drivers/STM32F4xx_HAL_Driver/Src/stm32f4xx_hal_cortex.o
                0x0000000008003f5a                HAL_NVIC_EnableIRQ
 .text.HAL_SYSTICK_Config
                0x0000000008003f76       0x18 ./Drivers/STM32F4xx_HAL_Driver/Src/stm32f4xx_hal_cortex.o
                0x0000000008003f76                HAL_SYSTICK_Config
 *fill*         0x0000000008003f8e        0x2 
 .text.HAL_DMA_Init
                0x0000000008003f90      0x15c ./Drivers/STM32F4xx_HAL_Driver/Src/stm32f4xx_hal_dma.o
                0x0000000008003f90                HAL_DMA_Init
 .text.HAL_DMA_Start_IT
                0x00000000080040ec       0xb0 ./Drivers/STM32F4xx_HAL_Driver/Src/stm32f4xx_hal_dma.o
                0x00000000080040ec                HAL_DMA_Start_IT
 .text.HAL_DMA_IRQHandler
                0x000000000800419c      0x314 ./Drivers/STM32F4xx_HAL_Driver/Src/stm32f4xx_hal_dma.o
                0x000000000800419c                HAL_DMA_IRQHandler
 .text.DMA_SetConfig
                0x00000000080044b0       0x5c ./Drivers/STM32F4xx_HAL_Driver/Src/stm32f4xx_hal_dma.o
 .text.DMA_CalcBaseAndBitshift
                0x000000000800450c       0x6c ./Drivers/STM32F4xx_HAL_Driver/Src/stm32f4xx_hal_dma.o
 .text.DMA_CheckFifoParam
                0x0000000008004578       0xf8 ./Drivers/STM32F4xx_HAL_Driver/Src/stm32f4xx_hal_dma.o
 .text.HAL_GPIO_Init
                0x0000000008004670      0x308 ./Drivers/STM32F4xx_HAL_Driver/Src/stm32f4xx_hal_gpio.o
                0x0000000008004670                HAL_GPIO_Init
 .text.HAL_GPIO_ReadPin
                0x0000000008004978       0x30 ./Drivers/STM32F4xx_HAL_Driver/Src/stm32f4xx_hal_gpio.o
                0x0000000008004978                HAL_GPIO_ReadPin
 .text.HAL_GPIO_WritePin
                0x00000000080049a8       0x32 ./Drivers/STM32F4xx_HAL_Driver/Src/stm32f4xx_hal_gpio.o
                0x00000000080049a8                HAL_GPIO_WritePin
 *fill*         0x00000000080049da        0x2 
 .text.HAL_RCC_OscConfig
                0x00000000080049dc      0x4f0 ./Drivers/STM32F4xx_HAL_Driver/Src/stm32f4xx_hal_rcc.o
                0x00000000080049dc                HAL_RCC_OscConfig
 .text.HAL_RCC_ClockConfig
                0x0000000008004ecc      0x1cc ./Drivers/STM32F4xx_HAL_Driver/Src/stm32f4xx_hal_rcc.o
                0x0000000008004ecc                HAL_RCC_ClockConfig
 .text.HAL_RCC_GetSysClockFreq
                0x0000000008005098      0x18c ./Drivers/STM32F4xx_HAL_Driver/Src/stm32f4xx_hal_rcc.o
                0x0000000008005098                HAL_RCC_GetSysClockFreq
 .text.HAL_RCC_GetHCLKFreq
                0x0000000008005224       0x18 ./Drivers/STM32F4xx_HAL_Driver/Src/stm32f4xx_hal_rcc.o
                0x0000000008005224                HAL_RCC_GetHCLKFreq
 .text.HAL_RCC_GetPCLK1Freq
                0x000000000800523c       0x28 ./Drivers/STM32F4xx_HAL_Driver/Src/stm32f4xx_hal_rcc.o
                0x000000000800523c                HAL_RCC_GetPCLK1Freq
 .text.HAL_RCC_GetPCLK2Freq
                0x0000000008005264       0x28 ./Drivers/STM32F4xx_HAL_Driver/Src/stm32f4xx_hal_rcc.o
                0x0000000008005264                HAL_RCC_GetPCLK2Freq
 .text.HAL_SPI_Init
                0x000000000800528c      0x112 ./Drivers/STM32F4xx_HAL_Driver/Src/stm32f4xx_hal_spi.o
                0x000000000800528c                HAL_SPI_Init
 .text.HAL_SPI_Transmit
                0x000000000800539e      0x278 ./Drivers/STM32F4xx_HAL_Driver/Src/stm32f4xx_hal_spi.o
                0x000000000800539e                HAL_SPI_Transmit
 .text.HAL_SPI_TransmitReceive
                0x0000000008005616      0x344 ./Drivers/STM32F4xx_HAL_Driver/Src/stm32f4xx_hal_spi.o
                0x0000000008005616                HAL_SPI_TransmitReceive
 *fill*         0x000000000800595a        0x2 
 .text.SPI_WaitFlagStateUntilTimeout
                0x000000000800595c      0x110 ./Drivers/STM32F4xx_HAL_Driver/Src/stm32f4xx_hal_spi.o
 .text.SPI_EndRxTxTransaction
                0x0000000008005a6c       0x84 ./Drivers/STM32F4xx_HAL_Driver/Src/stm32f4xx_hal_spi.o
 .text.HAL_TIM_Base_Init
                0x0000000008005af0       0x9e ./Drivers/STM32F4xx_HAL_Driver/Src/stm32f4xx_hal_tim.o
                0x0000000008005af0                HAL_TIM_Base_Init
 *fill*         0x0000000008005b8e        0x2 
 .text.HAL_TIM_Base_Start_IT
                0x0000000008005b90       0xc4 ./Drivers/STM32F4xx_HAL_Driver/Src/stm32f4xx_hal_tim.o
                0x0000000008005b90                HAL_TIM_Base_Start_IT
 .text.HAL_TIM_Base_Stop_IT
                0x0000000008005c54       0x5e ./Drivers/STM32F4xx_HAL_Driver/Src/stm32f4xx_hal_tim.o
                0x0000000008005c54                HAL_TIM_Base_Stop_IT
 .text.HAL_TIM_IRQHandler
                0x0000000008005cb2      0x210 ./Drivers/STM32F4xx_HAL_Driver/Src/stm32f4xx_hal_tim.o
                0x0000000008005cb2                HAL_TIM_IRQHandler
 .text.HAL_TIM_OC_DelayElapsedCallback
                0x0000000008005ec2       0x14 ./Drivers/STM32F4xx_HAL_Driver/Src/stm32f4xx_hal_tim.o
                0x0000000008005ec2                HAL_TIM_OC_DelayElapsedCallback
 .text.HAL_TIM_IC_CaptureCallback
                0x0000000008005ed6       0x14 ./Drivers/STM32F4xx_HAL_Driver/Src/stm32f4xx_hal_tim.o
                0x0000000008005ed6                HAL_TIM_IC_CaptureCallback
 .text.HAL_TIM_PWM_PulseFinishedCallback
                0x0000000008005eea       0x14 ./Drivers/STM32F4xx_HAL_Driver/Src/stm32f4xx_hal_tim.o
                0x0000000008005eea                HAL_TIM_PWM_PulseFinishedCallback
 .text.HAL_TIM_TriggerCallback
                0x0000000008005efe       0x14 ./Drivers/STM32F4xx_HAL_Driver/Src/stm32f4xx_hal_tim.o
                0x0000000008005efe                HAL_TIM_TriggerCallback
 *fill*         0x0000000008005f12        0x2 
 .text.TIM_Base_SetConfig
                0x0000000008005f14      0x100 ./Drivers/STM32F4xx_HAL_Driver/Src/stm32f4xx_hal_tim.o
                0x0000000008005f14                TIM_Base_SetConfig
 .text.HAL_TIMEx_CommutCallback
                0x0000000008006014       0x14 ./Drivers/STM32F4xx_HAL_Driver/Src/stm32f4xx_hal_tim_ex.o
                0x0000000008006014                HAL_TIMEx_CommutCallback
 .text.HAL_TIMEx_BreakCallback
                0x0000000008006028       0x14 ./Drivers/STM32F4xx_HAL_Driver/Src/stm32f4xx_hal_tim_ex.o
                0x0000000008006028                HAL_TIMEx_BreakCallback
 .text.HAL_UART_Init
                0x000000000800603c       0x9a ./Drivers/STM32F4xx_HAL_Driver/Src/stm32f4xx_hal_uart.o
                0x000000000800603c                HAL_UART_Init
 *fill*         0x00000000080060d6        0x2 
 .text.HAL_UART_Transmit_DMA
                0x00000000080060d8       0xfc ./Drivers/STM32F4xx_HAL_Driver/Src/stm32f4xx_hal_uart.o
                0x00000000080060d8                HAL_UART_Transmit_DMA
 .text.HAL_UART_Receive_DMA
                0x00000000080061d4       0x60 ./Drivers/STM32F4xx_HAL_Driver/Src/stm32f4xx_hal_uart.o
                0x00000000080061d4                HAL_UART_Receive_DMA
 .text.HAL_UART_TxCpltCallback
                0x0000000008006234       0x14 ./Drivers/STM32F4xx_HAL_Driver/Src/stm32f4xx_hal_uart.o
                0x0000000008006234                HAL_UART_TxCpltCallback
 .text.HAL_UART_TxHalfCpltCallback
                0x0000000008006248       0x14 ./Drivers/STM32F4xx_HAL_Driver/Src/stm32f4xx_hal_uart.o
                0x0000000008006248                HAL_UART_TxHalfCpltCallback
 .text.HAL_UART_RxCpltCallback
                0x000000000800625c       0x14 ./Drivers/STM32F4xx_HAL_Driver/Src/stm32f4xx_hal_uart.o
                0x000000000800625c                HAL_UART_RxCpltCallback
 .text.HAL_UART_RxHalfCpltCallback
                0x0000000008006270       0x14 ./Drivers/STM32F4xx_HAL_Driver/Src/stm32f4xx_hal_uart.o
                0x0000000008006270                HAL_UART_RxHalfCpltCallback
 .text.HAL_UART_ErrorCallback
                0x0000000008006284       0x14 ./Drivers/STM32F4xx_HAL_Driver/Src/stm32f4xx_hal_uart.o
                0x0000000008006284                HAL_UART_ErrorCallback
 .text.HAL_UARTEx_RxEventCallback
                0x0000000008006298       0x18 ./Drivers/STM32F4xx_HAL_Driver/Src/stm32f4xx_hal_uart.o
                0x0000000008006298                HAL_UARTEx_RxEventCallback
 .text.UART_DMATransmitCplt
                0x00000000080062b0       0x9a ./Drivers/STM32F4xx_HAL_Driver/Src/stm32f4xx_hal_uart.o
 .text.UART_DMATxHalfCplt
                0x000000000800634a       0x1c ./Drivers/STM32F4xx_HAL_Driver/Src/stm32f4xx_hal_uart.o
 .text.UART_DMAReceiveCplt
                0x0000000008006366      0x126 ./Drivers/STM32F4xx_HAL_Driver/Src/stm32f4xx_hal_uart.o
 .text.UART_DMARxHalfCplt
                0x000000000800648c       0x36 ./Drivers/STM32F4xx_HAL_Driver/Src/stm32f4xx_hal_uart.o
 .text.UART_DMAError
                0x00000000080064c2       0x94 ./Drivers/STM32F4xx_HAL_Driver/Src/stm32f4xx_hal_uart.o
 *fill*         0x0000000008006556        0x2 
 .text.UART_Start_Receive_DMA
                0x0000000008006558      0x13c ./Drivers/STM32F4xx_HAL_Driver/Src/stm32f4xx_hal_uart.o
                0x0000000008006558                UART_Start_Receive_DMA
 .text.UART_EndTxTransfer
                0x0000000008006694       0x50 ./Drivers/STM32F4xx_HAL_Driver/Src/stm32f4xx_hal_uart.o
 .text.UART_EndRxTransfer
                0x00000000080066e4       0xc6 ./Drivers/STM32F4xx_HAL_Driver/Src/stm32f4xx_hal_uart.o
 *fill*         0x00000000080067aa        0x2 
 .text.UART_SetConfig
                0x00000000080067ac      0x4e8 ./Drivers/STM32F4xx_HAL_Driver/Src/stm32f4xx_hal_uart.o
 .text.MX_FATFS_Init
                0x0000000008006c94       0x24 ./FATFS/App/fatfs.o
                0x0000000008006c94                MX_FATFS_Init
 .text.get_fattime
                0x0000000008006cb8       0x10 ./FATFS/App/fatfs.o
                0x0000000008006cb8                get_fattime
 .text.USER_initialize
                0x0000000008006cc8       0x1c ./FATFS/Target/user_diskio.o
                0x0000000008006cc8                USER_initialize
 .text.USER_status
                0x0000000008006ce4       0x1c ./FATFS/Target/user_diskio.o
                0x0000000008006ce4                USER_status
 .text.USER_read
                0x0000000008006d00       0x26 ./FATFS/Target/user_diskio.o
                0x0000000008006d00                USER_read
 .text.USER_write
                0x0000000008006d26       0x26 ./FATFS/Target/user_diskio.o
                0x0000000008006d26                USER_write
 .text.USER_ioctl
                0x0000000008006d4c       0x26 ./FATFS/Target/user_diskio.o
                0x0000000008006d4c                USER_ioctl
 *fill*         0x0000000008006d72        0x2 
 .text.disk_status
                0x0000000008006d74       0x34 ./Middlewares/Third_Party/FatFs/src/diskio.o
                0x0000000008006d74                disk_status
 .text.disk_initialize
                0x0000000008006da8       0x4c ./Middlewares/Third_Party/FatFs/src/diskio.o
                0x0000000008006da8                disk_initialize
 .text.disk_read
                0x0000000008006df4       0x40 ./Middlewares/Third_Party/FatFs/src/diskio.o
                0x0000000008006df4                disk_read
 .text.disk_write
                0x0000000008006e34       0x40 ./Middlewares/Third_Party/FatFs/src/diskio.o
                0x0000000008006e34                disk_write
 .text.disk_ioctl
                0x0000000008006e74       0x3c ./Middlewares/Third_Party/FatFs/src/diskio.o
                0x0000000008006e74                disk_ioctl
 .text.ld_word  0x0000000008006eb0       0x30 ./Middlewares/Third_Party/FatFs/src/ff.o
 .text.ld_dword
                0x0000000008006ee0       0x46 ./Middlewares/Third_Party/FatFs/src/ff.o
 .text.st_word  0x0000000008006f26       0x36 ./Middlewares/Third_Party/FatFs/src/ff.o
 .text.st_dword
                0x0000000008006f5c       0x58 ./Middlewares/Third_Party/FatFs/src/ff.o
 .text.mem_cpy  0x0000000008006fb4       0x42 ./Middlewares/Third_Party/FatFs/src/ff.o
 .text.mem_set  0x0000000008006ff6       0x36 ./Middlewares/Third_Party/FatFs/src/ff.o
 .text.mem_cmp  0x000000000800702c       0x4e ./Middlewares/Third_Party/FatFs/src/ff.o
 .text.chk_chr  0x000000000800707a       0x36 ./Middlewares/Third_Party/FatFs/src/ff.o
 .text.chk_lock
                0x00000000080070b0       0xb8 ./Middlewares/Third_Party/FatFs/src/ff.o
 .text.enq_lock
                0x0000000008007168       0x44 ./Middlewares/Third_Party/FatFs/src/ff.o
 .text.inc_lock
                0x00000000080071ac      0x11c ./Middlewares/Third_Party/FatFs/src/ff.o
 .text.dec_lock
                0x00000000080072c8       0x78 ./Middlewares/Third_Party/FatFs/src/ff.o
 .text.clear_lock
                0x0000000008007340       0x48 ./Middlewares/Third_Party/FatFs/src/ff.o
 .text.sync_window
                0x0000000008007388       0x88 ./Middlewares/Third_Party/FatFs/src/ff.o
 .text.move_window
                0x0000000008007410       0x5a ./Middlewares/Third_Party/FatFs/src/ff.o
 *fill*         0x000000000800746a        0x2 
 .text.sync_fs  0x000000000800746c       0xdc ./Middlewares/Third_Party/FatFs/src/ff.o
 .text.clust2sect
                0x0000000008007548       0x3e ./Middlewares/Third_Party/FatFs/src/ff.o
 .text.get_fat  0x0000000008007586      0x150 ./Middlewares/Third_Party/FatFs/src/ff.o
 .text.put_fat  0x00000000080076d6      0x1d8 ./Middlewares/Third_Party/FatFs/src/ff.o
 .text.remove_chain
                0x00000000080078ae       0xca ./Middlewares/Third_Party/FatFs/src/ff.o
 .text.create_chain
                0x0000000008007978      0x130 ./Middlewares/Third_Party/FatFs/src/ff.o
 .text.clmt_clust
                0x0000000008007aa8       0x68 ./Middlewares/Third_Party/FatFs/src/ff.o
 .text.dir_sdi  0x0000000008007b10       0xf6 ./Middlewares/Third_Party/FatFs/src/ff.o
 .text.dir_next
                0x0000000008007c06      0x18a ./Middlewares/Third_Party/FatFs/src/ff.o
 .text.dir_alloc
                0x0000000008007d90       0x8e ./Middlewares/Third_Party/FatFs/src/ff.o
 .text.ld_clust
                0x0000000008007e1e       0x3e ./Middlewares/Third_Party/FatFs/src/ff.o
 .text.st_clust
                0x0000000008007e5c       0x40 ./Middlewares/Third_Party/FatFs/src/ff.o
 .text.dir_find
                0x0000000008007e9c       0xaa ./Middlewares/Third_Party/FatFs/src/ff.o
 .text.dir_register
                0x0000000008007f46       0x64 ./Middlewares/Third_Party/FatFs/src/ff.o
 *fill*         0x0000000008007faa        0x2 
 .text.create_name
                0x0000000008007fac      0x128 ./Middlewares/Third_Party/FatFs/src/ff.o
 .text.follow_path
                0x00000000080080d4       0xe2 ./Middlewares/Third_Party/FatFs/src/ff.o
 .text.get_ldnumber
                0x00000000080081b6       0x88 ./Middlewares/Third_Party/FatFs/src/ff.o
 *fill*         0x000000000800823e        0x2 
 .text.check_fs
                0x0000000008008240       0xac ./Middlewares/Third_Party/FatFs/src/ff.o
 .text.find_volume
                0x00000000080082ec      0x498 ./Middlewares/Third_Party/FatFs/src/ff.o
 .text.validate
                0x0000000008008784       0x6a ./Middlewares/Third_Party/FatFs/src/ff.o
 *fill*         0x00000000080087ee        0x2 
 .text.f_mount  0x00000000080087f0       0x8c ./Middlewares/Third_Party/FatFs/src/ff.o
                0x00000000080087f0                f_mount
 .text.f_open   0x000000000800887c      0x37c ./Middlewares/Third_Party/FatFs/src/ff.o
                0x000000000800887c                f_open
 .text.f_read   0x0000000008008bf8      0x27e ./Middlewares/Third_Party/FatFs/src/ff.o
                0x0000000008008bf8                f_read
 .text.f_write  0x0000000008008e76      0x2ea ./Middlewares/Third_Party/FatFs/src/ff.o
                0x0000000008008e76                f_write
 .text.f_sync   0x0000000008009160       0xfc ./Middlewares/Third_Party/FatFs/src/ff.o
                0x0000000008009160                f_sync
 .text.f_close  0x000000000800925c       0x54 ./Middlewares/Third_Party/FatFs/src/ff.o
                0x000000000800925c                f_close
 .text.FATFS_LinkDriverEx
                0x00000000080092b0       0x98 ./Middlewares/Third_Party/FatFs/src/ff_gen_drv.o
                0x00000000080092b0                FATFS_LinkDriverEx
 .text.FATFS_LinkDriver
                0x0000000008009348       0x1e ./Middlewares/Third_Party/FatFs/src/ff_gen_drv.o
                0x0000000008009348                FATFS_LinkDriver
 .text.atoi     0x0000000008009366        0x8 d:/program files/stm32cubeide_1.11.2/stm32cubeide/plugins/com.st.stm32cube.ide.mcu.externaltools.gnu-tools-for-stm32.10.3-2021.10.win32_1.0.200.202301161003/tools/bin/../lib/gcc/arm-none-eabi/10.3.1/../../../../arm-none-eabi/lib/thumb/v7e-m+fp/hard\libc_nano.a(lib_a-atoi.o)
                0x0000000008009366                atoi
 *fill*         0x000000000800936e        0x2 
 .text.__errno  0x0000000008009370        0xc d:/program files/stm32cubeide_1.11.2/stm32cubeide/plugins/com.st.stm32cube.ide.mcu.externaltools.gnu-tools-for-stm32.10.3-2021.10.win32_1.0.200.202301161003/tools/bin/../lib/gcc/arm-none-eabi/10.3.1/../../../../arm-none-eabi/lib/thumb/v7e-m+fp/hard\libc_nano.a(lib_a-errno.o)
                0x0000000008009370                __errno
 .text.__libc_init_array
                0x000000000800937c       0x48 d:/program files/stm32cubeide_1.11.2/stm32cubeide/plugins/com.st.stm32cube.ide.mcu.externaltools.gnu-tools-for-stm32.10.3-2021.10.win32_1.0.200.202301161003/tools/bin/../lib/gcc/arm-none-eabi/10.3.1/../../../../arm-none-eabi/lib/thumb/v7e-m+fp/hard\libc_nano.a(lib_a-init.o)
                0x000000000800937c                __libc_init_array
 .text.__itoa   0x00000000080093c4       0x30 d:/program files/stm32cubeide_1.11.2/stm32cubeide/plugins/com.st.stm32cube.ide.mcu.externaltools.gnu-tools-for-stm32.10.3-2021.10.win32_1.0.200.202301161003/tools/bin/../lib/gcc/arm-none-eabi/10.3.1/../../../../arm-none-eabi/lib/thumb/v7e-m+fp/hard\libc_nano.a(lib_a-itoa.o)
                0x00000000080093c4                __itoa
 .text.itoa     0x00000000080093f4        0x4 d:/program files/stm32cubeide_1.11.2/stm32cubeide/plugins/com.st.stm32cube.ide.mcu.externaltools.gnu-tools-for-stm32.10.3-2021.10.win32_1.0.200.202301161003/tools/bin/../lib/gcc/arm-none-eabi/10.3.1/../../../../arm-none-eabi/lib/thumb/v7e-m+fp/hard\libc_nano.a(lib_a-itoa.o)
                0x00000000080093f4                itoa
 .text.malloc   0x00000000080093f8       0x10 d:/program files/stm32cubeide_1.11.2/stm32cubeide/plugins/com.st.stm32cube.ide.mcu.externaltools.gnu-tools-for-stm32.10.3-2021.10.win32_1.0.200.202301161003/tools/bin/../lib/gcc/arm-none-eabi/10.3.1/../../../../arm-none-eabi/lib/thumb/v7e-m+fp/hard\libc_nano.a(lib_a-malloc.o)
                0x00000000080093f8                malloc
 .text.free     0x0000000008009408       0x10 d:/program files/stm32cubeide_1.11.2/stm32cubeide/plugins/com.st.stm32cube.ide.mcu.externaltools.gnu-tools-for-stm32.10.3-2021.10.win32_1.0.200.202301161003/tools/bin/../lib/gcc/arm-none-eabi/10.3.1/../../../../arm-none-eabi/lib/thumb/v7e-m+fp/hard\libc_nano.a(lib_a-malloc.o)
                0x0000000008009408                free
 .text.memset   0x0000000008009418       0x10 d:/program files/stm32cubeide_1.11.2/stm32cubeide/plugins/com.st.stm32cube.ide.mcu.externaltools.gnu-tools-for-stm32.10.3-2021.10.win32_1.0.200.202301161003/tools/bin/../lib/gcc/arm-none-eabi/10.3.1/../../../../arm-none-eabi/lib/thumb/v7e-m+fp/hard\libc_nano.a(lib_a-memset.o)
                0x0000000008009418                memset
 .text._free_r  0x0000000008009428       0x98 d:/program files/stm32cubeide_1.11.2/stm32cubeide/plugins/com.st.stm32cube.ide.mcu.externaltools.gnu-tools-for-stm32.10.3-2021.10.win32_1.0.200.202301161003/tools/bin/../lib/gcc/arm-none-eabi/10.3.1/../../../../arm-none-eabi/lib/thumb/v7e-m+fp/hard\libc_nano.a(lib_a-nano-freer.o)
                0x0000000008009428                _free_r
 .text.sbrk_aligned
                0x00000000080094c0       0x40 d:/program files/stm32cubeide_1.11.2/stm32cubeide/plugins/com.st.stm32cube.ide.mcu.externaltools.gnu-tools-for-stm32.10.3-2021.10.win32_1.0.200.202301161003/tools/bin/../lib/gcc/arm-none-eabi/10.3.1/../../../../arm-none-eabi/lib/thumb/v7e-m+fp/hard\libc_nano.a(lib_a-nano-mallocr.o)
 .text._malloc_r
                0x0000000008009500       0xe8 d:/program files/stm32cubeide_1.11.2/stm32cubeide/plugins/com.st.stm32cube.ide.mcu.externaltools.gnu-tools-for-stm32.10.3-2021.10.win32_1.0.200.202301161003/tools/bin/../lib/gcc/arm-none-eabi/10.3.1/../../../../arm-none-eabi/lib/thumb/v7e-m+fp/hard\libc_nano.a(lib_a-nano-mallocr.o)
                0x0000000008009500                _malloc_r
 .text._sbrk_r  0x00000000080095e8       0x20 d:/program files/stm32cubeide_1.11.2/stm32cubeide/plugins/com.st.stm32cube.ide.mcu.externaltools.gnu-tools-for-stm32.10.3-2021.10.win32_1.0.200.202301161003/tools/bin/../lib/gcc/arm-none-eabi/10.3.1/../../../../arm-none-eabi/lib/thumb/v7e-m+fp/hard\libc_nano.a(lib_a-sbrkr.o)
                0x00000000080095e8                _sbrk_r
 .text._strtol_l.constprop.0
                0x0000000008009608      0x104 d:/program files/stm32cubeide_1.11.2/stm32cubeide/plugins/com.st.stm32cube.ide.mcu.externaltools.gnu-tools-for-stm32.10.3-2021.10.win32_1.0.200.202301161003/tools/bin/../lib/gcc/arm-none-eabi/10.3.1/../../../../arm-none-eabi/lib/thumb/v7e-m+fp/hard\libc_nano.a(lib_a-strtol.o)
 .text.strtol   0x000000000800970c       0x14 d:/program files/stm32cubeide_1.11.2/stm32cubeide/plugins/com.st.stm32cube.ide.mcu.externaltools.gnu-tools-for-stm32.10.3-2021.10.win32_1.0.200.202301161003/tools/bin/../lib/gcc/arm-none-eabi/10.3.1/../../../../arm-none-eabi/lib/thumb/v7e-m+fp/hard\libc_nano.a(lib_a-strtol.o)
                0x000000000800970c                strtol
 .text.__utoa   0x0000000008009720       0x84 d:/program files/stm32cubeide_1.11.2/stm32cubeide/plugins/com.st.stm32cube.ide.mcu.externaltools.gnu-tools-for-stm32.10.3-2021.10.win32_1.0.200.202301161003/tools/bin/../lib/gcc/arm-none-eabi/10.3.1/../../../../arm-none-eabi/lib/thumb/v7e-m+fp/hard\libc_nano.a(lib_a-utoa.o)
                0x0000000008009720                __utoa
 .text.__malloc_lock
                0x00000000080097a4        0xc d:/program files/stm32cubeide_1.11.2/stm32cubeide/plugins/com.st.stm32cube.ide.mcu.externaltools.gnu-tools-for-stm32.10.3-2021.10.win32_1.0.200.202301161003/tools/bin/../lib/gcc/arm-none-eabi/10.3.1/../../../../arm-none-eabi/lib/thumb/v7e-m+fp/hard\libc_nano.a(lib_a-mlock.o)
                0x00000000080097a4                __malloc_lock
 .text.__malloc_unlock
                0x00000000080097b0        0xc d:/program files/stm32cubeide_1.11.2/stm32cubeide/plugins/com.st.stm32cube.ide.mcu.externaltools.gnu-tools-for-stm32.10.3-2021.10.win32_1.0.200.202301161003/tools/bin/../lib/gcc/arm-none-eabi/10.3.1/../../../../arm-none-eabi/lib/thumb/v7e-m+fp/hard\libc_nano.a(lib_a-mlock.o)
                0x00000000080097b0                __malloc_unlock
 .text.__retarget_lock_acquire_recursive
                0x00000000080097bc        0x2 d:/program files/stm32cubeide_1.11.2/stm32cubeide/plugins/com.st.stm32cube.ide.mcu.externaltools.gnu-tools-for-stm32.10.3-2021.10.win32_1.0.200.202301161003/tools/bin/../lib/gcc/arm-none-eabi/10.3.1/../../../../arm-none-eabi/lib/thumb/v7e-m+fp/hard\libc_nano.a(lib_a-lock.o)
                0x00000000080097bc                __retarget_lock_acquire_recursive
 .text.__retarget_lock_release_recursive
                0x00000000080097be        0x2 d:/program files/stm32cubeide_1.11.2/stm32cubeide/plugins/com.st.stm32cube.ide.mcu.externaltools.gnu-tools-for-stm32.10.3-2021.10.win32_1.0.200.202301161003/tools/bin/../lib/gcc/arm-none-eabi/10.3.1/../../../../arm-none-eabi/lib/thumb/v7e-m+fp/hard\libc_nano.a(lib_a-lock.o)
                0x00000000080097be                __retarget_lock_release_recursive
 .text.cos      0x00000000080097c0       0xa8 d:/program files/stm32cubeide_1.11.2/stm32cubeide/plugins/com.st.stm32cube.ide.mcu.externaltools.gnu-tools-for-stm32.10.3-2021.10.win32_1.0.200.202301161003/tools/bin/../lib/gcc/arm-none-eabi/10.3.1/../../../../arm-none-eabi/lib/thumb/v7e-m+fp/hard\libm.a(lib_a-s_cos.o)
                0x00000000080097c0                cos
 .text.round    0x0000000008009868       0x8c d:/program files/stm32cubeide_1.11.2/stm32cubeide/plugins/com.st.stm32cube.ide.mcu.externaltools.gnu-tools-for-stm32.10.3-2021.10.win32_1.0.200.202301161003/tools/bin/../lib/gcc/arm-none-eabi/10.3.1/../../../../arm-none-eabi/lib/thumb/v7e-m+fp/hard\libm.a(lib_a-s_round.o)
                0x0000000008009868                round
 *fill*         0x00000000080098f4        0x4 
 .text.sin      0x00000000080098f8       0xb0 d:/program files/stm32cubeide_1.11.2/stm32cubeide/plugins/com.st.stm32cube.ide.mcu.externaltools.gnu-tools-for-stm32.10.3-2021.10.win32_1.0.200.202301161003/tools/bin/../lib/gcc/arm-none-eabi/10.3.1/../../../../arm-none-eabi/lib/thumb/v7e-m+fp/hard\libm.a(lib_a-s_sin.o)
                0x00000000080098f8                sin
 .text.__ieee754_rem_pio2
                0x00000000080099a8      0x418 d:/program files/stm32cubeide_1.11.2/stm32cubeide/plugins/com.st.stm32cube.ide.mcu.externaltools.gnu-tools-for-stm32.10.3-2021.10.win32_1.0.200.202301161003/tools/bin/../lib/gcc/arm-none-eabi/10.3.1/../../../../arm-none-eabi/lib/thumb/v7e-m+fp/hard\libm.a(lib_a-e_rem_pio2.o)
                0x00000000080099a8                __ieee754_rem_pio2
 .text.__kernel_cos
                0x0000000008009dc0      0x18c d:/program files/stm32cubeide_1.11.2/stm32cubeide/plugins/com.st.stm32cube.ide.mcu.externaltools.gnu-tools-for-stm32.10.3-2021.10.win32_1.0.200.202301161003/tools/bin/../lib/gcc/arm-none-eabi/10.3.1/../../../../arm-none-eabi/lib/thumb/v7e-m+fp/hard\libm.a(lib_a-k_cos.o)
                0x0000000008009dc0                __kernel_cos
 *fill*         0x0000000008009f4c        0x4 
 .text.__kernel_rem_pio2
                0x0000000008009f50      0x69c d:/program files/stm32cubeide_1.11.2/stm32cubeide/plugins/com.st.stm32cube.ide.mcu.externaltools.gnu-tools-for-stm32.10.3-2021.10.win32_1.0.200.202301161003/tools/bin/../lib/gcc/arm-none-eabi/10.3.1/../../../../arm-none-eabi/lib/thumb/v7e-m+fp/hard\libm.a(lib_a-k_rem_pio2.o)
                0x0000000008009f50                __kernel_rem_pio2
 *fill*         0x000000000800a5ec        0x4 
 .text.__kernel_sin
                0x000000000800a5f0      0x17c d:/program files/stm32cubeide_1.11.2/stm32cubeide/plugins/com.st.stm32cube.ide.mcu.externaltools.gnu-tools-for-stm32.10.3-2021.10.win32_1.0.200.202301161003/tools/bin/../lib/gcc/arm-none-eabi/10.3.1/../../../../arm-none-eabi/lib/thumb/v7e-m+fp/hard\libm.a(lib_a-k_sin.o)
                0x000000000800a5f0                __kernel_sin
 .text.fabs     0x000000000800a76c       0x12 d:/program files/stm32cubeide_1.11.2/stm32cubeide/plugins/com.st.stm32cube.ide.mcu.externaltools.gnu-tools-for-stm32.10.3-2021.10.win32_1.0.200.202301161003/tools/bin/../lib/gcc/arm-none-eabi/10.3.1/../../../../arm-none-eabi/lib/thumb/v7e-m+fp/hard\libm.a(lib_a-s_fabs.o)
                0x000000000800a76c                fabs
 *fill*         0x000000000800a77e        0x2 
 .text.floor    0x000000000800a780      0x100 d:/program files/stm32cubeide_1.11.2/stm32cubeide/plugins/com.st.stm32cube.ide.mcu.externaltools.gnu-tools-for-stm32.10.3-2021.10.win32_1.0.200.202301161003/tools/bin/../lib/gcc/arm-none-eabi/10.3.1/../../../../arm-none-eabi/lib/thumb/v7e-m+fp/hard\libm.a(lib_a-s_floor.o)
                0x000000000800a780                floor
 .text.scalbn   0x000000000800a880      0x10c d:/program files/stm32cubeide_1.11.2/stm32cubeide/plugins/com.st.stm32cube.ide.mcu.externaltools.gnu-tools-for-stm32.10.3-2021.10.win32_1.0.200.202301161003/tools/bin/../lib/gcc/arm-none-eabi/10.3.1/../../../../arm-none-eabi/lib/thumb/v7e-m+fp/hard\libm.a(lib_a-s_scalbn.o)
                0x000000000800a880                scalbn
 *(.glue_7)
 .glue_7        0x000000000800a98c        0x0 linker stubs
 *(.glue_7t)
 .glue_7t       0x000000000800a98c        0x0 linker stubs
 *(.eh_frame)
 .eh_frame      0x000000000800a98c        0x0 d:/program files/stm32cubeide_1.11.2/stm32cubeide/plugins/com.st.stm32cube.ide.mcu.externaltools.gnu-tools-for-stm32.10.3-2021.10.win32_1.0.200.202301161003/tools/bin/../lib/gcc/arm-none-eabi/10.3.1/thumb/v7e-m+fp/hard/crtbegin.o
 *(.init)
 .init          0x000000000800a98c        0x4 d:/program files/stm32cubeide_1.11.2/stm32cubeide/plugins/com.st.stm32cube.ide.mcu.externaltools.gnu-tools-for-stm32.10.3-2021.10.win32_1.0.200.202301161003/tools/bin/../lib/gcc/arm-none-eabi/10.3.1/thumb/v7e-m+fp/hard/crti.o
                0x000000000800a98c                _init
 .init          0x000000000800a990        0x8 d:/program files/stm32cubeide_1.11.2/stm32cubeide/plugins/com.st.stm32cube.ide.mcu.externaltools.gnu-tools-for-stm32.10.3-2021.10.win32_1.0.200.202301161003/tools/bin/../lib/gcc/arm-none-eabi/10.3.1/thumb/v7e-m+fp/hard/crtn.o
 *(.fini)
 .fini          0x000000000800a998        0x4 d:/program files/stm32cubeide_1.11.2/stm32cubeide/plugins/com.st.stm32cube.ide.mcu.externaltools.gnu-tools-for-stm32.10.3-2021.10.win32_1.0.200.202301161003/tools/bin/../lib/gcc/arm-none-eabi/10.3.1/thumb/v7e-m+fp/hard/crti.o
                0x000000000800a998                _fini
 .fini          0x000000000800a99c        0x8 d:/program files/stm32cubeide_1.11.2/stm32cubeide/plugins/com.st.stm32cube.ide.mcu.externaltools.gnu-tools-for-stm32.10.3-2021.10.win32_1.0.200.202301161003/tools/bin/../lib/gcc/arm-none-eabi/10.3.1/thumb/v7e-m+fp/hard/crtn.o
                0x000000000800a9a4                . = ALIGN (0x4)
                0x000000000800a9a4                _etext = .

.vfp11_veneer   0x000000000800a9a4        0x0
 .vfp11_veneer  0x000000000800a9a4        0x0 linker stubs

.v4_bx          0x000000000800a9a4        0x0
 .v4_bx         0x000000000800a9a4        0x0 linker stubs

.iplt           0x000000000800a9a4        0x0
 .iplt          0x000000000800a9a4        0x0 d:/program files/stm32cubeide_1.11.2/stm32cubeide/plugins/com.st.stm32cube.ide.mcu.externaltools.gnu-tools-for-stm32.10.3-2021.10.win32_1.0.200.202301161003/tools/bin/../lib/gcc/arm-none-eabi/10.3.1/thumb/v7e-m+fp/hard/crtbegin.o

.rodata         0x000000000800a9a8     0x11d8
                0x000000000800a9a8                . = ALIGN (0x4)
 *(.rodata)
 .rodata        0x000000000800a9a8        0xa ./Core/Src/display.o
 *fill*         0x000000000800a9b2        0x2 
 .rodata        0x000000000800a9b4        0xe ./Core/Src/sd.o
 *fill*         0x000000000800a9c2        0x2 
 .rodata        0x000000000800a9c4       0x44 ./Middlewares/Third_Party/FatFs/src/ff.o
 *(.rodata*)
 .rodata.Font11x18
                0x000000000800aa08      0xd5c ./Core/Src/fonts.o
 .rodata.init_cmds1
                0x000000000800b764       0x3b ./Core/Src/st7735.o
 *fill*         0x000000000800b79f        0x1 
 .rodata.init_cmds2
                0x000000000800b7a0        0xd ./Core/Src/st7735.o
 *fill*         0x000000000800b7ad        0x3 
 .rodata.init_cmds3
                0x000000000800b7b0       0x2b ./Core/Src/st7735.o
 *fill*         0x000000000800b7db        0x1 
 .rodata.AHBPrescTable
                0x000000000800b7dc       0x10 ./Core/Src/system_stm32f4xx.o
                0x000000000800b7dc                AHBPrescTable
 .rodata.APBPrescTable
                0x000000000800b7ec        0x8 ./Core/Src/system_stm32f4xx.o
                0x000000000800b7ec                APBPrescTable
 .rodata.flagBitshiftOffset.0
                0x000000000800b7f4        0x8 ./Drivers/STM32F4xx_HAL_Driver/Src/stm32f4xx_hal_dma.o
 .rodata.ExCvt  0x000000000800b7fc       0x80 ./Middlewares/Third_Party/FatFs/src/ff.o
 .rodata.__utoa.str1.1
                0x000000000800b87c       0x25 d:/program files/stm32cubeide_1.11.2/stm32cubeide/plugins/com.st.stm32cube.ide.mcu.externaltools.gnu-tools-for-stm32.10.3-2021.10.win32_1.0.200.202301161003/tools/bin/../lib/gcc/arm-none-eabi/10.3.1/../../../../arm-none-eabi/lib/thumb/v7e-m+fp/hard\libc_nano.a(lib_a-utoa.o)
 .rodata._ctype_
                0x000000000800b8a1      0x101 d:/program files/stm32cubeide_1.11.2/stm32cubeide/plugins/com.st.stm32cube.ide.mcu.externaltools.gnu-tools-for-stm32.10.3-2021.10.win32_1.0.200.202301161003/tools/bin/../lib/gcc/arm-none-eabi/10.3.1/../../../../arm-none-eabi/lib/thumb/v7e-m+fp/hard\libc_nano.a(lib_a-ctype_.o)
                0x000000000800b8a1                _ctype_
 *fill*         0x000000000800b9a2        0x2 
 .rodata.npio2_hw
                0x000000000800b9a4       0x80 d:/program files/stm32cubeide_1.11.2/stm32cubeide/plugins/com.st.stm32cube.ide.mcu.externaltools.gnu-tools-for-stm32.10.3-2021.10.win32_1.0.200.202301161003/tools/bin/../lib/gcc/arm-none-eabi/10.3.1/../../../../arm-none-eabi/lib/thumb/v7e-m+fp/hard\libm.a(lib_a-e_rem_pio2.o)
 .rodata.two_over_pi
                0x000000000800ba24      0x108 d:/program files/stm32cubeide_1.11.2/stm32cubeide/plugins/com.st.stm32cube.ide.mcu.externaltools.gnu-tools-for-stm32.10.3-2021.10.win32_1.0.200.202301161003/tools/bin/../lib/gcc/arm-none-eabi/10.3.1/../../../../arm-none-eabi/lib/thumb/v7e-m+fp/hard\libm.a(lib_a-e_rem_pio2.o)
 *fill*         0x000000000800bb2c        0x4 
 .rodata.PIo2   0x000000000800bb30       0x40 d:/program files/stm32cubeide_1.11.2/stm32cubeide/plugins/com.st.stm32cube.ide.mcu.externaltools.gnu-tools-for-stm32.10.3-2021.10.win32_1.0.200.202301161003/tools/bin/../lib/gcc/arm-none-eabi/10.3.1/../../../../arm-none-eabi/lib/thumb/v7e-m+fp/hard\libm.a(lib_a-k_rem_pio2.o)
 .rodata.init_jk
                0x000000000800bb70       0x10 d:/program files/stm32cubeide_1.11.2/stm32cubeide/plugins/com.st.stm32cube.ide.mcu.externaltools.gnu-tools-for-stm32.10.3-2021.10.win32_1.0.200.202301161003/tools/bin/../lib/gcc/arm-none-eabi/10.3.1/../../../../arm-none-eabi/lib/thumb/v7e-m+fp/hard\libm.a(lib_a-k_rem_pio2.o)
                0x000000000800bb80                . = ALIGN (0x4)

.ARM.extab      0x000000000800bb80        0x0
                0x000000000800bb80                . = ALIGN (0x4)
 *(.ARM.extab* .gnu.linkonce.armextab.*)
                0x000000000800bb80                . = ALIGN (0x4)

.ARM            0x000000000800bb80        0x8
                0x000000000800bb80                . = ALIGN (0x4)
                0x000000000800bb80                __exidx_start = .
 *(.ARM.exidx*)
 .ARM.exidx     0x000000000800bb80        0x8 d:/program files/stm32cubeide_1.11.2/stm32cubeide/plugins/com.st.stm32cube.ide.mcu.externaltools.gnu-tools-for-stm32.10.3-2021.10.win32_1.0.200.202301161003/tools/bin/../lib/gcc/arm-none-eabi/10.3.1/thumb/v7e-m+fp/hard\libgcc.a(_udivmoddi4.o)
                0x000000000800bb88                __exidx_end = .
                0x000000000800bb88                . = ALIGN (0x4)

.rel.dyn        0x000000000800bb88        0x0
 .rel.iplt      0x000000000800bb88        0x0 d:/program files/stm32cubeide_1.11.2/stm32cubeide/plugins/com.st.stm32cube.ide.mcu.externaltools.gnu-tools-for-stm32.10.3-2021.10.win32_1.0.200.202301161003/tools/bin/../lib/gcc/arm-none-eabi/10.3.1/thumb/v7e-m+fp/hard/crtbegin.o

.preinit_array  0x000000000800bb88        0x0
                0x000000000800bb88                . = ALIGN (0x4)
                0x000000000800bb88                PROVIDE (__preinit_array_start = .)
 *(.preinit_array*)
                0x000000000800bb88                PROVIDE (__preinit_array_end = .)
                0x000000000800bb88                . = ALIGN (0x4)

.init_array     0x000000000800bb88        0x4
                0x000000000800bb88                . = ALIGN (0x4)
                0x000000000800bb88                PROVIDE (__init_array_start = .)
 *(SORT_BY_NAME(.init_array.*))
 *(.init_array*)
 .init_array    0x000000000800bb88        0x4 d:/program files/stm32cubeide_1.11.2/stm32cubeide/plugins/com.st.stm32cube.ide.mcu.externaltools.gnu-tools-for-stm32.10.3-2021.10.win32_1.0.200.202301161003/tools/bin/../lib/gcc/arm-none-eabi/10.3.1/thumb/v7e-m+fp/hard/crtbegin.o
                0x000000000800bb8c                PROVIDE (__init_array_end = .)
                0x000000000800bb8c                . = ALIGN (0x4)

.fini_array     0x000000000800bb8c        0x4
                0x000000000800bb8c                . = ALIGN (0x4)
                [!provide]                        PROVIDE (__fini_array_start = .)
 *(SORT_BY_NAME(.fini_array.*))
 *(.fini_array*)
 .fini_array    0x000000000800bb8c        0x4 d:/program files/stm32cubeide_1.11.2/stm32cubeide/plugins/com.st.stm32cube.ide.mcu.externaltools.gnu-tools-for-stm32.10.3-2021.10.win32_1.0.200.202301161003/tools/bin/../lib/gcc/arm-none-eabi/10.3.1/thumb/v7e-m+fp/hard/crtbegin.o
                [!provide]                        PROVIDE (__fini_array_end = .)
                0x000000000800bb90                . = ALIGN (0x4)
                0x000000000800bb90                _sidata = LOADADDR (.data)

.data           0x0000000020000000       0x9c load address 0x000000000800bb90
                0x0000000020000000                . = ALIGN (0x4)
                0x0000000020000000                _sdata = .
 *(.data)
 *(.data*)
 .data.bt_data  0x0000000020000000        0x7 ./Core/Src/bluetooth.o
                0x0000000020000000                bt_data
 *fill*         0x0000000020000007        0x1 
 .data.Font_11x18
                0x0000000020000008        0x8 ./Core/Src/fonts.o
                0x0000000020000008                Font_11x18
 .data.c_score  0x0000000020000010        0x4 ./Core/Src/game.o
                0x0000000020000010                c_score
 .data.SystemCoreClock
                0x0000000020000014        0x4 ./Core/Src/system_stm32f4xx.o
                0x0000000020000014                SystemCoreClock
 .data.Stat     0x0000000020000018        0x1 ./Core/Src/user_diskio_spi.o
 *fill*         0x0000000020000019        0x3 
 .data.uwTickPrio
                0x000000002000001c        0x4 ./Drivers/STM32F4xx_HAL_Driver/Src/stm32f4xx_hal.o
                0x000000002000001c                uwTickPrio
 .data.uwTickFreq
                0x0000000020000020        0x1 ./Drivers/STM32F4xx_HAL_Driver/Src/stm32f4xx_hal.o
                0x0000000020000020                uwTickFreq
 *fill*         0x0000000020000021        0x3 
 .data.USER_Driver
                0x0000000020000024       0x14 ./FATFS/Target/user_diskio.o
                0x0000000020000024                USER_Driver
 .data._impure_ptr
                0x0000000020000038        0x4 d:/program files/stm32cubeide_1.11.2/stm32cubeide/plugins/com.st.stm32cube.ide.mcu.externaltools.gnu-tools-for-stm32.10.3-2021.10.win32_1.0.200.202301161003/tools/bin/../lib/gcc/arm-none-eabi/10.3.1/../../../../arm-none-eabi/lib/thumb/v7e-m+fp/hard\libc_nano.a(lib_a-impure.o)
                0x0000000020000038                _impure_ptr
 .data.impure_data
                0x000000002000003c       0x60 d:/program files/stm32cubeide_1.11.2/stm32cubeide/plugins/com.st.stm32cube.ide.mcu.externaltools.gnu-tools-for-stm32.10.3-2021.10.win32_1.0.200.202301161003/tools/bin/../lib/gcc/arm-none-eabi/10.3.1/../../../../arm-none-eabi/lib/thumb/v7e-m+fp/hard\libc_nano.a(lib_a-impure.o)
 *(.RamFunc)
 *(.RamFunc*)
                0x000000002000009c                . = ALIGN (0x4)
                0x000000002000009c                _edata = .

.igot.plt       0x000000002000009c        0x0 load address 0x000000000800bc2c
 .igot.plt      0x000000002000009c        0x0 d:/program files/stm32cubeide_1.11.2/stm32cubeide/plugins/com.st.stm32cube.ide.mcu.externaltools.gnu-tools-for-stm32.10.3-2021.10.win32_1.0.200.202301161003/tools/bin/../lib/gcc/arm-none-eabi/10.3.1/thumb/v7e-m+fp/hard/crtbegin.o
                0x000000002000009c                . = ALIGN (0x4)

.bss            0x00000000200000a0      0x7c0 load address 0x000000000800bc2c
                0x00000000200000a0                _sbss = .
                0x00000000200000a0                __bss_start__ = _sbss
 *(.bss)
 .bss           0x00000000200000a0       0x1c d:/program files/stm32cubeide_1.11.2/stm32cubeide/plugins/com.st.stm32cube.ide.mcu.externaltools.gnu-tools-for-stm32.10.3-2021.10.win32_1.0.200.202301161003/tools/bin/../lib/gcc/arm-none-eabi/10.3.1/thumb/v7e-m+fp/hard/crtbegin.o
 *(.bss*)
 .bss.hadc1     0x00000000200000bc       0x48 ./Core/Src/adc.o
                0x00000000200000bc                hadc1
 .bss.bt_receive
                0x0000000020000104        0x2 ./Core/Src/bluetooth.o
                0x0000000020000104                bt_receive
 *fill*         0x0000000020000106        0x2 
 .bss.score     0x0000000020000108        0x2 ./Core/Src/game.o
                0x0000000020000108                score
 *fill*         0x000000002000010a        0x2 
 .bss.sd_err    0x000000002000010c        0x4 ./Core/Src/main.o
                0x000000002000010c                sd_err
 .bss.flag      0x0000000020000110        0x4 ./Core/Src/main.o
                0x0000000020000110                flag
 .bss.p1        0x0000000020000114       0x10 ./Core/Src/main.o
                0x0000000020000114                p1
 .bss.p2        0x0000000020000124       0x10 ./Core/Src/main.o
                0x0000000020000124                p2
 *fill*         0x0000000020000134        0x4 
 .bss.b         0x0000000020000138       0x20 ./Core/Src/main.o
                0x0000000020000138                b
 .bss.FatFs     0x0000000020000158      0x230 ./Core/Src/sd.o
                0x0000000020000158                FatFs
 .bss.fil       0x0000000020000388      0x230 ./Core/Src/sd.o
                0x0000000020000388                fil
 .bss.fres      0x00000000200005b8        0x1 ./Core/Src/sd.o
                0x00000000200005b8                fres
 *fill*         0x00000000200005b9        0x3 
 .bss.hspi1     0x00000000200005bc       0x58 ./Core/Src/spi.o
                0x00000000200005bc                hspi1
 .bss.hspi2     0x0000000020000614       0x58 ./Core/Src/spi.o
                0x0000000020000614                hspi2
 .bss.__sbrk_heap_end
                0x000000002000066c        0x4 ./Core/Src/sysmem.o
 .bss.htim10    0x0000000020000670       0x48 ./Core/Src/tim.o
                0x0000000020000670                htim10
 .bss.htim11    0x00000000200006b8       0x48 ./Core/Src/tim.o
                0x00000000200006b8                htim11
 .bss.huart1    0x0000000020000700       0x44 ./Core/Src/usart.o
                0x0000000020000700                huart1
 .bss.hdma_usart1_rx
                0x0000000020000744       0x60 ./Core/Src/usart.o
                0x0000000020000744                hdma_usart1_rx
 .bss.hdma_usart1_tx
                0x00000000200007a4       0x60 ./Core/Src/usart.o
                0x00000000200007a4                hdma_usart1_tx
 .bss.CardType  0x0000000020000804        0x1 ./Core/Src/user_diskio_spi.o
 *fill*         0x0000000020000805        0x3 
 .bss.spiTimerTickStart
                0x0000000020000808        0x4 ./Core/Src/user_diskio_spi.o
                0x0000000020000808                spiTimerTickStart
 .bss.spiTimerTickDelay
                0x000000002000080c        0x4 ./Core/Src/user_diskio_spi.o
                0x000000002000080c                spiTimerTickDelay
 .bss.uwTick    0x0000000020000810        0x4 ./Drivers/STM32F4xx_HAL_Driver/Src/stm32f4xx_hal.o
                0x0000000020000810                uwTick
 .bss.retUSER   0x0000000020000814        0x1 ./FATFS/App/fatfs.o
                0x0000000020000814                retUSER
 *fill*         0x0000000020000815        0x3 
 .bss.USERPath  0x0000000020000818        0x4 ./FATFS/App/fatfs.o
                0x0000000020000818                USERPath
 .bss.FatFs     0x000000002000081c        0x4 ./Middlewares/Third_Party/FatFs/src/ff.o
 .bss.Fsid      0x0000000020000820        0x2 ./Middlewares/Third_Party/FatFs/src/ff.o
 *fill*         0x0000000020000822        0x2 
 .bss.Files     0x0000000020000824       0x20 ./Middlewares/Third_Party/FatFs/src/ff.o
 .bss.disk      0x0000000020000844        0xc ./Middlewares/Third_Party/FatFs/src/ff_gen_drv.o
                0x0000000020000844                disk
 .bss.__malloc_free_list
                0x0000000020000850        0x4 d:/program files/stm32cubeide_1.11.2/stm32cubeide/plugins/com.st.stm32cube.ide.mcu.externaltools.gnu-tools-for-stm32.10.3-2021.10.win32_1.0.200.202301161003/tools/bin/../lib/gcc/arm-none-eabi/10.3.1/../../../../arm-none-eabi/lib/thumb/v7e-m+fp/hard\libc_nano.a(lib_a-nano-mallocr.o)
                0x0000000020000850                __malloc_free_list
 .bss.__malloc_sbrk_start
                0x0000000020000854        0x4 d:/program files/stm32cubeide_1.11.2/stm32cubeide/plugins/com.st.stm32cube.ide.mcu.externaltools.gnu-tools-for-stm32.10.3-2021.10.win32_1.0.200.202301161003/tools/bin/../lib/gcc/arm-none-eabi/10.3.1/../../../../arm-none-eabi/lib/thumb/v7e-m+fp/hard\libc_nano.a(lib_a-nano-mallocr.o)
                0x0000000020000854                __malloc_sbrk_start
 .bss.errno     0x0000000020000858        0x4 d:/program files/stm32cubeide_1.11.2/stm32cubeide/plugins/com.st.stm32cube.ide.mcu.externaltools.gnu-tools-for-stm32.10.3-2021.10.win32_1.0.200.202301161003/tools/bin/../lib/gcc/arm-none-eabi/10.3.1/../../../../arm-none-eabi/lib/thumb/v7e-m+fp/hard\libc_nano.a(lib_a-reent.o)
                0x0000000020000858                errno
 .bss.__lock___malloc_recursive_mutex
                0x000000002000085c        0x1 d:/program files/stm32cubeide_1.11.2/stm32cubeide/plugins/com.st.stm32cube.ide.mcu.externaltools.gnu-tools-for-stm32.10.3-2021.10.win32_1.0.200.202301161003/tools/bin/../lib/gcc/arm-none-eabi/10.3.1/../../../../arm-none-eabi/lib/thumb/v7e-m+fp/hard\libc_nano.a(lib_a-lock.o)
                0x000000002000085c                __lock___malloc_recursive_mutex
 *(COMMON)
                0x0000000020000860                . = ALIGN (0x4)
 *fill*         0x000000002000085d        0x3 
                0x0000000020000860                _ebss = .
                0x0000000020000860                __bss_end__ = _ebss

._user_heap_stack
                0x0000000020000860      0x600 load address 0x000000000800bc2c
                0x0000000020000860                . = ALIGN (0x8)
                [!provide]                        PROVIDE (end = .)
                0x0000000020000860                PROVIDE (_end = .)
                0x0000000020000a60                . = (. + _Min_Heap_Size)
 *fill*         0x0000000020000860      0x200 
                0x0000000020000e60                . = (. + _Min_Stack_Size)
 *fill*         0x0000000020000a60      0x400 
                0x0000000020000e60                . = ALIGN (0x8)

/DISCARD/
 libc.a(*)
 libm.a(*)
 libgcc.a(*)

.ARM.attributes
                0x0000000000000000       0x30
 *(.ARM.attributes)
 .ARM.attributes
                0x0000000000000000       0x1e d:/program files/stm32cubeide_1.11.2/stm32cubeide/plugins/com.st.stm32cube.ide.mcu.externaltools.gnu-tools-for-stm32.10.3-2021.10.win32_1.0.200.202301161003/tools/bin/../lib/gcc/arm-none-eabi/10.3.1/thumb/v7e-m+fp/hard/crti.o
 .ARM.attributes
                0x000000000000001e       0x34 d:/program files/stm32cubeide_1.11.2/stm32cubeide/plugins/com.st.stm32cube.ide.mcu.externaltools.gnu-tools-for-stm32.10.3-2021.10.win32_1.0.200.202301161003/tools/bin/../lib/gcc/arm-none-eabi/10.3.1/thumb/v7e-m+fp/hard/crtbegin.o
 .ARM.attributes
                0x0000000000000052       0x34 ./Core/Src/adc.o
 .ARM.attributes
                0x0000000000000086       0x34 ./Core/Src/ball.o
 .ARM.attributes
                0x00000000000000ba       0x34 ./Core/Src/bluetooth.o
 .ARM.attributes
                0x00000000000000ee       0x34 ./Core/Src/display.o
 .ARM.attributes
                0x0000000000000122       0x34 ./Core/Src/dma.o
 .ARM.attributes
                0x0000000000000156       0x34 ./Core/Src/fonts.o
 .ARM.attributes
                0x000000000000018a       0x34 ./Core/Src/game.o
 .ARM.attributes
                0x00000000000001be       0x34 ./Core/Src/gpio.o
 .ARM.attributes
                0x00000000000001f2       0x34 ./Core/Src/main.o
 .ARM.attributes
                0x0000000000000226       0x34 ./Core/Src/paddle.o
 .ARM.attributes
                0x000000000000025a       0x34 ./Core/Src/sd.o
 .ARM.attributes
                0x000000000000028e       0x34 ./Core/Src/spi.o
 .ARM.attributes
                0x00000000000002c2       0x34 ./Core/Src/st7735.o
 .ARM.attributes
                0x00000000000002f6       0x34 ./Core/Src/stm32f4xx_hal_msp.o
 .ARM.attributes
                0x000000000000032a       0x34 ./Core/Src/stm32f4xx_it.o
 .ARM.attributes
                0x000000000000035e       0x34 ./Core/Src/sysmem.o
 .ARM.attributes
                0x0000000000000392       0x34 ./Core/Src/system_stm32f4xx.o
 .ARM.attributes
                0x00000000000003c6       0x34 ./Core/Src/tim.o
 .ARM.attributes
                0x00000000000003fa       0x34 ./Core/Src/usart.o
 .ARM.attributes
                0x000000000000042e       0x34 ./Core/Src/user_diskio_spi.o
 .ARM.attributes
                0x0000000000000462       0x21 ./Core/Startup/startup_stm32f401ccux.o
 .ARM.attributes
                0x0000000000000483       0x34 ./Drivers/STM32F4xx_HAL_Driver/Src/stm32f4xx_hal.o
 .ARM.attributes
                0x00000000000004b7       0x34 ./Drivers/STM32F4xx_HAL_Driver/Src/stm32f4xx_hal_adc.o
 .ARM.attributes
                0x00000000000004eb       0x34 ./Drivers/STM32F4xx_HAL_Driver/Src/stm32f4xx_hal_cortex.o
 .ARM.attributes
                0x000000000000051f       0x34 ./Drivers/STM32F4xx_HAL_Driver/Src/stm32f4xx_hal_dma.o
 .ARM.attributes
                0x0000000000000553       0x34 ./Drivers/STM32F4xx_HAL_Driver/Src/stm32f4xx_hal_gpio.o
 .ARM.attributes
                0x0000000000000587       0x34 ./Drivers/STM32F4xx_HAL_Driver/Src/stm32f4xx_hal_rcc.o
 .ARM.attributes
                0x00000000000005bb       0x34 ./Drivers/STM32F4xx_HAL_Driver/Src/stm32f4xx_hal_spi.o
 .ARM.attributes
                0x00000000000005ef       0x34 ./Drivers/STM32F4xx_HAL_Driver/Src/stm32f4xx_hal_tim.o
 .ARM.attributes
                0x0000000000000623       0x34 ./Drivers/STM32F4xx_HAL_Driver/Src/stm32f4xx_hal_tim_ex.o
 .ARM.attributes
                0x0000000000000657       0x34 ./Drivers/STM32F4xx_HAL_Driver/Src/stm32f4xx_hal_uart.o
 .ARM.attributes
                0x000000000000068b       0x34 ./FATFS/App/fatfs.o
 .ARM.attributes
                0x00000000000006bf       0x34 ./FATFS/Target/user_diskio.o
 .ARM.attributes
                0x00000000000006f3       0x34 ./Middlewares/Third_Party/FatFs/src/diskio.o
 .ARM.attributes
                0x0000000000000727       0x34 ./Middlewares/Third_Party/FatFs/src/ff.o
 .ARM.attributes
                0x000000000000075b       0x34 ./Middlewares/Third_Party/FatFs/src/ff_gen_drv.o
 .ARM.attributes
                0x000000000000078f       0x34 d:/program files/stm32cubeide_1.11.2/stm32cubeide/plugins/com.st.stm32cube.ide.mcu.externaltools.gnu-tools-for-stm32.10.3-2021.10.win32_1.0.200.202301161003/tools/bin/../lib/gcc/arm-none-eabi/10.3.1/../../../../arm-none-eabi/lib/thumb/v7e-m+fp/hard\libc_nano.a(lib_a-atoi.o)
 .ARM.attributes
                0x00000000000007c3       0x34 d:/program files/stm32cubeide_1.11.2/stm32cubeide/plugins/com.st.stm32cube.ide.mcu.externaltools.gnu-tools-for-stm32.10.3-2021.10.win32_1.0.200.202301161003/tools/bin/../lib/gcc/arm-none-eabi/10.3.1/../../../../arm-none-eabi/lib/thumb/v7e-m+fp/hard\libc_nano.a(lib_a-errno.o)
 .ARM.attributes
                0x00000000000007f7       0x34 d:/program files/stm32cubeide_1.11.2/stm32cubeide/plugins/com.st.stm32cube.ide.mcu.externaltools.gnu-tools-for-stm32.10.3-2021.10.win32_1.0.200.202301161003/tools/bin/../lib/gcc/arm-none-eabi/10.3.1/../../../../arm-none-eabi/lib/thumb/v7e-m+fp/hard\libc_nano.a(lib_a-impure.o)
 .ARM.attributes
                0x000000000000082b       0x34 d:/program files/stm32cubeide_1.11.2/stm32cubeide/plugins/com.st.stm32cube.ide.mcu.externaltools.gnu-tools-for-stm32.10.3-2021.10.win32_1.0.200.202301161003/tools/bin/../lib/gcc/arm-none-eabi/10.3.1/../../../../arm-none-eabi/lib/thumb/v7e-m+fp/hard\libc_nano.a(lib_a-init.o)
 .ARM.attributes
                0x000000000000085f       0x34 d:/program files/stm32cubeide_1.11.2/stm32cubeide/plugins/com.st.stm32cube.ide.mcu.externaltools.gnu-tools-for-stm32.10.3-2021.10.win32_1.0.200.202301161003/tools/bin/../lib/gcc/arm-none-eabi/10.3.1/../../../../arm-none-eabi/lib/thumb/v7e-m+fp/hard\libc_nano.a(lib_a-itoa.o)
 .ARM.attributes
                0x0000000000000893       0x34 d:/program files/stm32cubeide_1.11.2/stm32cubeide/plugins/com.st.stm32cube.ide.mcu.externaltools.gnu-tools-for-stm32.10.3-2021.10.win32_1.0.200.202301161003/tools/bin/../lib/gcc/arm-none-eabi/10.3.1/../../../../arm-none-eabi/lib/thumb/v7e-m+fp/hard\libc_nano.a(lib_a-malloc.o)
 .ARM.attributes
                0x00000000000008c7       0x34 d:/program files/stm32cubeide_1.11.2/stm32cubeide/plugins/com.st.stm32cube.ide.mcu.externaltools.gnu-tools-for-stm32.10.3-2021.10.win32_1.0.200.202301161003/tools/bin/../lib/gcc/arm-none-eabi/10.3.1/../../../../arm-none-eabi/lib/thumb/v7e-m+fp/hard\libc_nano.a(lib_a-memset.o)
 .ARM.attributes
                0x00000000000008fb       0x34 d:/program files/stm32cubeide_1.11.2/stm32cubeide/plugins/com.st.stm32cube.ide.mcu.externaltools.gnu-tools-for-stm32.10.3-2021.10.win32_1.0.200.202301161003/tools/bin/../lib/gcc/arm-none-eabi/10.3.1/../../../../arm-none-eabi/lib/thumb/v7e-m+fp/hard\libc_nano.a(lib_a-nano-freer.o)
 .ARM.attributes
                0x000000000000092f       0x34 d:/program files/stm32cubeide_1.11.2/stm32cubeide/plugins/com.st.stm32cube.ide.mcu.externaltools.gnu-tools-for-stm32.10.3-2021.10.win32_1.0.200.202301161003/tools/bin/../lib/gcc/arm-none-eabi/10.3.1/../../../../arm-none-eabi/lib/thumb/v7e-m+fp/hard\libc_nano.a(lib_a-nano-mallocr.o)
 .ARM.attributes
                0x0000000000000963       0x34 d:/program files/stm32cubeide_1.11.2/stm32cubeide/plugins/com.st.stm32cube.ide.mcu.externaltools.gnu-tools-for-stm32.10.3-2021.10.win32_1.0.200.202301161003/tools/bin/../lib/gcc/arm-none-eabi/10.3.1/../../../../arm-none-eabi/lib/thumb/v7e-m+fp/hard\libc_nano.a(lib_a-sbrkr.o)
 .ARM.attributes
                0x0000000000000997       0x34 d:/program files/stm32cubeide_1.11.2/stm32cubeide/plugins/com.st.stm32cube.ide.mcu.externaltools.gnu-tools-for-stm32.10.3-2021.10.win32_1.0.200.202301161003/tools/bin/../lib/gcc/arm-none-eabi/10.3.1/../../../../arm-none-eabi/lib/thumb/v7e-m+fp/hard\libc_nano.a(lib_a-strtol.o)
 .ARM.attributes
                0x00000000000009cb       0x34 d:/program files/stm32cubeide_1.11.2/stm32cubeide/plugins/com.st.stm32cube.ide.mcu.externaltools.gnu-tools-for-stm32.10.3-2021.10.win32_1.0.200.202301161003/tools/bin/../lib/gcc/arm-none-eabi/10.3.1/../../../../arm-none-eabi/lib/thumb/v7e-m+fp/hard\libc_nano.a(lib_a-utoa.o)
 .ARM.attributes
                0x00000000000009ff       0x34 d:/program files/stm32cubeide_1.11.2/stm32cubeide/plugins/com.st.stm32cube.ide.mcu.externaltools.gnu-tools-for-stm32.10.3-2021.10.win32_1.0.200.202301161003/tools/bin/../lib/gcc/arm-none-eabi/10.3.1/../../../../arm-none-eabi/lib/thumb/v7e-m+fp/hard\libc_nano.a(lib_a-ctype_.o)
 .ARM.attributes
                0x0000000000000a33       0x34 d:/program files/stm32cubeide_1.11.2/stm32cubeide/plugins/com.st.stm32cube.ide.mcu.externaltools.gnu-tools-for-stm32.10.3-2021.10.win32_1.0.200.202301161003/tools/bin/../lib/gcc/arm-none-eabi/10.3.1/../../../../arm-none-eabi/lib/thumb/v7e-m+fp/hard\libc_nano.a(lib_a-mlock.o)
 .ARM.attributes
                0x0000000000000a67       0x34 d:/program files/stm32cubeide_1.11.2/stm32cubeide/plugins/com.st.stm32cube.ide.mcu.externaltools.gnu-tools-for-stm32.10.3-2021.10.win32_1.0.200.202301161003/tools/bin/../lib/gcc/arm-none-eabi/10.3.1/../../../../arm-none-eabi/lib/thumb/v7e-m+fp/hard\libc_nano.a(lib_a-reent.o)
 .ARM.attributes
                0x0000000000000a9b       0x34 d:/program files/stm32cubeide_1.11.2/stm32cubeide/plugins/com.st.stm32cube.ide.mcu.externaltools.gnu-tools-for-stm32.10.3-2021.10.win32_1.0.200.202301161003/tools/bin/../lib/gcc/arm-none-eabi/10.3.1/../../../../arm-none-eabi/lib/thumb/v7e-m+fp/hard\libc_nano.a(lib_a-lock.o)
 .ARM.attributes
                0x0000000000000acf       0x34 d:/program files/stm32cubeide_1.11.2/stm32cubeide/plugins/com.st.stm32cube.ide.mcu.externaltools.gnu-tools-for-stm32.10.3-2021.10.win32_1.0.200.202301161003/tools/bin/../lib/gcc/arm-none-eabi/10.3.1/../../../../arm-none-eabi/lib/thumb/v7e-m+fp/hard\libm.a(lib_a-s_cos.o)
 .ARM.attributes
                0x0000000000000b03       0x34 d:/program files/stm32cubeide_1.11.2/stm32cubeide/plugins/com.st.stm32cube.ide.mcu.externaltools.gnu-tools-for-stm32.10.3-2021.10.win32_1.0.200.202301161003/tools/bin/../lib/gcc/arm-none-eabi/10.3.1/../../../../arm-none-eabi/lib/thumb/v7e-m+fp/hard\libm.a(lib_a-s_round.o)
 .ARM.attributes
                0x0000000000000b37       0x34 d:/program files/stm32cubeide_1.11.2/stm32cubeide/plugins/com.st.stm32cube.ide.mcu.externaltools.gnu-tools-for-stm32.10.3-2021.10.win32_1.0.200.202301161003/tools/bin/../lib/gcc/arm-none-eabi/10.3.1/../../../../arm-none-eabi/lib/thumb/v7e-m+fp/hard\libm.a(lib_a-s_sin.o)
 .ARM.attributes
                0x0000000000000b6b       0x34 d:/program files/stm32cubeide_1.11.2/stm32cubeide/plugins/com.st.stm32cube.ide.mcu.externaltools.gnu-tools-for-stm32.10.3-2021.10.win32_1.0.200.202301161003/tools/bin/../lib/gcc/arm-none-eabi/10.3.1/../../../../arm-none-eabi/lib/thumb/v7e-m+fp/hard\libm.a(lib_a-e_rem_pio2.o)
 .ARM.attributes
                0x0000000000000b9f       0x34 d:/program files/stm32cubeide_1.11.2/stm32cubeide/plugins/com.st.stm32cube.ide.mcu.externaltools.gnu-tools-for-stm32.10.3-2021.10.win32_1.0.200.202301161003/tools/bin/../lib/gcc/arm-none-eabi/10.3.1/../../../../arm-none-eabi/lib/thumb/v7e-m+fp/hard\libm.a(lib_a-k_cos.o)
 .ARM.attributes
                0x0000000000000bd3       0x34 d:/program files/stm32cubeide_1.11.2/stm32cubeide/plugins/com.st.stm32cube.ide.mcu.externaltools.gnu-tools-for-stm32.10.3-2021.10.win32_1.0.200.202301161003/tools/bin/../lib/gcc/arm-none-eabi/10.3.1/../../../../arm-none-eabi/lib/thumb/v7e-m+fp/hard\libm.a(lib_a-k_rem_pio2.o)
 .ARM.attributes
                0x0000000000000c07       0x34 d:/program files/stm32cubeide_1.11.2/stm32cubeide/plugins/com.st.stm32cube.ide.mcu.externaltools.gnu-tools-for-stm32.10.3-2021.10.win32_1.0.200.202301161003/tools/bin/../lib/gcc/arm-none-eabi/10.3.1/../../../../arm-none-eabi/lib/thumb/v7e-m+fp/hard\libm.a(lib_a-k_sin.o)
 .ARM.attributes
                0x0000000000000c3b       0x34 d:/program files/stm32cubeide_1.11.2/stm32cubeide/plugins/com.st.stm32cube.ide.mcu.externaltools.gnu-tools-for-stm32.10.3-2021.10.win32_1.0.200.202301161003/tools/bin/../lib/gcc/arm-none-eabi/10.3.1/../../../../arm-none-eabi/lib/thumb/v7e-m+fp/hard\libm.a(lib_a-s_fabs.o)
 .ARM.attributes
                0x0000000000000c6f       0x34 d:/program files/stm32cubeide_1.11.2/stm32cubeide/plugins/com.st.stm32cube.ide.mcu.externaltools.gnu-tools-for-stm32.10.3-2021.10.win32_1.0.200.202301161003/tools/bin/../lib/gcc/arm-none-eabi/10.3.1/../../../../arm-none-eabi/lib/thumb/v7e-m+fp/hard\libm.a(lib_a-s_floor.o)
 .ARM.attributes
                0x0000000000000ca3       0x34 d:/program files/stm32cubeide_1.11.2/stm32cubeide/plugins/com.st.stm32cube.ide.mcu.externaltools.gnu-tools-for-stm32.10.3-2021.10.win32_1.0.200.202301161003/tools/bin/../lib/gcc/arm-none-eabi/10.3.1/../../../../arm-none-eabi/lib/thumb/v7e-m+fp/hard\libm.a(lib_a-s_scalbn.o)
 .ARM.attributes
                0x0000000000000cd7       0x1e d:/program files/stm32cubeide_1.11.2/stm32cubeide/plugins/com.st.stm32cube.ide.mcu.externaltools.gnu-tools-for-stm32.10.3-2021.10.win32_1.0.200.202301161003/tools/bin/../lib/gcc/arm-none-eabi/10.3.1/thumb/v7e-m+fp/hard\libgcc.a(_arm_addsubdf3.o)
 .ARM.attributes
                0x0000000000000cf5       0x1e d:/program files/stm32cubeide_1.11.2/stm32cubeide/plugins/com.st.stm32cube.ide.mcu.externaltools.gnu-tools-for-stm32.10.3-2021.10.win32_1.0.200.202301161003/tools/bin/../lib/gcc/arm-none-eabi/10.3.1/thumb/v7e-m+fp/hard\libgcc.a(_arm_muldivdf3.o)
 .ARM.attributes
                0x0000000000000d13       0x1e d:/program files/stm32cubeide_1.11.2/stm32cubeide/plugins/com.st.stm32cube.ide.mcu.externaltools.gnu-tools-for-stm32.10.3-2021.10.win32_1.0.200.202301161003/tools/bin/../lib/gcc/arm-none-eabi/10.3.1/thumb/v7e-m+fp/hard\libgcc.a(_arm_cmpdf2.o)
 .ARM.attributes
                0x0000000000000d31       0x1e d:/program files/stm32cubeide_1.11.2/stm32cubeide/plugins/com.st.stm32cube.ide.mcu.externaltools.gnu-tools-for-stm32.10.3-2021.10.win32_1.0.200.202301161003/tools/bin/../lib/gcc/arm-none-eabi/10.3.1/thumb/v7e-m+fp/hard\libgcc.a(_arm_fixdfsi.o)
 .ARM.attributes
                0x0000000000000d4f       0x1e d:/program files/stm32cubeide_1.11.2/stm32cubeide/plugins/com.st.stm32cube.ide.mcu.externaltools.gnu-tools-for-stm32.10.3-2021.10.win32_1.0.200.202301161003/tools/bin/../lib/gcc/arm-none-eabi/10.3.1/thumb/v7e-m+fp/hard\libgcc.a(_arm_truncdfsf2.o)
 .ARM.attributes